02-12 21:49:02.998 W/WBX_TEAMS(27295): [RetryingDns] RetryingDns.kt::24 lookup:Failed lookup (attempt: 3/5). java.net.UnknownHostException: Unable to resolve host "reachable.webex.com": No address associated with hostname
02-12 21:49:02.999 D/NetdEventListenerService( 2494): DNS Requested by 222, 10617(com.cisco.wx2.android), 4(FAIL), isBlocked=true, 0ms
02-12 21:49:03.011 I/sensors-hal( 2042): handle_sns_std_sensor_event:436, [SSC_LIGHT] P: 29(29),m:13,c:2,b:33,c0:1632,l:29,f(r):83,u(bl):100,j:24
02-12 21:49:03.012 I/sensors-hal( 2042): handle_sns_client_event:574, [0][245451] accel_sample [ 0.280,  0.177,  9.909] 591650327142340
02-12 21:49:03.024 D/OverlayService( 5517): Watchdog: Drift detected! Dist=752.0, Threshold=67.5. Snapping back to anchor.
02-12 21:49:03.027 D/KeyboardManager( 5517): adjustPositionForKeyboard: screenHeight=2340, keyboardHeight=995, buttonSize=135, margin=202
02-12 21:49:03.029 D/KeyboardManager( 5517): adjustPositionForKeyboard: keyboardTop=1345, safeZoneY=1008, statusBarHeight=74, minY=74
02-12 21:49:03.029 D/KeyboardManager( 5517): adjustPositionForKeyboard: FINAL - currentY=1008, safeZoneY=1008, newY=1008, willMove=false
02-12 21:49:03.040 I/WindowManager( 2494): Relayout Window{bc2c387 u0 ch.heuscher.safe_home_button}: viewVisibility=0 req=135x135 ty=2038 d0
02-12 21:49:03.040 I/BLASTBufferQueue_Java( 5517): update, w= 135 h= 135 mName = VRI[]@3601014 mNativeObject= 0xb40000712cf5c000 sc.mNativeObject= 0xb4000071775a9800 format= -3 caller= android.view.ViewRootImpl.updateBlastSurfaceIfNeeded:3574 android.view.ViewRootImpl.relayoutWindow:11685 android.view.ViewRootImpl.performTraversals:4804 android.view.ViewRootImpl.doTraversal:3924 android.view.ViewRootImpl$TraversalRunnable.run:12903 android.view.Choreographer$CallbackRecord.run:1901 
02-12 21:49:03.040 D/SemWifiSwitchForIndividualAppsService( 2494): isSkipNetworkCondition - result:2
02-12 21:49:03.040 I/VRI[]@3601014( 5517): Relayout returned: old=(814,1008,949,1143) new=(814,1760,949,1895) relayoutAsync=true req=(135,135)0 dur=0 res=0x0 s={true 0xb4000071357dfc00} ch=false seqId=0
02-12 21:49:03.041 D/SurfaceComposerClient( 2494): setCornerRadius ## e5c1805 ch.threema.app/ch.threema.app.activities.ComposeMessageActivity#29705 cornerRadius=0.000000
02-12 21:49:03.042 I/VRI[]@3601014( 5517): registerCallbackForPendingTransactions
02-12 21:49:03.042 D/SurfaceComposerClient( 2494): setCornerRadius ## e5c1805 ch.threema.app/ch.threema.app.activities.ComposeMessageActivity#29705 cornerRadius=0.000000
02-12 21:49:03.046 I/WindowManager( 2494): Relayout hash=bc2c387, pid=0, syncId=-1: mAttrs={(814,1760)(135x135) gr=TOP LEFT CENTER sim={adjust=pan} layoutInDisplayCutoutMode=shortEdges ty=APPLICATION_OVERLAY fmt=TRANSLUCENT
02-12 21:49:03.046 I/WindowManager( 2494):   fl=1040228
02-12 21:49:03.046 I/WindowManager( 2494):   pfl=10000000
02-12 21:49:03.046 I/WindowManager( 2494):   bhv=1
02-12 21:49:03.046 I/WindowManager( 2494):   frameRateBoostOnTouch=true
02-12 21:49:03.046 I/WindowManager( 2494):   dvrrWindowFrameRateHint=true naviIconColor=0}
02-12 21:49:03.047 I/VRI[]@3601014( 5517): mWNT: t=0xb40000713b5a6500 mBlastBufferQueue=0xb40000712cf5c000 fn= 490 HdrRenderState mRenderHdrSdrRatio=1.0 caller= android.view.ViewRootImpl$10.onFrameDraw:6536 android.view.ViewRootImpl$4.onFrameDraw:2489 android.view.ThreadedRenderer$1.onFrameDraw:718 
02-12 21:49:03.064 I/WindowManager( 2494): Relayout Window{f9ce0b7 u0 ch.heuscher.safe_home_button}: viewVisibility=8 req=1080x2131 ty=2038 d0
02-12 21:49:03.064 E/WindowManager( 2494): win=Window{f9ce0b7 u0 ch.heuscher.safe_home_button} destroySurfaces: appStopped=true cleanupOnResume=false win.mWindowRemovalAllowed=false win.mRemoveOnExit=false win.mViewVisibility=8 caller=com.android.server.wm.WindowManagerService.tryStartExitingAnimation:134 com.android.server.wm.WindowManagerService.relayoutWindow:1138 com.android.server.wm.Session.relayout:27 android.view.IWindowSession$Stub.onTransact:829 com.android.server.wm.Session.onTransact:1 android.os.Binder.execTransactInternal:1457 android.os.Binder.execTransact:1401 
02-12 21:49:03.065 D/SurfaceComposerClient( 2494): setCornerRadius ## e5c1805 ch.threema.app/ch.threema.app.activities.ComposeMessageActivity#29705 cornerRadius=0.000000
02-12 21:49:03.066 D/SurfaceComposerClient( 2494): setCornerRadius ## e5c1805 ch.threema.app/ch.threema.app.activities.ComposeMessageActivity#29705 cornerRadius=0.000000
02-12 21:49:03.068 I/WindowManager( 2494): Relayout hash=f9ce0b7, pid=5517, syncId=-1: mAttrs={(0,0)(fillxfill) gr=TOP LEFT CENTER sim={adjust=pan} ty=APPLICATION_OVERLAY fmt=TRANSLUCENT alpha=0.8
02-12 21:49:03.068 I/WindowManager( 2494):   fl=1000318
02-12 21:49:03.068 I/WindowManager( 2494):   bhv=1
02-12 21:49:03.068 I/WindowManager( 2494):   fitTypes=206
02-12 21:49:03.068 I/WindowManager( 2494):   frameRateBoostOnTouch=true
02-12 21:49:03.068 I/WindowManager( 2494):   dvrrWindowFrameRateHint=true naviIconColor=0}
02-12 21:49:03.072 I/SurfaceFlinger( 2224): [LayerHierarchy{RequestedLayerState{$_5517#31325} no children}] reparent to OffscreenRoot
02-12 21:49:03.072 I/SurfaceFlinger( 2224): [LayerHierarchy{RequestedLayerState{$_5517#31325} no children}] RelativeParent to null
02-12 21:49:03.072 I/VRI[]@a984125( 5517): Relayout returned: old=(0,74,1080,2205) new=(0,74,1080,2205) relayoutAsync=false req=(1080,2131)8 dur=7 res=0x2 s={false 0x0} ch=true seqId=0
02-12 21:49:03.073 D/VRI[]@a984125( 5517): Not drawing due to not visible. Reason=View.GONE
02-12 21:49:03.075 I/SurfaceFlinger( 2224): id=31325 Removed $_5517#31325 (278)
02-12 21:49:03.082 D/SurfaceFlinger( 2224): Display 4630947118961383299 HWC layers:
02-12 21:49:03.082 D/SurfaceFlinger( 2224):        DEVICE |           43473658970296 | 00002102 | RGBA_8888    |    0.0    0.0 1080.0 2340.0 |    0    0 1080 2340 | ch.threema.app/ch.threema.app.activities.ComposeMessageActivity$_10122#30362 (5850)
02-12 21:49:03.082 D/SurfaceFlinger( 2224):        DEVICE |           31318901523327 | 00002100 | RGBA_8888    |    0.0    0.0 1080.0 2266.0 |    0   74 1080 2340 | InputMethod$_7292#30364 (295)
02-12 21:49:03.082 D/SurfaceFlinger( 2224):        DEVICE |           23695334572043 | 00002100 | RGBA_8888    |    0.0    0.0  135.0  135.0 |  814 1760  949 1895 | $_5517#31081 (490)
02-12 21:49:03.082 D/SurfaceFlinger( 2224):        DEVICE |           19954418073729 | 00002100 | RGBA_8888    |    0.0    0.0 1080.0   74.0 |    0    0 1080   74 | StatusBar$_4646#107 (42132)
02-12 21:49:03.082 D/SurfaceFlinger( 2224):        DEVICE |           19954418073725 | 00002100 | RGBA_8888    |    0.0    0.0 1080.0  135.0 |    0 2205 1080 2340 | NavigationBar0$_4646#103 (6896)
02-12 21:49:03.082 D/SurfaceFlinger( 2224): 
02-12 21:49:03.088 I/SurfaceFlinger( 2224): destroyed $_5517#31325 form LifecycleManager
02-12 21:49:03.088 I/SurfaceFlinger( 2224): id=31325 onLayerDestroyed from LayerHierarchyBuilder(RequestedLayerState{$_5517#31325 !handle})
02-12 21:49:03.089 I/Layer   ( 2224): id=31325 Destroyed $_5517#31325
02-12 21:49:03.122 D/KeyboardManager( 5517): adjustPositionForKeyboard: screenHeight=2340, keyboardHeight=995, buttonSize=135, margin=202
02-12 21:49:03.124 D/KeyboardManager( 5517): adjustPositionForKeyboard: keyboardTop=1345, safeZoneY=1008, statusBarHeight=74, minY=74
02-12 21:49:03.125 D/KeyboardManager( 5517): adjustPositionForKeyboard: FINAL - currentY=1760, safeZoneY=1008, newY=1008, willMove=true
02-12 21:49:03.125 I/KeyboardManager( 5517): POSITION_CHANGE: reason=KEYBOARD_SHOW, pre_position=(814, 1760), post_position=(814, 1008)
02-12 21:49:03.140 I/WindowManager( 2494): Relayout Window{bc2c387 u0 ch.heuscher.safe_home_button}: viewVisibility=0 req=135x135 ty=2038 d0
02-12 21:49:03.140 I/BLASTBufferQueue_Java( 5517): update, w= 135 h= 135 mName = VRI[]@3601014 mNativeObject= 0xb40000712cf5c000 sc.mNativeObject= 0xb4000071775a9800 format= -3 caller= android.view.ViewRootImpl.updateBlastSurfaceIfNeeded:3574 android.view.ViewRootImpl.relayoutWindow:11685 android.view.ViewRootImpl.performTraversals:4804 android.view.ViewRootImpl.doTraversal:3924 android.view.ViewRootImpl$TraversalRunnable.run:12903 android.view.Choreographer$CallbackRecord.run:1901 
02-12 21:49:03.141 I/VRI[]@3601014( 5517): Relayout returned: old=(814,1760,949,1895) new=(814,1008,949,1143) relayoutAsync=true req=(135,135)0 dur=0 res=0x0 s={true 0xb4000071357dfc00} ch=false seqId=0
02-12 21:49:03.141 D/SurfaceComposerClient( 2494): setCornerRadius ## e5c1805 ch.threema.app/ch.threema.app.activities.ComposeMessageActivity#29705 cornerRadius=0.000000
02-12 21:49:03.142 I/VRI[]@3601014( 5517): registerCallbackForPendingTransactions
02-12 21:49:03.142 D/SurfaceComposerClient( 2494): setCornerRadius ## e5c1805 ch.threema.app/ch.threema.app.activities.ComposeMessageActivity#29705 cornerRadius=0.000000
02-12 21:49:03.145 I/VRI[]@3601014( 5517): mWNT: t=0xb4000070d8161080 mBlastBufferQueue=0xb40000712cf5c000 fn= 491 HdrRenderState mRenderHdrSdrRatio=1.0 caller= android.view.ViewRootImpl$10.onFrameDraw:6536 android.view.ViewRootImpl$4.onFrameDraw:2489 android.view.ThreadedRenderer$1.onFrameDraw:718 
02-12 21:49:03.145 I/WindowManager( 2494): Relayout Window{f9ce0b7 u0 ch.heuscher.safe_home_button}: viewVisibility=0 req=1080x2131 ty=2038 d0
02-12 21:49:03.145 I/WindowManager( 2494): Relayout hash=bc2c387, pid=0, syncId=-1: mAttrs={(814,1008)(135x135) gr=TOP LEFT CENTER sim={adjust=pan} layoutInDisplayCutoutMode=shortEdges ty=APPLICATION_OVERLAY fmt=TRANSLUCENT
02-12 21:49:03.145 I/WindowManager( 2494):   fl=1040228
02-12 21:49:03.145 I/WindowManager( 2494):   pfl=10000000
02-12 21:49:03.145 I/WindowManager( 2494):   bhv=1
02-12 21:49:03.145 I/WindowManager( 2494):   frameRateBoostOnTouch=true
02-12 21:49:03.145 I/WindowManager( 2494):   dvrrWindowFrameRateHint=true naviIconColor=0}
02-12 21:49:03.146 I/SurfaceFlinger( 2224): id=31326 createSurf, flag=44004, $_5517#31326
02-12 21:49:03.146 D/WindowManager( 2494): makeSurface duration=1 name=$_5517
02-12 21:49:03.146 D/SurfaceComposerClient( 2494): setCornerRadius ## e5c1805 ch.threema.app/ch.threema.app.activities.ComposeMessageActivity#29705 cornerRadius=0.000000
02-12 21:49:03.147 D/SurfaceComposerClient( 2494): setCornerRadius ## e5c1805 ch.threema.app/ch.threema.app.activities.ComposeMessageActivity#29705 cornerRadius=0.000000
02-12 21:49:03.151 I/WindowManager( 2494): Relayout hash=f9ce0b7, pid=5517, syncId=-1: mAttrs={(0,0)(fillxfill) gr=TOP LEFT CENTER sim={adjust=pan} ty=APPLICATION_OVERLAY fmt=TRANSLUCENT alpha=0.8
02-12 21:49:03.151 I/WindowManager( 2494):   fl=1000318
02-12 21:49:03.151 I/WindowManager( 2494):   bhv=1
02-12 21:49:03.151 I/WindowManager( 2494):   fitTypes=206
02-12 21:49:03.151 I/WindowManager( 2494):   frameRateBoostOnTouch=true
02-12 21:49:03.151 I/WindowManager( 2494):   dvrrWindowFrameRateHint=true naviIconColor=0}
02-12 21:49:03.154 W/libc    ( 5517): Access denied finding property "vendor.display.enable_optimal_refresh_rate"
02-12 21:49:03.154 I/BufferQueueProducer( 5517): [](id:158d000000f7,api:0,p:0,c:5517) setDequeueTimeout:2077252342
02-12 21:49:03.155 I/SurfaceFlinger( 2224): [$_5517#31326] attach to parent LayerHierarchy{RequestedLayerState{f9ce0b7 ch.heuscher.safe_home_button#31075 parentId=31074} 1 children}
02-12 21:49:03.156 I/BLASTBufferQueue_Java( 5517): new BLASTBufferQueue, mName= VRI[]@a984125 mNativeObject= 0xb40000712cf27000 caller= android.view.ViewRootImpl.updateBlastSurfaceIfNeeded:3585 android.view.ViewRootImpl.relayoutWindow:11685 android.view.ViewRootImpl.performTraversals:4804 android.view.ViewRootImpl.doTraversal:3924 android.view.ViewRootImpl$TraversalRunnable.run:12903 android.view.Choreographer$CallbackRecord.run:1901 android.view.Choreographer$CallbackRecord.run:1910 android.view.Choreographer.doCallbacks:1367 android.view.Choreographer.doFrame:1292 android.view.Choreographer$FrameDisplayEventReceiver.run:1870 
02-12 21:49:03.157 I/BLASTBufferQueue_Java( 5517): update, w= 1080 h= 2131 mName = VRI[]@a984125 mNativeObject= 0xb40000712cf27000 sc.mNativeObject= 0xb40000713b4d99c0 format= -3 caller= android.view.ViewRootImpl.updateBlastSurfaceIfNeeded:3590 android.view.ViewRootImpl.relayoutWindow:11685 android.view.ViewRootImpl.performTraversals:4804 android.view.ViewRootImpl.doTraversal:3924 android.view.ViewRootImpl$TraversalRunnable.run:12903 android.view.Choreographer$CallbackRecord.run:1901 
02-12 21:49:03.159 W/libc    ( 5517): Access denied finding property "vendor.display.enable_optimal_refresh_rate"
02-12 21:49:03.160 I/VRI[]@a984125( 5517): Relayout returned: old=(0,74,1080,2205) new=(0,74,1080,2205) relayoutAsync=false req=(1080,2131)0 dur=8 res=0x3 s={true 0xb40000713b2c8d00} ch=true seqId=0
02-12 21:49:03.161 D/VRI[]@a984125( 5517): mThreadedRenderer.initialize() mSurface={isValid=true 0xb40000713b2c8d00} hwInitialized=true
02-12 21:49:03.164 D/VRI[]@a984125( 5517): reportNextDraw android.view.ViewRootImpl.performTraversals:5443 android.view.ViewRootImpl.doTraversal:3924 android.view.ViewRootImpl$TraversalRunnable.run:12903 android.view.Choreographer$CallbackRecord.run:1901 android.view.Choreographer$CallbackRecord.run:1910 
02-12 21:49:03.165 D/VRI[]@a984125( 5517): Setup new sync=wmsSync-VRI[]@a984125#94
02-12 21:49:03.165 I/VRI[]@a984125( 5517): Creating new active sync group VRI[]@a984125#95
02-12 21:49:03.165 D/VRI[]@a984125( 5517): Start draw after previous draw not visible
02-12 21:49:03.166 D/VRI[]@a984125( 5517): registerCallbacksForSync syncBuffer=false
02-12 21:49:03.167 D/VRI[]@a984125( 5517): Received frameDrawingCallback syncResult=0 frameNum=1.
02-12 21:49:03.167 I/VRI[]@a984125( 5517): mWNT: t=0xb4000070d814c600 mBlastBufferQueue=0xb40000712cf27000 fn= 1 HdrRenderState mRenderHdrSdrRatio=1.0 caller= android.view.ViewRootImpl$12.onFrameDraw:15441 android.view.ThreadedRenderer$1.onFrameDraw:718 <bottom of call stack> 
02-12 21:49:03.168 I/VRI[]@a984125( 5517): Setting up sync and frameCommitCallback
02-12 21:49:03.169 I/BLASTBufferQueue( 5517): [VRI[]@a984125#247](f:0,a:0,s:0) onFrameAvailable the first frame is available
02-12 21:49:03.169 I/SurfaceComposerClient( 5517): apply transaction with the first frame. layerId: 31326, bufferData(ID: 23695334573020, frameNumber: 1)
02-12 21:49:03.170 I/VRI[]@a984125( 5517): Received frameCommittedCallback lastAttemptedDrawFrameNum=1 didProduceBuffer=true
02-12 21:49:03.170 I/SurfaceFlinger( 2224): [$_5517#31326] setTransactionState with the first frame. bufferData(ID: 23695334573020, frameNumber: 1)
02-12 21:49:03.171 D/VRI[]@a984125( 5517): reportDrawFinished seqId=0
02-12 21:49:03.172 D/WindowManager( 2494): finishDrawingWindow: Window{f9ce0b7 u0 ch.heuscher.safe_home_button} mDrawState=DRAW_PENDING seqId=0
02-12 21:49:03.173 D/SurfaceComposerClient( 2494): setCornerRadius ## e5c1805 ch.threema.app/ch.threema.app.activities.ComposeMessageActivity#29705 cornerRadius=0.000000
02-12 21:49:03.174 V/WindowManager( 2494): performShowLocked: mDrawState=HAS_DRAWN in Window{f9ce0b7 u0 ch.heuscher.safe_home_button}
02-12 21:49:03.174 D/SurfaceComposerClient( 2494): setCornerRadius ## e5c1805 ch.threema.app/ch.threema.app.activities.ComposeMessageActivity#29705 cornerRadius=0.000000
02-12 21:49:03.205 D/KeyboardManager( 5517): adjustPositionForKeyboard: screenHeight=2340, keyboardHeight=995, buttonSize=135, margin=202
02-12 21:49:03.205 I/SurfaceFlinger( 2224): RequestedLayer [$_5517#31326] hidden!! flag  from(1) --> to(0)
02-12 21:49:03.206 D/KeyboardManager( 5517): adjustPositionForKeyboard: keyboardTop=1345, safeZoneY=1008, statusBarHeight=74, minY=74
02-12 21:49:03.206 D/KeyboardManager( 5517): adjustPositionForKeyboard: FINAL - currentY=1008, safeZoneY=1008, newY=1008, willMove=false
02-12 21:49:03.215 D/SurfaceFlinger( 2224): Display 4630947118961383299 HWC layers:
02-12 21:49:03.215 D/SurfaceFlinger( 2224):        DEVICE |           43473658970296 | 00002102 | RGBA_8888    |    0.0    0.0 1080.0 2340.0 |    0    0 1080 2340 | ch.threema.app/ch.threema.app.activities.ComposeMessageActivity$_10122#30362 (5850)
02-12 21:49:03.215 D/SurfaceFlinger( 2224):        DEVICE |           31318901523327 | 00002100 | RGBA_8888    |    0.0    0.0 1080.0 2266.0 |    0   74 1080 2340 | InputMethod$_7292#30364 (295)
02-12 21:49:03.215 D/SurfaceFlinger( 2224):        DEVICE |           23695334573020 | 00002100 | RGBA_8888    |    0.0    0.0 1080.0 2131.0 |    0   74 1080 2205 | $_5517#31326 (1)
02-12 21:49:03.215 D/SurfaceFlinger( 2224):        DEVICE |           23695334572041 | 00002100 | RGBA_8888    |    0.0    0.0  135.0  135.0 |  814 1008  949 1143 | $_5517#31081 (491)
02-12 21:49:03.215 D/SurfaceFlinger( 2224):        DEVICE |           19954418073729 | 00002100 | RGBA_8888    |    0.0    0.0 1080.0   74.0 |    0    0 1080   74 | StatusBar$_4646#107 (42132)
02-12 21:49:03.215 D/SurfaceFlinger( 2224):        DEVICE |           19954418073725 | 00002100 | RGBA_8888    |    0.0    0.0 1080.0  135.0 |    0 2205 1080 2340 | NavigationBar0$_4646#103 (6896)
02-12 21:49:03.215 D/SurfaceFlinger( 2224): 
02-12 21:49:03.328 D/KeyboardManager( 5517): adjustPositionForKeyboard: screenHeight=2340, keyboardHeight=995, buttonSize=135, margin=202
02-12 21:49:03.330 D/KeyboardManager( 5517): adjustPositionForKeyboard: keyboardTop=1345, safeZoneY=1008, statusBarHeight=74, minY=74
02-12 21:49:03.330 D/KeyboardManager( 5517): adjustPositionForKeyboard: FINAL - currentY=1008, safeZoneY=1008, newY=1008, willMove=false
02-12 21:49:03.425 D/KeyboardManager( 5517): adjustPositionForKeyboard: screenHeight=2340, keyboardHeight=995, buttonSize=135, margin=202
02-12 21:49:03.427 D/KeyboardManager( 5517): adjustPositionForKeyboard: keyboardTop=1345, safeZoneY=1008, statusBarHeight=74, minY=74
02-12 21:49:03.427 D/KeyboardManager( 5517): adjustPositionForKeyboard: FINAL - currentY=1008, safeZoneY=1008, newY=1008, willMove=false
02-12 21:49:03.475 D/io_stats( 1151): !@   8,0 r 63265404 775509754 w 12514335 171117628 d 1388107 268519036 f 405161 1595080 iot 17661808 0 th 0 0 0 pt 0 inp 0 0 228513.681
02-12 21:49:03.523 D/KeyboardManager( 5517): adjustPositionForKeyboard: screenHeight=2340, keyboardHeight=995, buttonSize=135, margin=202
02-12 21:49:03.525 D/KeyboardManager( 5517): adjustPositionForKeyboard: keyboardTop=1345, safeZoneY=1008, statusBarHeight=74, minY=74
02-12 21:49:03.525 D/KeyboardManager( 5517): adjustPositionForKeyboard: FINAL - currentY=1008, safeZoneY=1008, newY=1008, willMove=false
02-12 21:49:03.625 I/SemWifiServiceDetector( 2494): NSD results: [0, 1, 2, 0, 0, 0, 2, 0, 0] Traff. type 1 Thr 0
02-12 21:49:03.627 D/SemWifiOptimizer( 2494): enable=0 state=0x10 prev=0x10 new=0x00 force=0 mode=0
02-12 21:49:03.634 D/KeyboardManager( 5517): adjustPositionForKeyboard: screenHeight=2340, keyboardHeight=995, buttonSize=135, margin=202
02-12 21:49:03.636 D/KeyboardManager( 5517): adjustPositionForKeyboard: keyboardTop=1345, safeZoneY=1008, statusBarHeight=74, minY=74
02-12 21:49:03.636 D/KeyboardManager( 5517): adjustPositionForKeyboard: FINAL - currentY=1008, safeZoneY=1008, newY=1008, willMove=false
02-12 21:49:03.643 I/bt_shim_scanner(10407): system/main/shim/le_scanning_manager.cc:151 Scan: in shim layer stopped
02-12 21:49:03.643 W/bluetooth(10407): system/gd/hci/le_scanning_manager.cc:716 scan: address_manager_registered_
02-12 21:49:03.643 W/bluetooth(10407): system/gd/hci/le_scanning_manager.cc:768 stop_scan: stop_scan
02-12 21:49:03.643 I/bluetooth(10407): system/gd/hci/le_address_manager.cc:278 unregister_client: Client unregistered
02-12 21:49:03.643 I/bt_shim_scanner(10407): system/main/shim/le_scanning_manager.cc:335 SetScanParameters: in shim layer, scannerId1m=1, scannerIdCoded=0
02-12 21:49:03.643 D/vendor.qti.bluetooth@1.1-ibs_handler( 2031): SerialClockVote: vote for UART CLK ON
02-12 21:49:03.643 W/bt_shim_scanner(10407): system/main/shim/le_scanning_manager.cc:365 SetScanParameters: Set scan params scan_int_1m : 1860.625, scan_win_1m : 202.5, Duty : 10.88% | scan_int_coded : 0, scan_win_coded : 0, Duty : nan%
02-12 21:49:03.644 I/bt_shim_scanner(10407): system/main/shim/le_scanning_manager.cc:151 Scan: in shim layer started
02-12 21:49:03.645 D/vendor.qti.bluetooth@1.1-wake_lock( 2031): Acquire wakelock is acquired 
02-12 21:49:03.645 I/vendor.qti.bluetooth@1.1-ibs_handler( 2031): DeviceWakeUp: Writing IBS_WAKE_IND
02-12 21:49:03.646 I/vendor.qti.bluetooth@1.1-ibs_handler( 2031): ProcessIbsCmd: Received IBS_WAKE_ACK: 0xFC
02-12 21:49:03.646 I/vendor.qti.bluetooth@1.1-ibs_handler( 2031): ProcessIbsCmd: Signal wack_cond_
02-12 21:49:03.646 D/vendor.qti.bluetooth@1.1-ibs_handler( 2031): DeviceWakeUp: Unblocked from waiting for FC, pthread_cond_timedwait ret = 0
02-12 21:49:03.647 I/bluetooth(10407): system/gd/hci/le_scanning_manager.cc:765 stop_scan: Scanning already stopped, return!
02-12 21:49:03.647 W/bluetooth(10407): system/gd/hci/le_scanning_manager.cc:732 start_scan: start_scan
02-12 21:49:03.647 W/bluetooth(10407): system/gd/hci/le_scanning_manager.cc:735 start_scan: Register address manager
02-12 21:49:03.648 I/bluetooth(10407): system/gd/hci/le_address_manager.cc:263 register_client: Client registered
02-12 21:49:03.648 I/vendor.qti.bluetooth@1.1-ibs_handler( 2031): ProcessIbsCmd: Received IBS_WAKE_IND: 0xFD
02-12 21:49:03.648 I/vendor.qti.bluetooth@1.1-ibs_handler( 2031): ProcessIbsCmd: Writing IBS_WAKE_ACK
02-12 21:49:03.665 W/AccessibilityManagerService( 2494):  wait for adding window timeout: 2441
02-12 21:49:03.702 I/vendor.qti.bluetooth@1.1-ibs_handler( 2031): ProcessIbsCmd: Received IBS_SLEEP_IND: 0xFE
02-12 21:49:03.709 D/KeyboardManager( 5517): adjustPositionForKeyboard: screenHeight=2340, keyboardHeight=995, buttonSize=135, margin=202
02-12 21:49:03.710 D/KeyboardManager( 5517): adjustPositionForKeyboard: keyboardTop=1345, safeZoneY=1008, statusBarHeight=74, minY=74
02-12 21:49:03.710 D/KeyboardManager( 5517): adjustPositionForKeyboard: FINAL - currentY=1008, safeZoneY=1008, newY=1008, willMove=false
02-12 21:49:03.758 W/adbd    (19743): timed out while waiting for FUNCTIONFS_BIND, trying again
02-12 21:49:03.758 I/adbd    (19743): UsbFfs: connection terminated: monitor thread finished
02-12 21:49:03.766 D/BackHomeAccessibilityService( 5517): Window state changed: class=android.view.View, package=ch.heuscher.safe_home_button, isKeyboard=false
02-12 21:49:03.774 I/adbd    (19743): opening control endpoint /dev/usb-ffs/adb/ep0
02-12 21:49:03.836 D/KeyboardManager( 5517): adjustPositionForKeyboard: screenHeight=2340, keyboardHeight=995, buttonSize=135, margin=202
02-12 21:49:03.838 D/KeyboardManager( 5517): adjustPositionForKeyboard: keyboardTop=1345, safeZoneY=1008, statusBarHeight=74, minY=74
02-12 21:49:03.838 D/KeyboardManager( 5517): adjustPositionForKeyboard: FINAL - currentY=1008, safeZoneY=1008, newY=1008, willMove=false
02-12 21:49:03.891 I/wpa_supplicant(19306): Heartbeat 220
02-12 21:49:03.919 E/HeatmapThread( 2212): ECT Thread time in milliseconds: 1770929343
02-12 21:49:03.922 D/HeatmapThread( 2212): !@ batteryplugType : 0
02-12 21:49:03.922 D/HeatmapThread( 2212): !@ batteryLevel : 36  batteryTemperature : 253 
02-12 21:49:03.922 D/HeatmapThread( 2212): !@ Heatmap currtime: 29515489
02-12 21:49:03.922 D/HeatmapThread( 2212): !@ Heatmap prevtime: 29515464
02-12 21:49:03.922 D/HeatmapThread( 2212): !@ Heatmap plugstarttime: 35791394
02-12 21:49:03.922 D/HeatmapThread( 2212): !@ Heatmap prevv_dsoh_update_time: 29514604
02-12 21:49:03.922 E/HeatmapThread( 2212): !@ CAM New BSOH: 100
02-12 21:49:03.939 D/KeyboardManager( 5517): adjustPositionForKeyboard: screenHeight=2340, keyboardHeight=995, buttonSize=135, margin=202
02-12 21:49:03.941 D/KeyboardManager( 5517): adjustPositionForKeyboard: keyboardTop=1345, safeZoneY=1008, statusBarHeight=74, minY=74
02-12 21:49:03.941 D/KeyboardManager( 5517): adjustPositionForKeyboard: FINAL - currentY=1008, safeZoneY=1008, newY=1008, willMove=false
02-12 21:49:04.000 W/WBX_TEAMS(27295): [RetryingDns] RetryingDns.kt::24 lookup:Failed lookup (attempt: 4/5). java.net.UnknownHostException: Unable to resolve host "reachable.webex.com": No address associated with hostname
02-12 21:49:04.012 D/KeyboardManager( 5517): adjustPositionForKeyboard: screenHeight=2340, keyboardHeight=995, buttonSize=135, margin=202
02-12 21:49:04.013 D/KeyboardManager( 5517): adjustPositionForKeyboard: keyboardTop=1345, safeZoneY=1008, statusBarHeight=74, minY=74
02-12 21:49:04.013 D/KeyboardManager( 5517): adjustPositionForKeyboard: FINAL - currentY=1008, safeZoneY=1008, newY=1008, willMove=false
02-12 21:49:04.054 D/SemWifiSwitchForIndividualAppsService( 2494): isSkipNetworkCondition - result:2
02-12 21:49:04.137 D/KeyboardManager( 5517): adjustPositionForKeyboard: screenHeight=2340, keyboardHeight=995, buttonSize=135, margin=202
02-12 21:49:04.139 D/KeyboardManager( 5517): adjustPositionForKeyboard: keyboardTop=1345, safeZoneY=1008, statusBarHeight=74, minY=74
02-12 21:49:04.139 D/KeyboardManager( 5517): adjustPositionForKeyboard: FINAL - currentY=1008, safeZoneY=1008, newY=1008, willMove=false
02-12 21:49:04.237 D/KeyboardManager( 5517): adjustPositionForKeyboard: screenHeight=2340, keyboardHeight=995, buttonSize=135, margin=202
02-12 21:49:04.238 D/KeyboardManager( 5517): adjustPositionForKeyboard: keyboardTop=1345, safeZoneY=1008, statusBarHeight=74, minY=74
02-12 21:49:04.239 D/KeyboardManager( 5517): adjustPositionForKeyboard: FINAL - currentY=1008, safeZoneY=1008, newY=1008, willMove=false
02-12 21:49:04.334 D/KeyboardManager( 5517): adjustPositionForKeyboard: screenHeight=2340, keyboardHeight=995, buttonSize=135, margin=202
02-12 21:49:04.336 D/KeyboardManager( 5517): adjustPositionForKeyboard: keyboardTop=1345, safeZoneY=1008, statusBarHeight=74, minY=74
02-12 21:49:04.336 D/KeyboardManager( 5517): adjustPositionForKeyboard: FINAL - currentY=1008, safeZoneY=1008, newY=1008, willMove=false
02-12 21:49:04.413 D/KeyboardManager( 5517): adjustPositionForKeyboard: screenHeight=2340, keyboardHeight=995, buttonSize=135, margin=202
02-12 21:49:04.414 D/KeyboardManager( 5517): adjustPositionForKeyboard: keyboardTop=1345, safeZoneY=1008, statusBarHeight=74, minY=74
02-12 21:49:04.414 D/KeyboardManager( 5517): adjustPositionForKeyboard: FINAL - currentY=1008, safeZoneY=1008, newY=1008, willMove=false
02-12 21:49:04.536 D/KeyboardManager( 5517): adjustPositionForKeyboard: screenHeight=2340, keyboardHeight=995, buttonSize=135, margin=202
02-12 21:49:04.538 D/KeyboardManager( 5517): adjustPositionForKeyboard: keyboardTop=1345, safeZoneY=1008, statusBarHeight=74, minY=74
02-12 21:49:04.538 D/KeyboardManager( 5517): adjustPositionForKeyboard: FINAL - currentY=1008, safeZoneY=1008, newY=1008, willMove=false
02-12 21:49:04.591 I/wpa_supplicant(19306): nl80211: BSS Event 59 (NL80211_CMD_FRAME) received for wlan0
02-12 21:49:04.591 I/wpa_supplicant(19306): RRM: Ignoring radio measurement request: Not RRM network
02-12 21:49:04.614 D/KeyboardManager( 5517): adjustPositionForKeyboard: screenHeight=2340, keyboardHeight=995, buttonSize=135, margin=202
02-12 21:49:04.615 D/KeyboardManager( 5517): adjustPositionForKeyboard: keyboardTop=1345, safeZoneY=1008, statusBarHeight=74, minY=74
02-12 21:49:04.615 D/KeyboardManager( 5517): adjustPositionForKeyboard: FINAL - currentY=1008, safeZoneY=1008, newY=1008, willMove=false
02-12 21:49:04.662 I/vendor.qti.bluetooth@1.1-ibs_handler( 2031): DeviceSleep: TX Awake, Sending SLEEP_IND
02-12 21:49:04.662 D/vendor.qti.bluetooth@1.1-ibs_handler( 2031): SerialClockVote: vote for UART CLK OFF
02-12 21:49:04.715 D/KeyboardManager( 5517): adjustPositionForKeyboard: screenHeight=2340, keyboardHeight=995, buttonSize=135, margin=202
02-12 21:49:04.716 D/KeyboardManager( 5517): adjustPositionForKeyboard: keyboardTop=1345, safeZoneY=1008, statusBarHeight=74, minY=74
02-12 21:49:04.716 D/KeyboardManager( 5517): adjustPositionForKeyboard: FINAL - currentY=1008, safeZoneY=1008, newY=1008, willMove=false
02-12 21:49:04.778 W/adbd    (19743): timed out while waiting for FUNCTIONFS_BIND, trying again
02-12 21:49:04.778 I/adbd    (19743): UsbFfs: connection terminated: monitor thread finished
02-12 21:49:04.810 I/adbd    (19743): opening control endpoint /dev/usb-ffs/adb/ep0
02-12 21:49:04.814 D/KeyboardManager( 5517): adjustPositionForKeyboard: screenHeight=2340, keyboardHeight=995, buttonSize=135, margin=202
02-12 21:49:04.815 D/vendor.qti.bluetooth@1.1-wake_lock( 2031): Release wakelock is released 
02-12 21:49:04.815 D/KeyboardManager( 5517): adjustPositionForKeyboard: keyboardTop=1345, safeZoneY=1008, statusBarHeight=74, minY=74
02-12 21:49:04.815 D/KeyboardManager( 5517): adjustPositionForKeyboard: FINAL - currentY=1008, safeZoneY=1008, newY=1008, willMove=false
02-12 21:49:04.915 D/KeyboardManager( 5517): adjustPositionForKeyboard: screenHeight=2340, keyboardHeight=995, buttonSize=135, margin=202
02-12 21:49:04.917 D/KeyboardManager( 5517): adjustPositionForKeyboard: keyboardTop=1345, safeZoneY=1008, statusBarHeight=74, minY=74
02-12 21:49:04.917 D/KeyboardManager( 5517): adjustPositionForKeyboard: FINAL - currentY=1008, safeZoneY=1008, newY=1008, willMove=false
02-12 21:49:04.919 E/HeatmapThread( 2212): ECT Thread time in milliseconds: 1770929344
02-12 21:49:04.922 D/HeatmapThread( 2212): !@ batteryplugType : 0
02-12 21:49:04.922 D/HeatmapThread( 2212): !@ batteryLevel : 36  batteryTemperature : 253 
02-12 21:49:04.922 D/HeatmapThread( 2212): !@ Heatmap currtime: 29515489
02-12 21:49:04.922 D/HeatmapThread( 2212): !@ Heatmap prevtime: 29515464
02-12 21:49:04.922 D/HeatmapThread( 2212): !@ Heatmap plugstarttime: 35791394
02-12 21:49:04.922 D/HeatmapThread( 2212): !@ Heatmap prevv_dsoh_update_time: 29514604
02-12 21:49:04.922 E/HeatmapThread( 2212): !@ CAM New BSOH: 100
02-12 21:49:05.006 W/WBX_TEAMS(27295): [RetryingDns] RetryingDns.kt::24 lookup:Failed lookup (attempt: 5/5). java.net.UnknownHostException: Unable to resolve host "reachable.webex.com": No address associated with hostname
02-12 21:49:05.007 D/NetdEventListenerService( 2494): DNS Requested by 222, 10617(com.cisco.wx2.android), 4(FAIL), isBlocked=true, 0ms
02-12 21:49:05.031 D/OverlayService( 5517): Watchdog: Drift detected! Dist=752.0, Threshold=67.5. Snapping back to anchor.
02-12 21:49:05.040 D/KeyboardManager( 5517): adjustPositionForKeyboard: screenHeight=2340, keyboardHeight=995, buttonSize=135, margin=202
02-12 21:49:05.042 D/KeyboardManager( 5517): adjustPositionForKeyboard: keyboardTop=1345, safeZoneY=1008, statusBarHeight=74, minY=74
02-12 21:49:05.042 D/KeyboardManager( 5517): adjustPositionForKeyboard: FINAL - currentY=1008, safeZoneY=1008, newY=1008, willMove=false
02-12 21:49:05.044 I/BLASTBufferQueue_Java( 5517): update, w= 135 h= 135 mName = VRI[]@3601014 mNativeObject= 0xb40000712cf5c000 sc.mNativeObject= 0xb4000071775a9800 format= -3 caller= android.view.ViewRootImpl.updateBlastSurfaceIfNeeded:3574 android.view.ViewRootImpl.relayoutWindow:11685 android.view.ViewRootImpl.performTraversals:4804 android.view.ViewRootImpl.doTraversal:3924 android.view.ViewRootImpl$TraversalRunnable.run:12903 android.view.Choreographer$CallbackRecord.run:1901 
02-12 21:49:05.044 I/WindowManager( 2494): Relayout Window{bc2c387 u0 ch.heuscher.safe_home_button}: viewVisibility=0 req=135x135 ty=2038 d0
02-12 21:49:05.044 I/VRI[]@3601014( 5517): Relayout returned: old=(814,1008,949,1143) new=(814,1760,949,1895) relayoutAsync=true req=(135,135)0 dur=0 res=0x0 s={true 0xb4000071357dfc00} ch=false seqId=0
02-12 21:49:05.044 D/SurfaceComposerClient( 2494): setCornerRadius ## e5c1805 ch.threema.app/ch.threema.app.activities.ComposeMessageActivity#29705 cornerRadius=0.000000
02-12 21:49:05.046 I/VRI[]@3601014( 5517): registerCallbackForPendingTransactions
02-12 21:49:05.047 D/SurfaceComposerClient( 2494): setCornerRadius ## e5c1805 ch.threema.app/ch.threema.app.activities.ComposeMessageActivity#29705 cornerRadius=0.000000
02-12 21:49:05.050 I/VRI[]@3601014( 5517): mWNT: t=0xb4000070d814ca80 mBlastBufferQueue=0xb40000712cf5c000 fn= 492 HdrRenderState mRenderHdrSdrRatio=1.0 caller= android.view.ViewRootImpl$10.onFrameDraw:6536 android.view.ViewRootImpl$4.onFrameDraw:2489 android.view.ThreadedRenderer$1.onFrameDraw:718 
02-12 21:49:05.051 I/WindowManager( 2494): Relayout hash=bc2c387, pid=0, syncId=-1: mAttrs={(814,1760)(135x135) gr=TOP LEFT CENTER sim={adjust=pan} layoutInDisplayCutoutMode=shortEdges ty=APPLICATION_OVERLAY fmt=TRANSLUCENT
02-12 21:49:05.051 I/WindowManager( 2494):   fl=1040228
02-12 21:49:05.051 I/WindowManager( 2494):   pfl=10000000
02-12 21:49:05.051 I/WindowManager( 2494):   bhv=1
02-12 21:49:05.051 I/WindowManager( 2494):   frameRateBoostOnTouch=true
02-12 21:49:05.051 I/WindowManager( 2494):   dvrrWindowFrameRateHint=true naviIconColor=0}
02-12 21:49:05.061 I/WindowManager( 2494): Relayout Window{f9ce0b7 u0 ch.heuscher.safe_home_button}: viewVisibility=8 req=1080x2131 ty=2038 d0
02-12 21:49:05.061 E/WindowManager( 2494): win=Window{f9ce0b7 u0 ch.heuscher.safe_home_button} destroySurfaces: appStopped=true cleanupOnResume=false win.mWindowRemovalAllowed=false win.mRemoveOnExit=false win.mViewVisibility=8 caller=com.android.server.wm.WindowManagerService.tryStartExitingAnimation:134 com.android.server.wm.WindowManagerService.relayoutWindow:1138 com.android.server.wm.Session.relayout:27 android.view.IWindowSession$Stub.onTransact:829 com.android.server.wm.Session.onTransact:1 android.os.Binder.execTransactInternal:1457 android.os.Binder.execTransact:1401 
02-12 21:49:05.062 D/SurfaceComposerClient( 2494): setCornerRadius ## e5c1805 ch.threema.app/ch.threema.app.activities.ComposeMessageActivity#29705 cornerRadius=0.000000
02-12 21:49:05.062 D/SurfaceComposerClient( 2494): setCornerRadius ## e5c1805 ch.threema.app/ch.threema.app.activities.ComposeMessageActivity#29705 cornerRadius=0.000000
02-12 21:49:05.063 I/WindowManager( 2494): Relayout hash=f9ce0b7, pid=5517, syncId=-1: mAttrs={(0,0)(fillxfill) gr=TOP LEFT CENTER sim={adjust=pan} ty=APPLICATION_OVERLAY fmt=TRANSLUCENT alpha=0.8
02-12 21:49:05.063 I/WindowManager( 2494):   fl=1000318
02-12 21:49:05.063 I/WindowManager( 2494):   bhv=1
02-12 21:49:05.063 I/WindowManager( 2494):   fitTypes=206
02-12 21:49:05.063 I/WindowManager( 2494):   frameRateBoostOnTouch=true
02-12 21:49:05.063 I/WindowManager( 2494):   dvrrWindowFrameRateHint=true naviIconColor=0}
02-12 21:49:05.064 D/SemWifiSwitchForIndividualAppsService( 2494): isSkipNetworkCondition - result:2
02-12 21:49:05.066 I/VRI[]@a984125( 5517): Relayout returned: old=(0,74,1080,2205) new=(0,74,1080,2205) relayoutAsync=false req=(1080,2131)8 dur=4 res=0x2 s={false 0x0} ch=true seqId=0
02-12 21:49:05.066 D/VRI[]@a984125( 5517): Not drawing due to not visible. Reason=View.GONE
02-12 21:49:05.073 I/SurfaceFlinger( 2224): [LayerHierarchy{RequestedLayerState{$_5517#31326} no children}] reparent to OffscreenRoot
02-12 21:49:05.074 I/SurfaceFlinger( 2224): [LayerHierarchy{RequestedLayerState{$_5517#31326} no children}] RelativeParent to null
02-12 21:49:05.075 I/SurfaceFlinger( 2224): id=31326 Removed $_5517#31326 (278)
02-12 21:49:05.079 D/SurfaceFlinger( 2224): Display 4630947118961383299 HWC layers:
02-12 21:49:05.079 D/SurfaceFlinger( 2224):        DEVICE |           43473658970296 | 00002102 | RGBA_8888    |    0.0    0.0 1080.0 2340.0 |    0    0 1080 2340 | ch.threema.app/ch.threema.app.activities.ComposeMessageActivity$_10122#30362 (5854)
02-12 21:49:05.079 D/SurfaceFlinger( 2224):        DEVICE |           31318901523327 | 00002100 | RGBA_8888    |    0.0    0.0 1080.0 2266.0 |    0   74 1080 2340 | InputMethod$_7292#30364 (295)
02-12 21:49:05.079 D/SurfaceFlinger( 2224):        DEVICE |           23695334572040 | 00002100 | RGBA_8888    |    0.0    0.0  135.0  135.0 |  814 1760  949 1895 | $_5517#31081 (492)
02-12 21:49:05.079 D/SurfaceFlinger( 2224):        DEVICE |           19954418073729 | 00002100 | RGBA_8888    |    0.0    0.0 1080.0   74.0 |    0    0 1080   74 | StatusBar$_4646#107 (42132)
02-12 21:49:05.079 D/SurfaceFlinger( 2224):        DEVICE |           19954418073725 | 00002100 | RGBA_8888    |    0.0    0.0 1080.0  135.0 |    0 2205 1080 2340 | NavigationBar0$_4646#103 (6896)
02-12 21:49:05.079 D/SurfaceFlinger( 2224): 
02-12 21:49:05.090 I/SurfaceFlinger( 2224): destroyed $_5517#31326 form LifecycleManager
02-12 21:49:05.091 I/SurfaceFlinger( 2224): id=31326 onLayerDestroyed from LayerHierarchyBuilder(RequestedLayerState{$_5517#31326 !handle})
02-12 21:49:05.093 I/Layer   ( 2224): id=31326 Destroyed $_5517#31326
02-12 21:49:05.134 D/KeyboardManager( 5517): adjustPositionForKeyboard: screenHeight=2340, keyboardHeight=995, buttonSize=135, margin=202
02-12 21:49:05.136 D/KeyboardManager( 5517): adjustPositionForKeyboard: keyboardTop=1345, safeZoneY=1008, statusBarHeight=74, minY=74
02-12 21:49:05.136 D/KeyboardManager( 5517): adjustPositionForKeyboard: FINAL - currentY=1760, safeZoneY=1008, newY=1008, willMove=true
02-12 21:49:05.137 I/KeyboardManager( 5517): POSITION_CHANGE: reason=KEYBOARD_SHOW, pre_position=(814, 1760), post_position=(814, 1008)
02-12 21:49:05.142 I/WindowManager( 2494): Relayout Window{bc2c387 u0 ch.heuscher.safe_home_button}: viewVisibility=0 req=135x135 ty=2038 d0
02-12 21:49:05.142 I/BLASTBufferQueue_Java( 5517): update, w= 135 h= 135 mName = VRI[]@3601014 mNativeObject= 0xb40000712cf5c000 sc.mNativeObject= 0xb4000071775a9800 format= -3 caller= android.view.ViewRootImpl.updateBlastSurfaceIfNeeded:3574 android.view.ViewRootImpl.relayoutWindow:11685 android.view.ViewRootImpl.performTraversals:4804 android.view.ViewRootImpl.doTraversal:3924 android.view.ViewRootImpl$TraversalRunnable.run:12903 android.view.Choreographer$CallbackRecord.run:1901 
02-12 21:49:05.142 I/VRI[]@3601014( 5517): Relayout returned: old=(814,1760,949,1895) new=(814,1008,949,1143) relayoutAsync=true req=(135,135)0 dur=1 res=0x0 s={true 0xb4000071357dfc00} ch=false seqId=0
02-12 21:49:05.142 D/SurfaceComposerClient( 2494): setCornerRadius ## e5c1805 ch.threema.app/ch.threema.app.activities.ComposeMessageActivity#29705 cornerRadius=0.000000
02-12 21:49:05.144 D/SurfaceComposerClient( 2494): setCornerRadius ## e5c1805 ch.threema.app/ch.threema.app.activities.ComposeMessageActivity#29705 cornerRadius=0.000000
02-12 21:49:05.144 I/VRI[]@3601014( 5517): registerCallbackForPendingTransactions
02-12 21:49:05.145 I/WindowManager( 2494): Relayout Window{f9ce0b7 u0 ch.heuscher.safe_home_button}: viewVisibility=0 req=1080x2131 ty=2038 d0
02-12 21:49:05.145 I/VRI[]@3601014( 5517): mWNT: t=0xb40000713eac8980 mBlastBufferQueue=0xb40000712cf5c000 fn= 493 HdrRenderState mRenderHdrSdrRatio=1.0 caller= android.view.ViewRootImpl$10.onFrameDraw:6536 android.view.ViewRootImpl$4.onFrameDraw:2489 android.view.ThreadedRenderer$1.onFrameDraw:718 
02-12 21:49:05.146 I/SurfaceFlinger( 2224): id=31327 createSurf, flag=44004, $_5517#31327
02-12 21:49:05.146 D/WindowManager( 2494): makeSurface duration=1 name=$_5517
02-12 21:49:05.146 D/SurfaceComposerClient( 2494): setCornerRadius ## e5c1805 ch.threema.app/ch.threema.app.activities.ComposeMessageActivity#29705 cornerRadius=0.000000
02-12 21:49:05.147 D/SurfaceComposerClient( 2494): setCornerRadius ## e5c1805 ch.threema.app/ch.threema.app.activities.ComposeMessageActivity#29705 cornerRadius=0.000000
02-12 21:49:05.147 I/WindowManager( 2494): Relayout hash=bc2c387, pid=0, syncId=-1: mAttrs={(814,1008)(135x135) gr=TOP LEFT CENTER sim={adjust=pan} layoutInDisplayCutoutMode=shortEdges ty=APPLICATION_OVERLAY fmt=TRANSLUCENT
02-12 21:49:05.147 I/WindowManager( 2494):   fl=1040228
02-12 21:49:05.147 I/WindowManager( 2494):   pfl=10000000
02-12 21:49:05.147 I/WindowManager( 2494):   bhv=1
02-12 21:49:05.147 I/WindowManager( 2494):   frameRateBoostOnTouch=true
02-12 21:49:05.147 I/WindowManager( 2494):   dvrrWindowFrameRateHint=true naviIconColor=0}
02-12 21:49:05.148 I/WindowManager( 2494): Relayout hash=f9ce0b7, pid=5517, syncId=-1: mAttrs={(0,0)(fillxfill) gr=TOP LEFT CENTER sim={adjust=pan} ty=APPLICATION_OVERLAY fmt=TRANSLUCENT alpha=0.8
02-12 21:49:05.148 I/WindowManager( 2494):   fl=1000318
02-12 21:49:05.148 I/WindowManager( 2494):   bhv=1
02-12 21:49:05.148 I/WindowManager( 2494):   fitTypes=206
02-12 21:49:05.148 I/WindowManager( 2494):   frameRateBoostOnTouch=true
02-12 21:49:05.148 I/WindowManager( 2494):   dvrrWindowFrameRateHint=true naviIconColor=0}
02-12 21:49:05.150 W/libc    ( 5517): Access denied finding property "vendor.display.enable_optimal_refresh_rate"
02-12 21:49:05.150 I/BufferQueueProducer( 5517): [](id:158d000000f8,api:0,p:0,c:5517) setDequeueTimeout:2077252342
02-12 21:49:05.150 I/BLASTBufferQueue_Java( 5517): new BLASTBufferQueue, mName= VRI[]@a984125 mNativeObject= 0xb40000712cf27000 caller= android.view.ViewRootImpl.updateBlastSurfaceIfNeeded:3585 android.view.ViewRootImpl.relayoutWindow:11685 android.view.ViewRootImpl.performTraversals:4804 android.view.ViewRootImpl.doTraversal:3924 android.view.ViewRootImpl$TraversalRunnable.run:12903 android.view.Choreographer$CallbackRecord.run:1901 android.view.Choreographer$CallbackRecord.run:1910 android.view.Choreographer.doCallbacks:1367 android.view.Choreographer.doFrame:1292 android.view.Choreographer$FrameDisplayEventReceiver.run:1870 
02-12 21:49:05.151 I/BLASTBufferQueue_Java( 5517): update, w= 1080 h= 2131 mName = VRI[]@a984125 mNativeObject= 0xb40000712cf27000 sc.mNativeObject= 0xb40000713b4d99c0 format= -3 caller= android.view.ViewRootImpl.updateBlastSurfaceIfNeeded:3590 android.view.ViewRootImpl.relayoutWindow:11685 android.view.ViewRootImpl.performTraversals:4804 android.view.ViewRootImpl.doTraversal:3924 android.view.ViewRootImpl$TraversalRunnable.run:12903 android.view.Choreographer$CallbackRecord.run:1901 
02-12 21:49:05.151 W/libc    ( 5517): Access denied finding property "vendor.display.enable_optimal_refresh_rate"
02-12 21:49:05.152 I/VRI[]@a984125( 5517): Relayout returned: old=(0,74,1080,2205) new=(0,74,1080,2205) relayoutAsync=false req=(1080,2131)0 dur=5 res=0x3 s={true 0xb40000713b2c7400} ch=true seqId=0
02-12 21:49:05.153 D/VRI[]@a984125( 5517): mThreadedRenderer.initialize() mSurface={isValid=true 0xb40000713b2c7400} hwInitialized=true
02-12 21:49:05.154 D/VRI[]@a984125( 5517): reportNextDraw android.view.ViewRootImpl.performTraversals:5443 android.view.ViewRootImpl.doTraversal:3924 android.view.ViewRootImpl$TraversalRunnable.run:12903 android.view.Choreographer$CallbackRecord.run:1901 android.view.Choreographer$CallbackRecord.run:1910 
02-12 21:49:05.154 D/VRI[]@a984125( 5517): Setup new sync=wmsSync-VRI[]@a984125#96
02-12 21:49:05.154 I/VRI[]@a984125( 5517): Creating new active sync group VRI[]@a984125#97
02-12 21:49:05.154 D/VRI[]@a984125( 5517): Start draw after previous draw not visible
02-12 21:49:05.155 D/VRI[]@a984125( 5517): registerCallbacksForSync syncBuffer=false
02-12 21:49:05.156 D/VRI[]@a984125( 5517): Received frameDrawingCallback syncResult=0 frameNum=1.
02-12 21:49:05.156 I/VRI[]@a984125( 5517): mWNT: t=0xb4000070d814d080 mBlastBufferQueue=0xb40000712cf27000 fn= 1 HdrRenderState mRenderHdrSdrRatio=1.0 caller= android.view.ViewRootImpl$12.onFrameDraw:15441 android.view.ThreadedRenderer$1.onFrameDraw:718 <bottom of call stack> 
02-12 21:49:05.156 I/VRI[]@a984125( 5517): Setting up sync and frameCommitCallback
02-12 21:49:05.157 I/SurfaceFlinger( 2224): [$_5517#31327] attach to parent LayerHierarchy{RequestedLayerState{f9ce0b7 ch.heuscher.safe_home_button#31075 parentId=31074} 1 children}
02-12 21:49:05.158 I/BLASTBufferQueue( 5517): [VRI[]@a984125#248](f:0,a:0,s:0) onFrameAvailable the first frame is available
02-12 21:49:05.158 I/SurfaceComposerClient( 5517): apply transaction with the first frame. layerId: 31327, bufferData(ID: 23695334573024, frameNumber: 1)
02-12 21:49:05.159 I/VRI[]@a984125( 5517): Received frameCommittedCallback lastAttemptedDrawFrameNum=1 didProduceBuffer=true
02-12 21:49:05.159 I/SurfaceFlinger( 2224): [$_5517#31327] setTransactionState with the first frame. bufferData(ID: 23695334573024, frameNumber: 1)
02-12 21:49:05.161 D/VRI[]@a984125( 5517): reportDrawFinished seqId=0
02-12 21:49:05.163 D/WindowManager( 2494): finishDrawingWindow: Window{f9ce0b7 u0 ch.heuscher.safe_home_button} mDrawState=DRAW_PENDING seqId=0
02-12 21:49:05.164 D/SurfaceComposerClient( 2494): setCornerRadius ## e5c1805 ch.threema.app/ch.threema.app.activities.ComposeMessageActivity#29705 cornerRadius=0.000000
02-12 21:49:05.166 V/WindowManager( 2494): performShowLocked: mDrawState=HAS_DRAWN in Window{f9ce0b7 u0 ch.heuscher.safe_home_button}
02-12 21:49:05.167 D/SurfaceComposerClient( 2494): setCornerRadius ## e5c1805 ch.threema.app/ch.threema.app.activities.ComposeMessageActivity#29705 cornerRadius=0.000000
02-12 21:49:05.190 I/SurfaceFlinger( 2224): RequestedLayer [$_5517#31327] hidden!! flag  from(1) --> to(0)
02-12 21:49:05.194 D/SurfaceFlinger( 2224): Display 4630947118961383299 HWC layers:
02-12 21:49:05.194 D/SurfaceFlinger( 2224):        DEVICE |           43473658970296 | 00002102 | RGBA_8888    |    0.0    0.0 1080.0 2340.0 |    0    0 1080 2340 | ch.threema.app/ch.threema.app.activities.ComposeMessageActivity$_10122#30362 (5854)
02-12 21:49:05.194 D/SurfaceFlinger( 2224):        DEVICE |           31318901523327 | 00002100 | RGBA_8888    |    0.0    0.0 1080.0 2266.0 |    0   74 1080 2340 | InputMethod$_7292#30364 (295)
02-12 21:49:05.194 D/SurfaceFlinger( 2224):        DEVICE |           23695334573024 | 00002100 | RGBA_8888    |    0.0    0.0 1080.0 2131.0 |    0   74 1080 2205 | $_5517#31327 (1)
02-12 21:49:05.194 D/SurfaceFlinger( 2224):        DEVICE |           23695334572042 | 00002100 | RGBA_8888    |    0.0    0.0  135.0  135.0 |  814 1008  949 1143 | $_5517#31081 (493)
02-12 21:49:05.194 D/SurfaceFlinger( 2224):        DEVICE |           19954418073729 | 00002100 | RGBA_8888    |    0.0    0.0 1080.0   74.0 |    0    0 1080   74 | StatusBar$_4646#107 (42132)
02-12 21:49:05.194 D/SurfaceFlinger( 2224):        DEVICE |           19954418073725 | 00002100 | RGBA_8888    |    0.0    0.0 1080.0  135.0 |    0 2205 1080 2340 | NavigationBar0$_4646#103 (6896)
02-12 21:49:05.194 D/SurfaceFlinger( 2224): 
02-12 21:49:05.230 D/KeyboardManager( 5517): adjustPositionForKeyboard: screenHeight=2340, keyboardHeight=995, buttonSize=135, margin=202
02-12 21:49:05.232 D/KeyboardManager( 5517): adjustPositionForKeyboard: keyboardTop=1345, safeZoneY=1008, statusBarHeight=74, minY=74
02-12 21:49:05.232 D/KeyboardManager( 5517): adjustPositionForKeyboard: FINAL - currentY=1008, safeZoneY=1008, newY=1008, willMove=false
02-12 21:49:05.288 D/WifiStaIfaceHidlImpl( 2494): getCachedScanData is not implemented by HIDL
02-12 21:49:05.294 D/SemWifiUsabilityStatsMonitor( 2494): onWifiUsabilityStats - seqNum 15813, isSameBssidAndFreq true
02-12 21:49:05.295 I/SemWifiLinkQualityMonitor( 2494): Link stat: 967 / 29 / 1.40 (7) / 351 / -63.0 || 100.0 : 351.00 / 0.5 : 0.71 / 0.55 : 0.03 / G (G) || 312052275180: 0.097 / 82.459 / N || N N / 0 0 / N 2.0 / N X 0 / 228515500 0 || 2026-02-12 21:49:05  / 0: 0 0 0 0 0 0 / 0: 0 0 0 0 0 0 / 0: 0 0 0 0 0 0
02-12 21:49:05.346 D/KeyboardManager( 5517): adjustPositionForKeyboard: screenHeight=2340, keyboardHeight=995, buttonSize=135, margin=202
02-12 21:49:05.348 D/KeyboardManager( 5517): adjustPositionForKeyboard: keyboardTop=1345, safeZoneY=1008, statusBarHeight=74, minY=74
02-12 21:49:05.348 D/KeyboardManager( 5517): adjustPositionForKeyboard: FINAL - currentY=1008, safeZoneY=1008, newY=1008, willMove=false
02-12 21:49:05.417 D/KeyboardManager( 5517): adjustPositionForKeyboard: screenHeight=2340, keyboardHeight=995, buttonSize=135, margin=202
02-12 21:49:05.418 D/KeyboardManager( 5517): adjustPositionForKeyboard: keyboardTop=1345, safeZoneY=1008, statusBarHeight=74, minY=74
02-12 21:49:05.418 D/KeyboardManager( 5517): adjustPositionForKeyboard: FINAL - currentY=1008, safeZoneY=1008, newY=1008, willMove=false
02-12 21:49:05.476 D/io_stats( 1151): !@   8,0 r 63265409 775509774 w 12514337 171117728 d 1388107 268519036 f 405161 1595080 iot 17661824 0 th 0 0 0 pt 0 inp 0 0 228515.682
02-12 21:49:05.476 D/io_stats( 1151): !@ Read_top(KB): .android.chrome(26895) 136 ndroid.systemui(4646) 8
02-12 21:49:05.476 D/io_stats( 1151): !@ Write_top(KB): kworker/u16:2(10753) 984 .android.chrome(26895) 100
02-12 21:49:05.545 D/KeyboardManager( 5517): adjustPositionForKeyboard: screenHeight=2340, keyboardHeight=995, buttonSize=135, margin=202
02-12 21:49:05.547 D/KeyboardManager( 5517): adjustPositionForKeyboard: keyboardTop=1345, safeZoneY=1008, statusBarHeight=74, minY=74
02-12 21:49:05.547 D/KeyboardManager( 5517): adjustPositionForKeyboard: FINAL - currentY=1008, safeZoneY=1008, newY=1008, willMove=false
02-12 21:49:05.642 D/WBX_TEAMS(27295): [OpenFiles] OpenFileWatcher.kt::36 invokeSuspend:192 files are open
02-12 21:49:05.651 D/KeyboardManager( 5517): adjustPositionForKeyboard: screenHeight=2340, keyboardHeight=995, buttonSize=135, margin=202
02-12 21:49:05.652 D/KeyboardManager( 5517): adjustPositionForKeyboard: keyboardTop=1345, safeZoneY=1008, statusBarHeight=74, minY=74
02-12 21:49:05.652 D/KeyboardManager( 5517): adjustPositionForKeyboard: FINAL - currentY=1008, safeZoneY=1008, newY=1008, willMove=false
02-12 21:49:05.655 W/AccessibilityManagerService( 2494):  wait for adding window timeout: 2441
02-12 21:49:05.718 D/KeyboardManager( 5517): adjustPositionForKeyboard: screenHeight=2340, keyboardHeight=995, buttonSize=135, margin=202
02-12 21:49:05.720 D/KeyboardManager( 5517): adjustPositionForKeyboard: keyboardTop=1345, safeZoneY=1008, statusBarHeight=74, minY=74
02-12 21:49:05.720 D/KeyboardManager( 5517): adjustPositionForKeyboard: FINAL - currentY=1008, safeZoneY=1008, newY=1008, willMove=false
02-12 21:49:05.758 D/BackHomeAccessibilityService( 5517): Window state changed: class=android.view.View, package=ch.heuscher.safe_home_button, isKeyboard=false
02-12 21:49:05.816 W/adbd    (19743): timed out while waiting for FUNCTIONFS_BIND, trying again
02-12 21:49:05.816 I/adbd    (19743): UsbFfs: connection terminated: monitor thread finished
