02-12 21:48:57.092 I/SurfaceFlinger( 2224): id=31323 createSurf, flag=44004, $_5517#31323
02-12 21:48:57.092 I/WindowManager( 2494): Relayout hash=bc2c387, pid=0, syncId=-1: mAttrs={(814,1008)(135x135) gr=TOP LEFT CENTER sim={adjust=pan} layoutInDisplayCutoutMode=shortEdges ty=APPLICATION_OVERLAY fmt=TRANSLUCENT
02-12 21:48:57.092 I/WindowManager( 2494):   fl=1040228
02-12 21:48:57.092 I/WindowManager( 2494):   pfl=10000000
02-12 21:48:57.092 I/WindowManager( 2494):   bhv=1
02-12 21:48:57.092 I/WindowManager( 2494):   frameRateBoostOnTouch=true
02-12 21:48:57.092 I/WindowManager( 2494):   dvrrWindowFrameRateHint=true naviIconColor=0}
02-12 21:48:57.092 D/WindowManager( 2494): makeSurface duration=1 name=$_5517
02-12 21:48:57.092 D/SurfaceComposerClient( 2494): setCornerRadius ## e5c1805 ch.threema.app/ch.threema.app.activities.ComposeMessageActivity#29705 cornerRadius=0.000000
02-12 21:48:57.093 D/SurfaceComposerClient( 2494): setCornerRadius ## e5c1805 ch.threema.app/ch.threema.app.activities.ComposeMessageActivity#29705 cornerRadius=0.000000
02-12 21:48:57.093 I/WindowManager( 2494): Relayout hash=f9ce0b7, pid=5517, syncId=-1: mAttrs={(0,0)(fillxfill) gr=TOP LEFT CENTER sim={adjust=pan} ty=APPLICATION_OVERLAY fmt=TRANSLUCENT alpha=0.8
02-12 21:48:57.093 I/WindowManager( 2494):   fl=1000318
02-12 21:48:57.093 I/WindowManager( 2494):   bhv=1
02-12 21:48:57.093 I/WindowManager( 2494):   fitTypes=206
02-12 21:48:57.093 I/WindowManager( 2494):   frameRateBoostOnTouch=true
02-12 21:48:57.093 I/WindowManager( 2494):   dvrrWindowFrameRateHint=true naviIconColor=0}
02-12 21:48:57.098 I/SurfaceFlinger( 2224): destroyed $_5517#31322 form LifecycleManager
02-12 21:48:57.098 I/SurfaceFlinger( 2224): [$_5517#31323] attach to parent LayerHierarchy{RequestedLayerState{f9ce0b7 ch.heuscher.safe_home_button#31075 parentId=31074} 1 children}
02-12 21:48:57.098 I/SurfaceFlinger( 2224): id=31322 onLayerDestroyed from LayerHierarchyBuilder(RequestedLayerState{$_5517#31322 !handle})
02-12 21:48:57.100 I/SemWifiServiceDetector( 2494): NSD results: [0, 1, 1, 0, 1, 0, 2, 0, 0] Traff. type 1 Thr 10
02-12 21:48:57.101 I/Layer   ( 2224): id=31322 Destroyed $_5517#31322
02-12 21:48:57.103 W/libc    ( 5517): Access denied finding property "vendor.display.enable_optimal_refresh_rate"
02-12 21:48:57.103 I/BufferQueueProducer( 5517): [](id:158d000000f4,api:0,p:0,c:5517) setDequeueTimeout:2077252342
02-12 21:48:57.104 I/BLASTBufferQueue_Java( 5517): new BLASTBufferQueue, mName= VRI[]@a984125 mNativeObject= 0xb40000712cf27000 caller= android.view.ViewRootImpl.updateBlastSurfaceIfNeeded:3585 android.view.ViewRootImpl.relayoutWindow:11685 android.view.ViewRootImpl.performTraversals:4804 android.view.ViewRootImpl.doTraversal:3924 android.view.ViewRootImpl$TraversalRunnable.run:12903 android.view.Choreographer$CallbackRecord.run:1901 android.view.Choreographer$CallbackRecord.run:1910 android.view.Choreographer.doCallbacks:1367 android.view.Choreographer.doFrame:1292 android.view.Choreographer$FrameDisplayEventReceiver.run:1870 
02-12 21:48:57.104 I/BLASTBufferQueue_Java( 5517): update, w= 1080 h= 2131 mName = VRI[]@a984125 mNativeObject= 0xb40000712cf27000 sc.mNativeObject= 0xb40000713b4d99c0 format= -3 caller= android.view.ViewRootImpl.updateBlastSurfaceIfNeeded:3590 android.view.ViewRootImpl.relayoutWindow:11685 android.view.ViewRootImpl.performTraversals:4804 android.view.ViewRootImpl.doTraversal:3924 android.view.ViewRootImpl$TraversalRunnable.run:12903 android.view.Choreographer$CallbackRecord.run:1901 
02-12 21:48:57.106 W/libc    ( 5517): Access denied finding property "vendor.display.enable_optimal_refresh_rate"
02-12 21:48:57.106 D/SemWifiOptimizer( 2494): enable=1 state=0x10 prev=0x00 new=0x10 force=0 mode=2
02-12 21:48:57.106 I/VRI[]@a984125( 5517): Relayout returned: old=(0,74,1080,2205) new=(0,74,1080,2205) relayoutAsync=false req=(1080,2131)0 dur=13 res=0x3 s={true 0xb40000713b2c6f00} ch=true seqId=0
02-12 21:48:57.108 D/VRI[]@a984125( 5517): mThreadedRenderer.initialize() mSurface={isValid=true 0xb40000713b2c6f00} hwInitialized=true
02-12 21:48:57.108 D/VRI[]@a984125( 5517): reportNextDraw android.view.ViewRootImpl.performTraversals:5443 android.view.ViewRootImpl.doTraversal:3924 android.view.ViewRootImpl$TraversalRunnable.run:12903 android.view.Choreographer$CallbackRecord.run:1901 android.view.Choreographer$CallbackRecord.run:1910 
02-12 21:48:57.109 D/VRI[]@a984125( 5517): Setup new sync=wmsSync-VRI[]@a984125#88
02-12 21:48:57.109 I/VRI[]@a984125( 5517): Creating new active sync group VRI[]@a984125#89
02-12 21:48:57.109 D/VRI[]@a984125( 5517): Start draw after previous draw not visible
02-12 21:48:57.109 D/VRI[]@a984125( 5517): registerCallbacksForSync syncBuffer=false
02-12 21:48:57.110 D/VRI[]@a984125( 5517): Received frameDrawingCallback syncResult=0 frameNum=1.
02-12 21:48:57.110 I/VRI[]@a984125( 5517): mWNT: t=0xb4000071775a1100 mBlastBufferQueue=0xb40000712cf27000 fn= 1 HdrRenderState mRenderHdrSdrRatio=1.0 caller= android.view.ViewRootImpl$12.onFrameDraw:15441 android.view.ThreadedRenderer$1.onFrameDraw:718 <bottom of call stack> 
02-12 21:48:57.110 I/VRI[]@a984125( 5517): Setting up sync and frameCommitCallback
02-12 21:48:57.110 I/BLASTBufferQueue( 5517): [VRI[]@a984125#244](f:0,a:0,s:0) onFrameAvailable the first frame is available
02-12 21:48:57.111 I/SurfaceComposerClient( 5517): apply transaction with the first frame. layerId: 31323, bufferData(ID: 23695334573008, frameNumber: 1)
02-12 21:48:57.111 I/VRI[]@a984125( 5517): Received frameCommittedCallback lastAttemptedDrawFrameNum=1 didProduceBuffer=true
02-12 21:48:57.111 I/SurfaceFlinger( 2224): [$_5517#31323] setTransactionState with the first frame. bufferData(ID: 23695334573008, frameNumber: 1)
02-12 21:48:57.112 D/VRI[]@a984125( 5517): reportDrawFinished seqId=0
02-12 21:48:57.112 D/WindowManager( 2494): finishDrawingWindow: Window{f9ce0b7 u0 ch.heuscher.safe_home_button} mDrawState=DRAW_PENDING seqId=0
02-12 21:48:57.112 D/SurfaceComposerClient( 2494): setCornerRadius ## e5c1805 ch.threema.app/ch.threema.app.activities.ComposeMessageActivity#29705 cornerRadius=0.000000
02-12 21:48:57.113 V/WindowManager( 2494): performShowLocked: mDrawState=HAS_DRAWN in Window{f9ce0b7 u0 ch.heuscher.safe_home_button}
02-12 21:48:57.113 D/SurfaceComposerClient( 2494): setCornerRadius ## e5c1805 ch.threema.app/ch.threema.app.activities.ComposeMessageActivity#29705 cornerRadius=0.000000
02-12 21:48:57.124 I/bt_shim_scanner(10407): system/main/shim/le_scanning_manager.cc:151 Scan: in shim layer stopped
02-12 21:48:57.124 W/bluetooth(10407): system/gd/hci/le_scanning_manager.cc:716 scan: address_manager_registered_
02-12 21:48:57.124 W/bluetooth(10407): system/gd/hci/le_scanning_manager.cc:768 stop_scan: stop_scan
02-12 21:48:57.125 I/bluetooth(10407): system/gd/hci/le_address_manager.cc:278 unregister_client: Client unregistered
02-12 21:48:57.125 I/bt_shim_scanner(10407): system/main/shim/le_scanning_manager.cc:335 SetScanParameters: in shim layer, scannerId1m=1, scannerIdCoded=0
02-12 21:48:57.125 W/bt_shim_scanner(10407): system/main/shim/le_scanning_manager.cc:365 SetScanParameters: Set scan params scan_int_1m : 275.625, scan_win_1m : 30, Duty : 10.88% | scan_int_coded : 0, scan_win_coded : 0, Duty : nan%
02-12 21:48:57.125 I/bt_shim_scanner(10407): system/main/shim/le_scanning_manager.cc:151 Scan: in shim layer started
02-12 21:48:57.125 D/vendor.qti.bluetooth@1.1-ibs_handler( 2031): SerialClockVote: vote for UART CLK ON
02-12 21:48:57.126 D/vendor.qti.bluetooth@1.1-wake_lock( 2031): Acquire wakelock is acquired 
02-12 21:48:57.126 I/vendor.qti.bluetooth@1.1-ibs_handler( 2031): DeviceWakeUp: Writing IBS_WAKE_IND
02-12 21:48:57.127 I/vendor.qti.bluetooth@1.1-ibs_handler( 2031): ProcessIbsCmd: Received IBS_WAKE_ACK: 0xFC
02-12 21:48:57.127 I/vendor.qti.bluetooth@1.1-ibs_handler( 2031): ProcessIbsCmd: Signal wack_cond_
02-12 21:48:57.128 D/vendor.qti.bluetooth@1.1-ibs_handler( 2031): DeviceWakeUp: Unblocked from waiting for FC, pthread_cond_timedwait ret = 0
02-12 21:48:57.128 I/bluetooth(10407): system/gd/hci/le_scanning_manager.cc:765 stop_scan: Scanning already stopped, return!
02-12 21:48:57.128 W/bluetooth(10407): system/gd/hci/le_scanning_manager.cc:732 start_scan: start_scan
02-12 21:48:57.128 W/bluetooth(10407): system/gd/hci/le_scanning_manager.cc:735 start_scan: Register address manager
02-12 21:48:57.128 I/bluetooth(10407): system/gd/hci/le_address_manager.cc:263 register_client: Client registered
02-12 21:48:57.130 I/vendor.qti.bluetooth@1.1-ibs_handler( 2031): ProcessIbsCmd: Received IBS_WAKE_IND: 0xFD
02-12 21:48:57.130 I/vendor.qti.bluetooth@1.1-ibs_handler( 2031): ProcessIbsCmd: Writing IBS_WAKE_ACK
02-12 21:48:57.131 I/SurfaceFlinger( 2224): RequestedLayer [$_5517#31323] hidden!! flag  from(1) --> to(0)
02-12 21:48:57.134 D/SurfaceFlinger( 2224): Display 4630947118961383299 HWC layers:
02-12 21:48:57.134 D/SurfaceFlinger( 2224):        DEVICE |           43473658970296 | 00002102 | RGBA_8888    |    0.0    0.0 1080.0 2340.0 |    0    0 1080 2340 | ch.threema.app/ch.threema.app.activities.ComposeMessageActivity$_10122#30362 (5838)
02-12 21:48:57.134 D/SurfaceFlinger( 2224):        DEVICE |           31318901523327 | 00002100 | RGBA_8888    |    0.0    0.0 1080.0 2266.0 |    0   74 1080 2340 | InputMethod$_7292#30364 (295)
02-12 21:48:57.134 D/SurfaceFlinger( 2224):        DEVICE |           23695334573008 | 00002100 | RGBA_8888    |    0.0    0.0 1080.0 2131.0 |    0   74 1080 2205 | $_5517#31323 (1)
02-12 21:48:57.134 D/SurfaceFlinger( 2224):        DEVICE |           23695334572042 | 00002100 | RGBA_8888    |    0.0    0.0  135.0  135.0 |  814 1008  949 1143 | $_5517#31081 (485)
02-12 21:48:57.134 D/SurfaceFlinger( 2224):        DEVICE |           19954418073737 | 00002100 | RGBA_8888    |    0.0    0.0 1080.0   74.0 |    0    0 1080   74 | StatusBar$_4646#107 (42129)
02-12 21:48:57.134 D/SurfaceFlinger( 2224):        DEVICE |           19954418073725 | 00002100 | RGBA_8888    |    0.0    0.0 1080.0  135.0 |    0 2205 1080 2340 | NavigationBar0$_4646#103 (6896)
02-12 21:48:57.134 D/SurfaceFlinger( 2224): 
02-12 21:48:57.136 D/KeyboardManager( 5517): adjustPositionForKeyboard: screenHeight=2340, keyboardHeight=995, buttonSize=135, margin=202
02-12 21:48:57.137 D/KeyboardManager( 5517): adjustPositionForKeyboard: keyboardTop=1345, safeZoneY=1008, statusBarHeight=74, minY=74
02-12 21:48:57.137 D/KeyboardManager( 5517): adjustPositionForKeyboard: FINAL - currentY=1008, safeZoneY=1008, newY=1008, willMove=false
02-12 21:48:57.183 I/vendor.qti.bluetooth@1.1-ibs_handler( 2031): ProcessIbsCmd: Received IBS_SLEEP_IND: 0xFE
02-12 21:48:57.211 I/sensors-hal( 2042): handle_sns_client_event:190, auto_rotation_debug_2 mode,255, type,1,0 acc,0.287,0.163,9.911, ar,0, ver,14, pedo,1,e,1,i,3
02-12 21:48:57.212 I/sensors-hal( 2042): handle_sns_client_event:574, [0][244595] accel_sample [ 0.290,  0.175,  9.913] 591642290940465
02-12 21:48:57.215 I/sensors-hal( 2042): handle_sns_client_event:574, [0][244809] accel_sample [ 0.263,  0.189,  9.918] 591644299983798
02-12 21:48:57.233 D/KeyboardManager( 5517): adjustPositionForKeyboard: screenHeight=2340, keyboardHeight=995, buttonSize=135, margin=202
02-12 21:48:57.234 D/KeyboardManager( 5517): adjustPositionForKeyboard: keyboardTop=1345, safeZoneY=1008, statusBarHeight=74, minY=74
02-12 21:48:57.234 D/KeyboardManager( 5517): adjustPositionForKeyboard: FINAL - currentY=1008, safeZoneY=1008, newY=1008, willMove=false
02-12 21:48:57.361 D/KeyboardManager( 5517): adjustPositionForKeyboard: screenHeight=2340, keyboardHeight=995, buttonSize=135, margin=202
02-12 21:48:57.364 D/KeyboardManager( 5517): adjustPositionForKeyboard: keyboardTop=1345, safeZoneY=1008, statusBarHeight=74, minY=74
02-12 21:48:57.364 D/KeyboardManager( 5517): adjustPositionForKeyboard: FINAL - currentY=1008, safeZoneY=1008, newY=1008, willMove=false
02-12 21:48:57.383 I/SDHMS:LOAD( 7484): type: LoadsFreqs, value: 1:0:0:864000:864000:864000:780672:2188800:614400:220:220:220
02-12 21:48:57.387 W/BluetoothSystemServer( 2494): BluetoothServiceBinder: getAddress(): Client does not have LOCAL_MAC_ADDRESS permission
02-12 21:48:57.438 D/BoundBrokerSvc( 3752): onRebind: Intent { act=com.google.android.gms.libs.gmscorelogger.service.START dat=chimera-action:/... xflg=0x4 cmp=com.google.android.gms/.chimera.PersistentDirectBootAwareApiService }
02-12 21:48:57.459 D/KeyboardManager( 5517): adjustPositionForKeyboard: screenHeight=2340, keyboardHeight=995, buttonSize=135, margin=202
02-12 21:48:57.462 D/KeyboardManager( 5517): adjustPositionForKeyboard: keyboardTop=1345, safeZoneY=1008, statusBarHeight=74, minY=74
02-12 21:48:57.462 D/KeyboardManager( 5517): adjustPositionForKeyboard: FINAL - currentY=1008, safeZoneY=1008, newY=1008, willMove=false
02-12 21:48:57.470 D/io_stats( 1151): !@   8,0 r 63265341 775508270 w 12514237 171113744 d 1388107 268519036 f 405158 1595073 iot 17661676 0 th 0 0 0 pt 0 inp 0 0 228507.677
02-12 21:48:57.471 D/io_stats( 1151): !@ Read_top(KB): kworker/u16:6(19609) 96 system_server(2494) 88 kworker/u16:3(18138) 72
02-12 21:48:57.533 W/adbd    (19743): timed out while waiting for FUNCTIONFS_BIND, trying again
02-12 21:48:57.533 I/adbd    (19743): UsbFfs: connection terminated: monitor thread finished
02-12 21:48:57.533 D/KeyboardManager( 5517): adjustPositionForKeyboard: screenHeight=2340, keyboardHeight=995, buttonSize=135, margin=202
02-12 21:48:57.534 D/KeyboardManager( 5517): adjustPositionForKeyboard: keyboardTop=1345, safeZoneY=1008, statusBarHeight=74, minY=74
02-12 21:48:57.535 D/KeyboardManager( 5517): adjustPositionForKeyboard: FINAL - currentY=1008, safeZoneY=1008, newY=1008, willMove=false
02-12 21:48:57.562 I/adbd    (19743): opening control endpoint /dev/usb-ffs/adb/ep0
02-12 21:48:57.609 W/AccessibilityManagerService( 2494):  wait for adding window timeout: 2441
02-12 21:48:57.659 D/KeyboardManager( 5517): adjustPositionForKeyboard: screenHeight=2340, keyboardHeight=995, buttonSize=135, margin=202
02-12 21:48:57.661 D/KeyboardManager( 5517): adjustPositionForKeyboard: keyboardTop=1345, safeZoneY=1008, statusBarHeight=74, minY=74
02-12 21:48:57.661 D/KeyboardManager( 5517): adjustPositionForKeyboard: FINAL - currentY=1008, safeZoneY=1008, newY=1008, willMove=false
02-12 21:48:57.711 D/BackHomeAccessibilityService( 5517): Window state changed: class=android.view.View, package=ch.heuscher.safe_home_button, isKeyboard=false
02-12 21:48:57.765 D/KeyboardManager( 5517): adjustPositionForKeyboard: screenHeight=2340, keyboardHeight=995, buttonSize=135, margin=202
02-12 21:48:57.767 D/KeyboardManager( 5517): adjustPositionForKeyboard: keyboardTop=1345, safeZoneY=1008, statusBarHeight=74, minY=74
02-12 21:48:57.768 D/KeyboardManager( 5517): adjustPositionForKeyboard: FINAL - currentY=1008, safeZoneY=1008, newY=1008, willMove=false
02-12 21:48:57.833 D/KeyboardManager( 5517): adjustPositionForKeyboard: screenHeight=2340, keyboardHeight=995, buttonSize=135, margin=202
02-12 21:48:57.834 D/KeyboardManager( 5517): adjustPositionForKeyboard: keyboardTop=1345, safeZoneY=1008, statusBarHeight=74, minY=74
02-12 21:48:57.834 D/KeyboardManager( 5517): adjustPositionForKeyboard: FINAL - currentY=1008, safeZoneY=1008, newY=1008, willMove=false
02-12 21:48:57.898 I/NearbyMediums( 3752): No BLE Fast/GATT advertisements found in the latest cycle.
02-12 21:48:57.899 I/NearbyMediums( 3752): Current Tracked Scanning Clients are : {NearbyConnections.EnvironmentMonitor, NearbyConnections.TxAdvertisement}
02-12 21:48:57.919 E/HeatmapThread( 2212): ECT Thread time in milliseconds: 1770929337
02-12 21:48:57.924 D/HeatmapThread( 2212): !@ batteryplugType : 0
02-12 21:48:57.924 D/HeatmapThread( 2212): !@ batteryLevel : 36  batteryTemperature : 253 
02-12 21:48:57.924 D/HeatmapThread( 2212): !@ Heatmap currtime: 29515488
02-12 21:48:57.924 D/HeatmapThread( 2212): !@ Heatmap prevtime: 29515464
02-12 21:48:57.924 D/HeatmapThread( 2212): !@ Heatmap plugstarttime: 35791394
02-12 21:48:57.924 D/HeatmapThread( 2212): !@ Heatmap prevv_dsoh_update_time: 29514604
02-12 21:48:57.924 E/HeatmapThread( 2212): !@ CAM New BSOH: 100
02-12 21:48:57.960 D/KeyboardManager( 5517): adjustPositionForKeyboard: screenHeight=2340, keyboardHeight=995, buttonSize=135, margin=202
02-12 21:48:57.963 D/KeyboardManager( 5517): adjustPositionForKeyboard: keyboardTop=1345, safeZoneY=1008, statusBarHeight=74, minY=74
02-12 21:48:57.963 D/KeyboardManager( 5517): adjustPositionForKeyboard: FINAL - currentY=1008, safeZoneY=1008, newY=1008, willMove=false
02-12 21:48:57.979 D/SemWifiSwitchForIndividualAppsService( 2494): isSkipNetworkCondition - result:2
02-12 21:48:58.061 D/KeyboardManager( 5517): adjustPositionForKeyboard: screenHeight=2340, keyboardHeight=995, buttonSize=135, margin=202
02-12 21:48:58.063 D/KeyboardManager( 5517): adjustPositionForKeyboard: keyboardTop=1345, safeZoneY=1008, statusBarHeight=74, minY=74
02-12 21:48:58.063 D/KeyboardManager( 5517): adjustPositionForKeyboard: FINAL - currentY=1008, safeZoneY=1008, newY=1008, willMove=false
02-12 21:48:58.135 D/KeyboardManager( 5517): adjustPositionForKeyboard: screenHeight=2340, keyboardHeight=995, buttonSize=135, margin=202
02-12 21:48:58.137 D/KeyboardManager( 5517): adjustPositionForKeyboard: keyboardTop=1345, safeZoneY=1008, statusBarHeight=74, minY=74
02-12 21:48:58.137 D/KeyboardManager( 5517): adjustPositionForKeyboard: FINAL - currentY=1008, safeZoneY=1008, newY=1008, willMove=false
02-12 21:48:58.142 I/vendor.qti.bluetooth@1.1-ibs_handler( 2031): DeviceSleep: TX Awake, Sending SLEEP_IND
02-12 21:48:58.142 D/vendor.qti.bluetooth@1.1-ibs_handler( 2031): SerialClockVote: vote for UART CLK OFF
02-12 21:48:58.173 D/SatelliteController( 4895): isInCarrierRoamingNbIotNtn: satellite is disabled
02-12 21:48:58.176 I/EPDG -- SIM0 [SMARTCELLULAR]( 5493): onSignalStrengthsChanged: SignalStrength:{mCdma=Invalid,mGsm=Invalid,mWcdma=Invalid,mTdscdma=Invalid,mLte=CellSignalStrengthLte: rssi=-67 rsrp=-99 rsrq=-14 rssnr=-2 cqiTableIndex=2147483647 cqi=2147483647 ta=2147483647 level=3 parametersUseForLevel=0,mNr=Invalid,SignalBarInfo{ lteLevel=3 },rat=14,primary=CellSignalStrengthLte}
02-12 21:48:58.177 I/EPDG -- SIM0 [SMARTCELLULAR]( 5493): lastLteRSRP is -100 currentLteRSRP is -99 lastLteRSRQ is -15 currentLteRSRQ is -14 lastLteSNR is -2 currentLteSNR is -2
02-12 21:48:58.235 D/KeyboardManager( 5517): adjustPositionForKeyboard: screenHeight=2340, keyboardHeight=995, buttonSize=135, margin=202
02-12 21:48:58.236 D/KeyboardManager( 5517): adjustPositionForKeyboard: keyboardTop=1345, safeZoneY=1008, statusBarHeight=74, minY=74
02-12 21:48:58.236 D/KeyboardManager( 5517): adjustPositionForKeyboard: FINAL - currentY=1008, safeZoneY=1008, newY=1008, willMove=false
02-12 21:48:58.293 D/vendor.qti.bluetooth@1.1-wake_lock( 2031): Release wakelock is released 
02-12 21:48:58.363 D/KeyboardManager( 5517): adjustPositionForKeyboard: screenHeight=2340, keyboardHeight=995, buttonSize=135, margin=202
02-12 21:48:58.365 D/KeyboardManager( 5517): adjustPositionForKeyboard: keyboardTop=1345, safeZoneY=1008, statusBarHeight=74, minY=74
02-12 21:48:58.365 D/KeyboardManager( 5517): adjustPositionForKeyboard: FINAL - currentY=1008, safeZoneY=1008, newY=1008, willMove=false
02-12 21:48:58.462 D/KeyboardManager( 5517): adjustPositionForKeyboard: screenHeight=2340, keyboardHeight=995, buttonSize=135, margin=202
02-12 21:48:58.464 D/KeyboardManager( 5517): adjustPositionForKeyboard: keyboardTop=1345, safeZoneY=1008, statusBarHeight=74, minY=74
02-12 21:48:58.464 D/KeyboardManager( 5517): adjustPositionForKeyboard: FINAL - currentY=1008, safeZoneY=1008, newY=1008, willMove=false
02-12 21:48:58.555 D/KeyboardManager( 5517): adjustPositionForKeyboard: screenHeight=2340, keyboardHeight=995, buttonSize=135, margin=202
02-12 21:48:58.556 D/KeyboardManager( 5517): adjustPositionForKeyboard: keyboardTop=1345, safeZoneY=1008, statusBarHeight=74, minY=74
02-12 21:48:58.557 D/KeyboardManager( 5517): adjustPositionForKeyboard: FINAL - currentY=1008, safeZoneY=1008, newY=1008, willMove=false
02-12 21:48:58.576 I/wpa_supplicant(19306): nl80211: BSS Event 59 (NL80211_CMD_FRAME) received for wlan0
02-12 21:48:58.577 I/wpa_supplicant(19306): RRM: Ignoring radio measurement request: Not RRM network
02-12 21:48:58.577 W/adbd    (19743): timed out while waiting for FUNCTIONFS_BIND, trying again
02-12 21:48:58.577 I/adbd    (19743): UsbFfs: connection terminated: monitor thread finished
02-12 21:48:58.593 I/adbd    (19743): opening control endpoint /dev/usb-ffs/adb/ep0
02-12 21:48:58.636 D/KeyboardManager( 5517): adjustPositionForKeyboard: screenHeight=2340, keyboardHeight=995, buttonSize=135, margin=202
02-12 21:48:58.637 D/KeyboardManager( 5517): adjustPositionForKeyboard: keyboardTop=1345, safeZoneY=1008, statusBarHeight=74, minY=74
02-12 21:48:58.637 D/KeyboardManager( 5517): adjustPositionForKeyboard: FINAL - currentY=1008, safeZoneY=1008, newY=1008, willMove=false
02-12 21:48:58.691 I/sensors-hal( 2042): handle_sns_std_sensor_event:436, [SSC_LIGHT] P: 29(29),m:13,c:2,b:33,c0:1632,l:29,f(r):83,u(bl):100,j:25
02-12 21:48:58.694 I/sensors-hal( 2042): handle_sns_client_event:574, [0][245023] accel_sample [ 0.285,  0.189,  9.933] 591646309032548
02-12 21:48:58.739 D/KeyboardManager( 5517): adjustPositionForKeyboard: screenHeight=2340, keyboardHeight=995, buttonSize=135, margin=202
02-12 21:48:58.740 D/KeyboardManager( 5517): adjustPositionForKeyboard: keyboardTop=1345, safeZoneY=1008, statusBarHeight=74, minY=74
02-12 21:48:58.740 D/KeyboardManager( 5517): adjustPositionForKeyboard: FINAL - currentY=1008, safeZoneY=1008, newY=1008, willMove=false
02-12 21:48:58.840 D/WifiConnectivityMonitor.NetworkStatsAnalyzer( 2494): Backhaul result - RSSI:-65, CE:6, PE:6, TI:10, PTI:10, TW:0, PTW:0, Tx:530, Rx:353, TxS:488, RxS:353, RESULT:true, IC:0, ICT:5, WC:0, WCT:5, R:0, RC:0, IE:0, EC:0
02-12 21:48:58.863 D/KeyboardManager( 5517): adjustPositionForKeyboard: screenHeight=2340, keyboardHeight=995, buttonSize=135, margin=202
02-12 21:48:58.865 D/KeyboardManager( 5517): adjustPositionForKeyboard: keyboardTop=1345, safeZoneY=1008, statusBarHeight=74, minY=74
02-12 21:48:58.865 D/KeyboardManager( 5517): adjustPositionForKeyboard: FINAL - currentY=1008, safeZoneY=1008, newY=1008, willMove=false
02-12 21:48:58.919 E/HeatmapThread( 2212): ECT Thread time in milliseconds: 1770929338
02-12 21:48:58.922 D/HeatmapThread( 2212): !@ batteryplugType : 0
02-12 21:48:58.922 D/HeatmapThread( 2212): !@ batteryLevel : 36  batteryTemperature : 253 
02-12 21:48:58.922 D/HeatmapThread( 2212): !@ Heatmap currtime: 29515488
02-12 21:48:58.922 D/HeatmapThread( 2212): !@ Heatmap prevtime: 29515464
02-12 21:48:58.922 D/HeatmapThread( 2212): !@ Heatmap plugstarttime: 35791394
02-12 21:48:58.922 D/HeatmapThread( 2212): !@ Heatmap prevv_dsoh_update_time: 29514604
02-12 21:48:58.922 E/HeatmapThread( 2212): !@ CAM New BSOH: 100
02-12 21:48:58.961 D/KeyboardManager( 5517): adjustPositionForKeyboard: screenHeight=2340, keyboardHeight=995, buttonSize=135, margin=202
02-12 21:48:58.963 D/KeyboardManager( 5517): adjustPositionForKeyboard: keyboardTop=1345, safeZoneY=1008, statusBarHeight=74, minY=74
02-12 21:48:58.963 D/KeyboardManager( 5517): adjustPositionForKeyboard: FINAL - currentY=1008, safeZoneY=1008, newY=1008, willMove=false
02-12 21:48:58.991 D/SemWifiSwitchForIndividualAppsService( 2494): isSkipNetworkCondition - result:2
02-12 21:48:59.021 D/OverlayService( 5517): Watchdog: Drift detected! Dist=752.0, Threshold=67.5. Snapping back to anchor.
02-12 21:48:59.038 I/WindowManager( 2494): Relayout Window{bc2c387 u0 ch.heuscher.safe_home_button}: viewVisibility=0 req=135x135 ty=2038 d0
02-12 21:48:59.038 I/BLASTBufferQueue_Java( 5517): update, w= 135 h= 135 mName = VRI[]@3601014 mNativeObject= 0xb40000712cf5c000 sc.mNativeObject= 0xb4000071775a9800 format= -3 caller= android.view.ViewRootImpl.updateBlastSurfaceIfNeeded:3574 android.view.ViewRootImpl.relayoutWindow:11685 android.view.ViewRootImpl.performTraversals:4804 android.view.ViewRootImpl.doTraversal:3924 android.view.ViewRootImpl$TraversalRunnable.run:12903 android.view.Choreographer$CallbackRecord.run:1901 
02-12 21:48:59.039 D/SurfaceComposerClient( 2494): setCornerRadius ## e5c1805 ch.threema.app/ch.threema.app.activities.ComposeMessageActivity#29705 cornerRadius=0.000000
02-12 21:48:59.039 I/VRI[]@3601014( 5517): Relayout returned: old=(814,1008,949,1143) new=(814,1760,949,1895) relayoutAsync=true req=(135,135)0 dur=1 res=0x0 s={true 0xb4000071357dfc00} ch=false seqId=0
02-12 21:48:59.041 I/VRI[]@3601014( 5517): registerCallbackForPendingTransactions
02-12 21:48:59.042 D/SurfaceComposerClient( 2494): setCornerRadius ## e5c1805 ch.threema.app/ch.threema.app.activities.ComposeMessageActivity#29705 cornerRadius=0.000000
02-12 21:48:59.043 I/VRI[]@3601014( 5517): mWNT: t=0xb4000071357e7980 mBlastBufferQueue=0xb40000712cf5c000 fn= 486 HdrRenderState mRenderHdrSdrRatio=1.0 caller= android.view.ViewRootImpl$10.onFrameDraw:6536 android.view.ViewRootImpl$4.onFrameDraw:2489 android.view.ThreadedRenderer$1.onFrameDraw:718 
02-12 21:48:59.047 I/WindowManager( 2494): Relayout hash=bc2c387, pid=0, syncId=-1: mAttrs={(814,1760)(135x135) gr=TOP LEFT CENTER sim={adjust=pan} layoutInDisplayCutoutMode=shortEdges ty=APPLICATION_OVERLAY fmt=TRANSLUCENT
02-12 21:48:59.047 I/WindowManager( 2494):   fl=1040228
02-12 21:48:59.047 I/WindowManager( 2494):   pfl=10000000
02-12 21:48:59.047 I/WindowManager( 2494):   bhv=1
02-12 21:48:59.047 I/WindowManager( 2494):   frameRateBoostOnTouch=true
02-12 21:48:59.047 I/WindowManager( 2494):   dvrrWindowFrameRateHint=true naviIconColor=0}
02-12 21:48:59.052 I/WindowManager( 2494): Relayout Window{f9ce0b7 u0 ch.heuscher.safe_home_button}: viewVisibility=8 req=1080x2131 ty=2038 d0
02-12 21:48:59.053 E/WindowManager( 2494): win=Window{f9ce0b7 u0 ch.heuscher.safe_home_button} destroySurfaces: appStopped=true cleanupOnResume=false win.mWindowRemovalAllowed=false win.mRemoveOnExit=false win.mViewVisibility=8 caller=com.android.server.wm.WindowManagerService.tryStartExitingAnimation:134 com.android.server.wm.WindowManagerService.relayoutWindow:1138 com.android.server.wm.Session.relayout:27 android.view.IWindowSession$Stub.onTransact:829 com.android.server.wm.Session.onTransact:1 android.os.Binder.execTransactInternal:1457 android.os.Binder.execTransact:1401 
02-12 21:48:59.055 D/SurfaceComposerClient( 2494): setCornerRadius ## e5c1805 ch.threema.app/ch.threema.app.activities.ComposeMessageActivity#29705 cornerRadius=0.000000
02-12 21:48:59.058 D/SurfaceComposerClient( 2494): setCornerRadius ## e5c1805 ch.threema.app/ch.threema.app.activities.ComposeMessageActivity#29705 cornerRadius=0.000000
02-12 21:48:59.060 I/WindowManager( 2494): Relayout hash=f9ce0b7, pid=5517, syncId=-1: mAttrs={(0,0)(fillxfill) gr=TOP LEFT CENTER sim={adjust=pan} ty=APPLICATION_OVERLAY fmt=TRANSLUCENT alpha=0.8
02-12 21:48:59.060 I/WindowManager( 2494):   fl=1000318
02-12 21:48:59.060 I/WindowManager( 2494):   bhv=1
02-12 21:48:59.060 I/WindowManager( 2494):   fitTypes=206
02-12 21:48:59.060 I/WindowManager( 2494):   frameRateBoostOnTouch=true
02-12 21:48:59.060 I/WindowManager( 2494):   dvrrWindowFrameRateHint=true naviIconColor=0}
02-12 21:48:59.064 I/VRI[]@a984125( 5517): Relayout returned: old=(0,74,1080,2205) new=(0,74,1080,2205) relayoutAsync=false req=(1080,2131)8 dur=12 res=0x2 s={false 0x0} ch=true seqId=0
02-12 21:48:59.064 D/VRI[]@a984125( 5517): Not drawing due to not visible. Reason=View.GONE
02-12 21:48:59.067 I/SurfaceFlinger( 2224): [LayerHierarchy{RequestedLayerState{$_5517#31323} no children}] reparent to OffscreenRoot
02-12 21:48:59.067 I/SurfaceFlinger( 2224): [LayerHierarchy{RequestedLayerState{$_5517#31323} no children}] RelativeParent to null
02-12 21:48:59.070 I/SurfaceFlinger( 2224): id=31323 Removed $_5517#31323 (278)
02-12 21:48:59.075 D/SurfaceFlinger( 2224): Display 4630947118961383299 HWC layers:
02-12 21:48:59.075 D/SurfaceFlinger( 2224):        DEVICE |           43473658970296 | 00002102 | RGBA_8888    |    0.0    0.0 1080.0 2340.0 |    0    0 1080 2340 | ch.threema.app/ch.threema.app.activities.ComposeMessageActivity$_10122#30362 (5842)
02-12 21:48:59.075 D/SurfaceFlinger( 2224):        DEVICE |           31318901523327 | 00002100 | RGBA_8888    |    0.0    0.0 1080.0 2266.0 |    0   74 1080 2340 | InputMethod$_7292#30364 (295)
02-12 21:48:59.075 D/SurfaceFlinger( 2224):        DEVICE |           23695334572043 | 00002100 | RGBA_8888    |    0.0    0.0  135.0  135.0 |  814 1760  949 1895 | $_5517#31081 (486)
02-12 21:48:59.075 D/SurfaceFlinger( 2224):        DEVICE |           19954418073737 | 00002100 | RGBA_8888    |    0.0    0.0 1080.0   74.0 |    0    0 1080   74 | StatusBar$_4646#107 (42129)
02-12 21:48:59.075 D/SurfaceFlinger( 2224):        DEVICE |           19954418073725 | 00002100 | RGBA_8888    |    0.0    0.0 1080.0  135.0 |    0 2205 1080 2340 | NavigationBar0$_4646#103 (6896)
02-12 21:48:59.075 D/SurfaceFlinger( 2224): 
02-12 21:48:59.083 I/SurfaceFlinger( 2224): destroyed $_5517#31323 form LifecycleManager
02-12 21:48:59.083 I/SurfaceFlinger( 2224): id=31323 onLayerDestroyed from LayerHierarchyBuilder(RequestedLayerState{$_5517#31323 !handle})
02-12 21:48:59.085 I/Layer   ( 2224): id=31323 Destroyed $_5517#31323
02-12 21:48:59.088 D/KeyboardManager( 5517): adjustPositionForKeyboard: screenHeight=2340, keyboardHeight=995, buttonSize=135, margin=202
02-12 21:48:59.089 D/KeyboardManager( 5517): adjustPositionForKeyboard: keyboardTop=1345, safeZoneY=1008, statusBarHeight=74, minY=74
02-12 21:48:59.089 D/KeyboardManager( 5517): adjustPositionForKeyboard: FINAL - currentY=1760, safeZoneY=1008, newY=1008, willMove=true
02-12 21:48:59.089 I/KeyboardManager( 5517): POSITION_CHANGE: reason=KEYBOARD_SHOW, pre_position=(814, 1760), post_position=(814, 1008)
02-12 21:48:59.102 I/WindowManager( 2494): Relayout Window{bc2c387 u0 ch.heuscher.safe_home_button}: viewVisibility=0 req=135x135 ty=2038 d0
02-12 21:48:59.102 I/BLASTBufferQueue_Java( 5517): update, w= 135 h= 135 mName = VRI[]@3601014 mNativeObject= 0xb40000712cf5c000 sc.mNativeObject= 0xb4000071775a9800 format= -3 caller= android.view.ViewRootImpl.updateBlastSurfaceIfNeeded:3574 android.view.ViewRootImpl.relayoutWindow:11685 android.view.ViewRootImpl.performTraversals:4804 android.view.ViewRootImpl.doTraversal:3924 android.view.ViewRootImpl$TraversalRunnable.run:12903 android.view.Choreographer$CallbackRecord.run:1901 
02-12 21:48:59.102 I/VRI[]@3601014( 5517): Relayout returned: old=(814,1760,949,1895) new=(814,1008,949,1143) relayoutAsync=true req=(135,135)0 dur=1 res=0x0 s={true 0xb4000071357dfc00} ch=false seqId=0
02-12 21:48:59.102 D/SurfaceComposerClient( 2494): setCornerRadius ## e5c1805 ch.threema.app/ch.threema.app.activities.ComposeMessageActivity#29705 cornerRadius=0.000000
02-12 21:48:59.103 I/VRI[]@3601014( 5517): registerCallbackForPendingTransactions
02-12 21:48:59.103 D/SurfaceComposerClient( 2494): setCornerRadius ## e5c1805 ch.threema.app/ch.threema.app.activities.ComposeMessageActivity#29705 cornerRadius=0.000000
02-12 21:48:59.105 I/VRI[]@3601014( 5517): mWNT: t=0xb4000070d8160f00 mBlastBufferQueue=0xb40000712cf5c000 fn= 487 HdrRenderState mRenderHdrSdrRatio=1.0 caller= android.view.ViewRootImpl$10.onFrameDraw:6536 android.view.ViewRootImpl$4.onFrameDraw:2489 android.view.ThreadedRenderer$1.onFrameDraw:718 
02-12 21:48:59.105 I/WindowManager( 2494): Relayout Window{f9ce0b7 u0 ch.heuscher.safe_home_button}: viewVisibility=0 req=1080x2131 ty=2038 d0
02-12 21:48:59.106 I/SurfaceFlinger( 2224): id=31324 createSurf, flag=44004, $_5517#31324
02-12 21:48:59.106 D/WindowManager( 2494): makeSurface duration=1 name=$_5517
02-12 21:48:59.106 I/WindowManager( 2494): Relayout hash=bc2c387, pid=0, syncId=-1: mAttrs={(814,1008)(135x135) gr=TOP LEFT CENTER sim={adjust=pan} layoutInDisplayCutoutMode=shortEdges ty=APPLICATION_OVERLAY fmt=TRANSLUCENT
02-12 21:48:59.106 I/WindowManager( 2494):   fl=1040228
02-12 21:48:59.106 I/WindowManager( 2494):   pfl=10000000
02-12 21:48:59.106 I/WindowManager( 2494):   bhv=1
02-12 21:48:59.106 I/WindowManager( 2494):   frameRateBoostOnTouch=true
02-12 21:48:59.106 I/WindowManager( 2494):   dvrrWindowFrameRateHint=true naviIconColor=0}
02-12 21:48:59.106 D/SurfaceComposerClient( 2494): setCornerRadius ## e5c1805 ch.threema.app/ch.threema.app.activities.ComposeMessageActivity#29705 cornerRadius=0.000000
02-12 21:48:59.107 D/SurfaceComposerClient( 2494): setCornerRadius ## e5c1805 ch.threema.app/ch.threema.app.activities.ComposeMessageActivity#29705 cornerRadius=0.000000
02-12 21:48:59.109 I/WindowManager( 2494): Relayout hash=f9ce0b7, pid=5517, syncId=-1: mAttrs={(0,0)(fillxfill) gr=TOP LEFT CENTER sim={adjust=pan} ty=APPLICATION_OVERLAY fmt=TRANSLUCENT alpha=0.8
02-12 21:48:59.109 I/WindowManager( 2494):   fl=1000318
02-12 21:48:59.109 I/WindowManager( 2494):   bhv=1
02-12 21:48:59.109 I/WindowManager( 2494):   fitTypes=206
02-12 21:48:59.109 I/WindowManager( 2494):   frameRateBoostOnTouch=true
02-12 21:48:59.109 I/WindowManager( 2494):   dvrrWindowFrameRateHint=true naviIconColor=0}
02-12 21:48:59.111 W/libc    ( 5517): Access denied finding property "vendor.display.enable_optimal_refresh_rate"
02-12 21:48:59.111 I/BufferQueueProducer( 5517): [](id:158d000000f5,api:0,p:0,c:5517) setDequeueTimeout:2077252342
02-12 21:48:59.111 I/BLASTBufferQueue_Java( 5517): new BLASTBufferQueue, mName= VRI[]@a984125 mNativeObject= 0xb40000712cf27000 caller= android.view.ViewRootImpl.updateBlastSurfaceIfNeeded:3585 android.view.ViewRootImpl.relayoutWindow:11685 android.view.ViewRootImpl.performTraversals:4804 android.view.ViewRootImpl.doTraversal:3924 android.view.ViewRootImpl$TraversalRunnable.run:12903 android.view.Choreographer$CallbackRecord.run:1901 android.view.Choreographer$CallbackRecord.run:1910 android.view.Choreographer.doCallbacks:1367 android.view.Choreographer.doFrame:1292 android.view.Choreographer$FrameDisplayEventReceiver.run:1870 
02-12 21:48:59.112 I/BLASTBufferQueue_Java( 5517): update, w= 1080 h= 2131 mName = VRI[]@a984125 mNativeObject= 0xb40000712cf27000 sc.mNativeObject= 0xb40000713b4d99c0 format= -3 caller= android.view.ViewRootImpl.updateBlastSurfaceIfNeeded:3590 android.view.ViewRootImpl.relayoutWindow:11685 android.view.ViewRootImpl.performTraversals:4804 android.view.ViewRootImpl.doTraversal:3924 android.view.ViewRootImpl$TraversalRunnable.run:12903 android.view.Choreographer$CallbackRecord.run:1901 
02-12 21:48:59.112 W/libc    ( 5517): Access denied finding property "vendor.display.enable_optimal_refresh_rate"
02-12 21:48:59.113 I/VRI[]@a984125( 5517): Relayout returned: old=(0,74,1080,2205) new=(0,74,1080,2205) relayoutAsync=false req=(1080,2131)0 dur=6 res=0x3 s={true 0xb40000713b2c8300} ch=true seqId=0
02-12 21:48:59.114 D/VRI[]@a984125( 5517): mThreadedRenderer.initialize() mSurface={isValid=true 0xb40000713b2c8300} hwInitialized=true
02-12 21:48:59.115 D/VRI[]@a984125( 5517): reportNextDraw android.view.ViewRootImpl.performTraversals:5443 android.view.ViewRootImpl.doTraversal:3924 android.view.ViewRootImpl$TraversalRunnable.run:12903 android.view.Choreographer$CallbackRecord.run:1901 android.view.Choreographer$CallbackRecord.run:1910 
02-12 21:48:59.115 D/VRI[]@a984125( 5517): Setup new sync=wmsSync-VRI[]@a984125#90
02-12 21:48:59.115 I/VRI[]@a984125( 5517): Creating new active sync group VRI[]@a984125#91
02-12 21:48:59.115 D/VRI[]@a984125( 5517): Start draw after previous draw not visible
02-12 21:48:59.116 D/VRI[]@a984125( 5517): registerCallbacksForSync syncBuffer=false
02-12 21:48:59.117 D/VRI[]@a984125( 5517): Received frameDrawingCallback syncResult=0 frameNum=1.
02-12 21:48:59.117 I/SurfaceFlinger( 2224): [$_5517#31324] attach to parent LayerHierarchy{RequestedLayerState{f9ce0b7 ch.heuscher.safe_home_button#31075 parentId=31074} 1 children}
02-12 21:48:59.117 I/VRI[]@a984125( 5517): mWNT: t=0xb4000071357e8d00 mBlastBufferQueue=0xb40000712cf27000 fn= 1 HdrRenderState mRenderHdrSdrRatio=1.0 caller= android.view.ViewRootImpl$12.onFrameDraw:15441 android.view.ThreadedRenderer$1.onFrameDraw:718 <bottom of call stack> 
02-12 21:48:59.117 I/VRI[]@a984125( 5517): Setting up sync and frameCommitCallback
02-12 21:48:59.119 I/BLASTBufferQueue( 5517): [VRI[]@a984125#245](f:0,a:0,s:0) onFrameAvailable the first frame is available
02-12 21:48:59.119 I/SurfaceComposerClient( 5517): apply transaction with the first frame. layerId: 31324, bufferData(ID: 23695334573012, frameNumber: 1)
02-12 21:48:59.120 I/SurfaceFlinger( 2224): [$_5517#31324] setTransactionState with the first frame. bufferData(ID: 23695334573012, frameNumber: 1)
02-12 21:48:59.121 I/VRI[]@a984125( 5517): Received frameCommittedCallback lastAttemptedDrawFrameNum=1 didProduceBuffer=true
02-12 21:48:59.122 D/VRI[]@a984125( 5517): reportDrawFinished seqId=0
02-12 21:48:59.122 D/WindowManager( 2494): finishDrawingWindow: Window{f9ce0b7 u0 ch.heuscher.safe_home_button} mDrawState=DRAW_PENDING seqId=0
02-12 21:48:59.123 D/SurfaceComposerClient( 2494): setCornerRadius ## e5c1805 ch.threema.app/ch.threema.app.activities.ComposeMessageActivity#29705 cornerRadius=0.000000
02-12 21:48:59.124 V/WindowManager( 2494): performShowLocked: mDrawState=HAS_DRAWN in Window{f9ce0b7 u0 ch.heuscher.safe_home_button}
02-12 21:48:59.124 D/SurfaceComposerClient( 2494): setCornerRadius ## e5c1805 ch.threema.app/ch.threema.app.activities.ComposeMessageActivity#29705 cornerRadius=0.000000
02-12 21:48:59.150 I/SurfaceFlinger( 2224): RequestedLayer [$_5517#31324] hidden!! flag  from(1) --> to(0)
02-12 21:48:59.158 D/SurfaceFlinger( 2224): Display 4630947118961383299 HWC layers:
02-12 21:48:59.158 D/SurfaceFlinger( 2224):        DEVICE |           43473658970296 | 00002102 | RGBA_8888    |    0.0    0.0 1080.0 2340.0 |    0    0 1080 2340 | ch.threema.app/ch.threema.app.activities.ComposeMessageActivity$_10122#30362 (5842)
02-12 21:48:59.158 D/SurfaceFlinger( 2224):        DEVICE |           31318901523327 | 00002100 | RGBA_8888    |    0.0    0.0 1080.0 2266.0 |    0   74 1080 2340 | InputMethod$_7292#30364 (295)
02-12 21:48:59.158 D/SurfaceFlinger( 2224):        DEVICE |           23695334573012 | 00002100 | RGBA_8888    |    0.0    0.0 1080.0 2131.0 |    0   74 1080 2205 | $_5517#31324 (1)
02-12 21:48:59.158 D/SurfaceFlinger( 2224):        DEVICE |           23695334572041 | 00002100 | RGBA_8888    |    0.0    0.0  135.0  135.0 |  814 1008  949 1143 | $_5517#31081 (487)
02-12 21:48:59.158 D/SurfaceFlinger( 2224):        DEVICE |           19954418073737 | 00002100 | RGBA_8888    |    0.0    0.0 1080.0   74.0 |    0    0 1080   74 | StatusBar$_4646#107 (42129)
02-12 21:48:59.158 D/SurfaceFlinger( 2224):        DEVICE |           19954418073725 | 00002100 | RGBA_8888    |    0.0    0.0 1080.0  135.0 |    0 2205 1080 2340 | NavigationBar0$_4646#103 (6896)
02-12 21:48:59.158 D/SurfaceFlinger( 2224): 
02-12 21:48:59.182 D/KeyboardManager( 5517): adjustPositionForKeyboard: screenHeight=2340, keyboardHeight=995, buttonSize=135, margin=202
02-12 21:48:59.184 D/KeyboardManager( 5517): adjustPositionForKeyboard: keyboardTop=1345, safeZoneY=1008, statusBarHeight=74, minY=74
02-12 21:48:59.184 D/KeyboardManager( 5517): adjustPositionForKeyboard: FINAL - currentY=1008, safeZoneY=1008, newY=1008, willMove=false
02-12 21:48:59.238 D/WifiStaIfaceHidlImpl( 2494): getCachedScanData is not implemented by HIDL
02-12 21:48:59.247 D/SemWifiUsabilityStatsMonitor( 2494): onWifiUsabilityStats - seqNum 15811, isSameBssidAndFreq true
02-12 21:48:59.248 I/EPDG -- SIM0 [SMARTWIFI]( 5493): isProfiling, hash=261413887, started=true
02-12 21:48:59.248 I/SemWifiLinkQualityMonitor( 2494): Link stat: 2789 / 74 / 1.28 (136) / 351 / -65.0 || 100.0 : 351.00 / 0.5 : 0.78 / 0.55 : 0.03 / G (G) || 312052275180: 0.097 / 82.684 / N || N V / 0 0 / N 2.0 / N X 0 / 228509453 0 || 2026-02-12 21:48:58  / 0: 0 0 0 0 0 0 / 0: 0 0 0 0 0 0 / 0: 0 0 0 0 0 0
02-12 21:48:59.248 I/EPDG -- SIM0 [SMARTWIFI]( 5493): isProfiling, hash=261413887, started=true
02-12 21:48:59.251 I/EPDG -- SIM0 [SMARTWIFI]( 5493): Rssi : -65 highrange : -75 lowrange : -85 mIsRssiInHystersis : false
02-12 21:48:59.251 I/EPDG -- SIM0 [SMARTWIFI]( 5493): Rssi : -65 highrange : -75 lowrange : -85 mIsRssiInHystersis : false
02-12 21:48:59.252 I/EPDG -- SIM0 [SMARTWIFI]( 5493): getHandoverThresholdMet: value is: false
02-12 21:48:59.316 D/KeyboardManager( 5517): adjustPositionForKeyboard: screenHeight=2340, keyboardHeight=995, buttonSize=135, margin=202
02-12 21:48:59.318 D/KeyboardManager( 5517): adjustPositionForKeyboard: keyboardTop=1345, safeZoneY=1008, statusBarHeight=74, minY=74
02-12 21:48:59.318 D/KeyboardManager( 5517): adjustPositionForKeyboard: FINAL - currentY=1008, safeZoneY=1008, newY=1008, willMove=false
02-12 21:48:59.384 D/KeyboardManager( 5517): adjustPositionForKeyboard: screenHeight=2340, keyboardHeight=995, buttonSize=135, margin=202
02-12 21:48:59.385 D/KeyboardManager( 5517): adjustPositionForKeyboard: keyboardTop=1345, safeZoneY=1008, statusBarHeight=74, minY=74
02-12 21:48:59.385 D/KeyboardManager( 5517): adjustPositionForKeyboard: FINAL - currentY=1008, safeZoneY=1008, newY=1008, willMove=false
02-12 21:48:59.472 D/io_stats( 1151): !@   8,0 r 63265344 775508286 w 12514263 171116288 d 1388107 268519036 f 405158 1595073 iot 17661708 0 th 0 0 0 pt 0 inp 0 0 228509.679
02-12 21:48:59.502 D/KeyboardManager( 5517): adjustPositionForKeyboard: screenHeight=2340, keyboardHeight=995, buttonSize=135, margin=202
02-12 21:48:59.504 D/KeyboardManager( 5517): adjustPositionForKeyboard: keyboardTop=1345, safeZoneY=1008, statusBarHeight=74, minY=74
02-12 21:48:59.504 D/KeyboardManager( 5517): adjustPositionForKeyboard: FINAL - currentY=1008, safeZoneY=1008, newY=1008, willMove=false
02-12 21:48:59.583 E/adbd    (19743): [server]: SSL_read failed [invalid library (0)]
02-12 21:48:59.583 I/adbd    (19743): host-30: read failed: Connection reset by peer
02-12 21:48:59.583 I/adbd    (19743): host-30: connection terminated: read failed
02-12 21:48:59.584 I/adbd    (19743): ADB wifi device disconnected
02-12 21:48:59.586 E/adbd    (19743): [server]: SSL_write failed [invalid library (0)]
02-12 21:48:59.590 I/adbd    (19743): BlockingConnectionAdapter(host-30): stopping
02-12 21:48:59.591 I/adbd    (19743): BlockingConnectionAdapter(host-30): stopped
02-12 21:48:59.591 I/adbd    (19743): BlockingConnectionAdapter(host-30): destructing
02-12 21:48:59.592 I/adbd    (19743): BlockingConnectionAdapter(host-30): already stopped
02-12 21:48:59.594 I/adbd    (19743): adbd_auth: marking framework writable
02-12 21:48:59.597 W/adbd    (19743): timed out while waiting for FUNCTIONFS_BIND, trying again
02-12 21:48:59.597 I/adbd    (19743): UsbFfs: connection terminated: monitor thread finished
02-12 21:48:59.601 D/AdbDebuggingManager( 2494): Received WIFI TLS disconnect key message: QAAAAAM4WsNVzbv+6p4HOXeCSpgcc3tkv8L+pyqkm0/nKlUb9mlZwruUH5zBhkdZki87NbdTTM/zOyi+EfU3XjoxMMAmISk+QqDWUfY2mgd3joteb+HDOH6UsTfMdEFAgEgTKd7vcNRBUNt8PPrlrsFKV/5O8Nzv4NLywfcv1Woq0Uvga8EB07yulOgZ5e4rMpSKUTBQ/oMBeyWkmbZaiyd2LmhS5cYyrDxYtIIkDWzpKvGjDD6nQ4iWGoqaji10BLBCoK4y2xEEqXUypee7saKnkeRDawIO1QUM9fHQUj+NPRJB8F8Jrwz1OsY/pmusuHdbz3oIPkA71k9N95Rky/x+jltxiMSjyZ2tsJGwZxEUL3icezwLXFtlGauXiNhKldqP8xvoRQpbrh+rFIu/LKHblsWpczVJiJdbYXX0M7ehVL668cVT0a7LW7lA7US48bIqWqVs7Mvwd4+A17ezkby3blWmTWyDMJUKKD+7SID11lucx1fPXInqxQIuAwgdi7avsssJZmrGLht6uGhJBTH/VzGbecoV77bHSA9QH6Zxd8rvXGs9v0Ks2hEjuM/b/VW0jZ0UM83bSsvj6wTqdh+ePYWqtbztYcI4jXAmJpexlFOXS4jxpmLmZ2jIg0byUgfhgCk4cCw6IdVyZAuNz6y4NYgaQtz5mPkJjWzppy8ct6SVuFMWjQEAAQA= steph@S
02-12 21:48:59.609 D/EdgeLightingManager( 2494): hideForNotification : packageName = android
02-12 21:48:59.609 D/EdgeLightingPolicyManager:NotificationGroup( 2494): remove : sbn : StatusBarNotification(pkg=android user=UserHandle{-1} id=62 tag=null key=-1|android|62|null|1000: Notification(channel=DEVELOPER_IMPORTANT shortcut=null contentView=null vibrate=null sound=null tick defaults=0 flags=ONGOING_EVENT|CAN_COLORIZE color=0xff888fa2 vis=PUBLIC semFlags=0x0 semPriority=0 semMissedCount=0))
02-12 21:48:59.609 D/EdgeLightingPolicyManager.NotificationGroup( 2494): group notification count : 1
02-12 21:48:59.609 D/EdgeLightingManager( 2494): hideForNotification : isInteractive is true
02-12 21:48:59.611 D/KeyboardManager( 5517): adjustPositionForKeyboard: screenHeight=2340, keyboardHeight=995, buttonSize=135, margin=202
02-12 21:48:59.613 D/KeyboardManager( 5517): adjustPositionForKeyboard: keyboardTop=1345, safeZoneY=1008, statusBarHeight=74, minY=74
02-12 21:48:59.613 D/KeyboardManager( 5517): adjustPositionForKeyboard: FINAL - currentY=1008, safeZoneY=1008, newY=1008, willMove=false
02-12 21:48:59.615 D/S.S.N.  ( 4646): onEntryRemoved parent : -1|android|62|null|1000
02-12 21:48:59.616 D/InsignificantCoordinator( 4646): onEntryRemoved :-1|android|62|null|1000 flags: 0 entrySize:0
02-12 21:48:59.617 I/HoneySpace.NotificationListener( 5093): onNotificationRemoved android: -1|android|62|null|1000: 0
02-12 21:48:59.617 I/HoneySpace.NotificationListener( 5093): onNotificationRemoved sbn : StatusBarNotification(pkg=android user=UserHandle{-1} id=62 tag=null key=-1|android|62|null|1000: Notification(channel=DEVELOPER_IMPORTANT shortcut=null contentView=null vibrate=null sound=null tick defaults=0 flags=ONGOING_EVENT|CAN_COLORIZE color=0xff888fa2 vis=PUBLIC semFlags=0x0 semPriority=0 semMissedCount=0)), reason : 8
02-12 21:48:59.618 D/NotificationReminder( 2494): removeFromNotificationList record android
02-12 21:48:59.619 W/AccessibilityManagerService( 2494):  wait for adding window timeout: 2441
02-12 21:48:59.624 D/CollectorHandler( 9065): handleMessage, event: ON_NOTIFICATION_REMOVED
02-12 21:48:59.624 D/StreamDBQueue( 9065): Promised revision #492191 to queue a new op
02-12 21:48:59.624 D/BaseStreamManager( 9065): Promised remove @ r#492191 for StreamItemIdAndRevision{notifKey=-1|android|62|null|1000, packageName=android, id=62, revision=0, originalRevision=0, updateCount=0} (@492190): SBN removed: StreamItemIdAndRevision{notifKey=-1|android|62|null|1000, packageName=android, id=62, revision=0, originalRevision=0, updateCount=0}
02-12 21:48:59.624 D/StreamDatabase( 9065): remove. itemId: StreamItemIdAndRevision{notifKey=-1|android|62|null|1000, packageName=android, id=62, revision=492167, originalRevision=492167, updateCount=0}
02-12 21:48:59.627 D/PluginActionManager( 4646): stopListening
02-12 21:48:59.628 D/StackScroller( 4646): generateRemoveAnimation -1|android|62|null|1000
02-12 21:48:59.628 D/StackScroller( 4646): generateRemoveAnimation -1|android|62|null|1000 mIsExpanded false mAnimationsEnabled true
02-12 21:48:59.628 D/StackScroller( 4646): onViewRemovedInternal remove child without animation -1|android|62|null|1000
02-12 21:48:59.631 I/View    ( 4646): setRequestedFrameRate frameRate=-2.0, this=StatusBarIconView(slot='android/0x3e' alpha=1.0 icon=StatusBarIcon(icon=Icon(typ=RESOURCE pkg=android id=0x01080bef) visible user=-1 ) visibleState=ICON iconColor=#ffffffff staticDrawableColor=#ffffffff decorColor=#ffffffff animationStartColor=#0 currentSetColor=#ffffffff notification=StatusBarNotification(pkg=android user=UserHandle{-1} id=62 tag=null key=-1|android|62|null|1000: Notification(channel=DEVELOPER_IMPORTANT shortcut=null contentView=null vibrate=null sound=null tick defaults=0 flags=ONGOING_EVENT|CAN_COLORIZE color=0xff888fa2 vis=PUBLIC semFlags=0x0 semPriority=0 semMissedCount=0))), caller=com.android.systemui.statusbar.StatusBarIconView.onAttachedToWindow:6 android.view.View.dispatchAttachedToWindow:24320 android.view.ViewGroup.addTransientView:5172 com.android.systemui.statusbar.phone.NotificationIconContainer.onViewRemoved:108 android.view.ViewGroup.dispatchViewRemoved:5433 
02-12 21:48:59.634 I/View    ( 4646): setRequestedFrameRate frameRate=-2.0, this=StatusBarIconView(slot='android/0x3e' alpha=1.0 icon=StatusBarIcon(icon=Icon(typ=RESOURCE pkg=android id=0x01080bef) visible user=-1 ) visibleState=ICON iconColor=#fffafaff staticDrawableColor=#ff8990a3 decorColor=#ff1b6cf7 animationStartColor=#0 currentSetColor=#fffafaff notification=StatusBarNotification(pkg=android user=UserHandle{-1} id=62 tag=null key=-1|android|62|null|1000: Notification(channel=DEVELOPER_IMPORTANT shortcut=null contentView=null vibrate=null sound=null tick defaults=0 flags=ONGOING_EVENT|CAN_COLORIZE color=0xff888fa2 vis=PUBLIC semFlags=0x0 semPriority=0 semMissedCount=0))), caller=com.android.systemui.statusbar.StatusBarIconView.onAttachedToWindow:6 android.view.View.dispatchAttachedToWindow:24320 android.view.ViewGroup.addTransientView:5172 com.android.systemui.statusbar.phone.NotificationIconContainer.onViewRemoved:108 android.view.ViewGroup.dispatchViewRemoved:5433 
02-12 21:48:59.634 D/SubscreenNotificationListCoordinator( 4646): onAfterRenderList() isSubScreen = false, pluginLockMode = 0, doNotShowOnCover = false
02-12 21:48:59.635 W/RefactorFlag( 4646): New code path expects SceneContainerFlag to be enabled.
02-12 21:48:59.637 I/LockscreenNotificationIconsOnlyController( 4646): onNotificationInfoUpdated 0
02-12 21:48:59.637 I/AODNotificationManager( 4646): updateNotification() 
02-12 21:48:59.649 I/adbd    (19743): opening control endpoint /dev/usb-ffs/adb/ep0
02-12 21:48:59.685 D/KeyboardManager( 5517): adjustPositionForKeyboard: screenHeight=2340, keyboardHeight=995, buttonSize=135, margin=202
02-12 21:48:59.687 D/KeyboardManager( 5517): adjustPositionForKeyboard: keyboardTop=1345, safeZoneY=1008, statusBarHeight=74, minY=74
02-12 21:48:59.687 D/KeyboardManager( 5517): adjustPositionForKeyboard: FINAL - currentY=1008, safeZoneY=1008, newY=1008, willMove=false
02-12 21:48:59.722 D/BackHomeAccessibilityService( 5517): Window state changed: class=android.view.View, package=ch.heuscher.safe_home_button, isKeyboard=false
02-12 21:48:59.814 D/KeyboardManager( 5517): adjustPositionForKeyboard: screenHeight=2340, keyboardHeight=995, buttonSize=135, margin=202
