02-12 21:48:53.042 I/WindowManager( 2494): Relayout hash=f9ce0b7, pid=5517, syncId=-1: mAttrs={(0,0)(fillxfill) gr=TOP LEFT CENTER sim={adjust=pan} ty=APPLICATION_OVERLAY fmt=TRANSLUCENT alpha=0.8
02-12 21:48:53.042 I/WindowManager( 2494):   fl=1000318
02-12 21:48:53.042 I/WindowManager( 2494):   bhv=1
02-12 21:48:53.042 I/WindowManager( 2494):   fitTypes=206
02-12 21:48:53.042 I/WindowManager( 2494):   frameRateBoostOnTouch=true
02-12 21:48:53.042 I/WindowManager( 2494):   dvrrWindowFrameRateHint=true naviIconColor=0}
02-12 21:48:53.043 I/SurfaceFlinger( 2224): [LayerHierarchy{RequestedLayerState{$_5517#31320} no children}] reparent to OffscreenRoot
02-12 21:48:53.043 I/SurfaceFlinger( 2224): [LayerHierarchy{RequestedLayerState{$_5517#31320} no children}] RelativeParent to null
02-12 21:48:53.045 I/VRI[]@a984125( 5517): Relayout returned: old=(0,74,1080,2205) new=(0,74,1080,2205) relayoutAsync=false req=(1080,2131)8 dur=7 res=0x2 s={false 0x0} ch=true seqId=0
02-12 21:48:53.046 D/VRI[]@a984125( 5517): Not drawing due to not visible. Reason=View.GONE
02-12 21:48:53.047 I/SurfaceFlinger( 2224): id=31320 Removed $_5517#31320 (278)
02-12 21:48:53.054 D/SurfaceFlinger( 2224): Display 4630947118961383299 HWC layers:
02-12 21:48:53.054 D/SurfaceFlinger( 2224):        DEVICE |           43473658970296 | 00002102 | RGBA_8888    |    0.0    0.0 1080.0 2340.0 |    0    0 1080 2340 | ch.threema.app/ch.threema.app.activities.ComposeMessageActivity$_10122#30362 (5830)
02-12 21:48:53.054 D/SurfaceFlinger( 2224):        DEVICE |           31318901523327 | 00002100 | RGBA_8888    |    0.0    0.0 1080.0 2266.0 |    0   74 1080 2340 | InputMethod$_7292#30364 (295)
02-12 21:48:53.054 D/SurfaceFlinger( 2224):        DEVICE |           23695334572040 | 00002100 | RGBA_8888    |    0.0    0.0  135.0  135.0 |  814 1008  949 1143 | $_5517#31081 (480)
02-12 21:48:53.054 D/SurfaceFlinger( 2224):        DEVICE |           19954418073729 | 00002100 | RGBA_8888    |    0.0    0.0 1080.0   74.0 |    0    0 1080   74 | StatusBar$_4646#107 (42128)
02-12 21:48:53.054 D/SurfaceFlinger( 2224):        DEVICE |           19954418073725 | 00002100 | RGBA_8888    |    0.0    0.0 1080.0  135.0 |    0 2205 1080 2340 | NavigationBar0$_4646#103 (6896)
02-12 21:48:53.054 D/SurfaceFlinger( 2224): 
02-12 21:48:53.060 I/SurfaceFlinger( 2224): destroyed $_5517#31320 form LifecycleManager
02-12 21:48:53.060 I/SurfaceFlinger( 2224): id=31320 onLayerDestroyed from LayerHierarchyBuilder(RequestedLayerState{$_5517#31320 !handle})
02-12 21:48:53.061 I/Layer   ( 2224): id=31320 Destroyed $_5517#31320
02-12 21:48:53.085 D/KeyboardManager( 5517): adjustPositionForKeyboard: screenHeight=2340, keyboardHeight=995, buttonSize=135, margin=202
02-12 21:48:53.086 D/KeyboardManager( 5517): adjustPositionForKeyboard: keyboardTop=1345, safeZoneY=1008, statusBarHeight=74, minY=74
02-12 21:48:53.086 D/KeyboardManager( 5517): adjustPositionForKeyboard: FINAL - currentY=1760, safeZoneY=1008, newY=1008, willMove=true
02-12 21:48:53.086 I/KeyboardManager( 5517): POSITION_CHANGE: reason=KEYBOARD_SHOW, pre_position=(814, 1760), post_position=(814, 1008)
02-12 21:48:53.096 I/BLASTBufferQueue_Java( 5517): update, w= 135 h= 135 mName = VRI[]@3601014 mNativeObject= 0xb40000712cf5c000 sc.mNativeObject= 0xb4000071775a9800 format= -3 caller= android.view.ViewRootImpl.updateBlastSurfaceIfNeeded:3574 android.view.ViewRootImpl.relayoutWindow:11685 android.view.ViewRootImpl.performTraversals:4804 android.view.ViewRootImpl.doTraversal:3924 android.view.ViewRootImpl$TraversalRunnable.run:12903 android.view.Choreographer$CallbackRecord.run:1901 
02-12 21:48:53.096 I/WindowManager( 2494): Relayout Window{bc2c387 u0 ch.heuscher.safe_home_button}: viewVisibility=0 req=135x135 ty=2038 d0
02-12 21:48:53.096 I/VRI[]@3601014( 5517): Relayout returned: old=(814,1760,949,1895) new=(814,1008,949,1143) relayoutAsync=true req=(135,135)0 dur=1 res=0x0 s={true 0xb4000071357dfc00} ch=false seqId=0
02-12 21:48:53.098 I/VRI[]@3601014( 5517): registerCallbackForPendingTransactions
02-12 21:48:53.098 D/SurfaceComposerClient( 2494): setCornerRadius ## e5c1805 ch.threema.app/ch.threema.app.activities.ComposeMessageActivity#29705 cornerRadius=0.000000
02-12 21:48:53.099 I/VRI[]@3601014( 5517): mWNT: t=0xb40000713eac8200 mBlastBufferQueue=0xb40000712cf5c000 fn= 481 HdrRenderState mRenderHdrSdrRatio=1.0 caller= android.view.ViewRootImpl$10.onFrameDraw:6536 android.view.ViewRootImpl$4.onFrameDraw:2489 android.view.ThreadedRenderer$1.onFrameDraw:718 
02-12 21:48:53.101 D/SurfaceComposerClient( 2494): setCornerRadius ## e5c1805 ch.threema.app/ch.threema.app.activities.ComposeMessageActivity#29705 cornerRadius=0.000000
02-12 21:48:53.104 I/WindowManager( 2494): Relayout Window{f9ce0b7 u0 ch.heuscher.safe_home_button}: viewVisibility=0 req=1080x2131 ty=2038 d0
02-12 21:48:53.105 I/SurfaceFlinger( 2224): id=31321 createSurf, flag=44004, $_5517#31321
02-12 21:48:53.106 D/WindowManager( 2494): makeSurface duration=2 name=$_5517
02-12 21:48:53.106 I/WindowManager( 2494): Relayout hash=bc2c387, pid=0, syncId=-1: mAttrs={(814,1008)(135x135) gr=TOP LEFT CENTER sim={adjust=pan} layoutInDisplayCutoutMode=shortEdges ty=APPLICATION_OVERLAY fmt=TRANSLUCENT
02-12 21:48:53.106 I/WindowManager( 2494):   fl=1040228
02-12 21:48:53.106 I/WindowManager( 2494):   pfl=10000000
02-12 21:48:53.106 I/WindowManager( 2494):   bhv=1
02-12 21:48:53.106 I/WindowManager( 2494):   frameRateBoostOnTouch=true
02-12 21:48:53.106 I/WindowManager( 2494):   dvrrWindowFrameRateHint=true naviIconColor=0}
02-12 21:48:53.106 D/SurfaceComposerClient( 2494): setCornerRadius ## e5c1805 ch.threema.app/ch.threema.app.activities.ComposeMessageActivity#29705 cornerRadius=0.000000
02-12 21:48:53.108 D/SurfaceComposerClient( 2494): setCornerRadius ## e5c1805 ch.threema.app/ch.threema.app.activities.ComposeMessageActivity#29705 cornerRadius=0.000000
02-12 21:48:53.110 I/SurfaceFlinger( 2224): [$_5517#31321] attach to parent LayerHierarchy{RequestedLayerState{f9ce0b7 ch.heuscher.safe_home_button#31075 parentId=31074} 1 children}
02-12 21:48:53.111 I/WindowManager( 2494): Relayout hash=f9ce0b7, pid=5517, syncId=-1: mAttrs={(0,0)(fillxfill) gr=TOP LEFT CENTER sim={adjust=pan} ty=APPLICATION_OVERLAY fmt=TRANSLUCENT alpha=0.8
02-12 21:48:53.111 I/WindowManager( 2494):   fl=1000318
02-12 21:48:53.111 I/WindowManager( 2494):   bhv=1
02-12 21:48:53.111 I/WindowManager( 2494):   fitTypes=206
02-12 21:48:53.111 I/WindowManager( 2494):   frameRateBoostOnTouch=true
02-12 21:48:53.111 I/WindowManager( 2494):   dvrrWindowFrameRateHint=true naviIconColor=0}
02-12 21:48:53.118 W/libc    ( 5517): Access denied finding property "vendor.display.enable_optimal_refresh_rate"
02-12 21:48:53.118 I/BufferQueueProducer( 5517): [](id:158d000000f2,api:0,p:0,c:5517) setDequeueTimeout:2077252342
02-12 21:48:53.119 I/BLASTBufferQueue_Java( 5517): new BLASTBufferQueue, mName= VRI[]@a984125 mNativeObject= 0xb40000712cf27000 caller= android.view.ViewRootImpl.updateBlastSurfaceIfNeeded:3585 android.view.ViewRootImpl.relayoutWindow:11685 android.view.ViewRootImpl.performTraversals:4804 android.view.ViewRootImpl.doTraversal:3924 android.view.ViewRootImpl$TraversalRunnable.run:12903 android.view.Choreographer$CallbackRecord.run:1901 android.view.Choreographer$CallbackRecord.run:1910 android.view.Choreographer.doCallbacks:1367 android.view.Choreographer.doFrame:1292 android.view.Choreographer$FrameDisplayEventReceiver.run:1870 
02-12 21:48:53.119 I/BLASTBufferQueue_Java( 5517): update, w= 1080 h= 2131 mName = VRI[]@a984125 mNativeObject= 0xb40000712cf27000 sc.mNativeObject= 0xb40000713b4d99c0 format= -3 caller= android.view.ViewRootImpl.updateBlastSurfaceIfNeeded:3590 android.view.ViewRootImpl.relayoutWindow:11685 android.view.ViewRootImpl.performTraversals:4804 android.view.ViewRootImpl.doTraversal:3924 android.view.ViewRootImpl$TraversalRunnable.run:12903 android.view.Choreographer$CallbackRecord.run:1901 
02-12 21:48:53.120 W/libc    ( 5517): Access denied finding property "vendor.display.enable_optimal_refresh_rate"
02-12 21:48:53.120 I/VRI[]@a984125( 5517): Relayout returned: old=(0,74,1080,2205) new=(0,74,1080,2205) relayoutAsync=false req=(1080,2131)0 dur=19 res=0x3 s={true 0xb40000713b2c7e00} ch=true seqId=0
02-12 21:48:53.122 D/VRI[]@a984125( 5517): mThreadedRenderer.initialize() mSurface={isValid=true 0xb40000713b2c7e00} hwInitialized=true
02-12 21:48:53.123 D/VRI[]@a984125( 5517): reportNextDraw android.view.ViewRootImpl.performTraversals:5443 android.view.ViewRootImpl.doTraversal:3924 android.view.ViewRootImpl$TraversalRunnable.run:12903 android.view.Choreographer$CallbackRecord.run:1901 android.view.Choreographer$CallbackRecord.run:1910 
02-12 21:48:53.123 D/VRI[]@a984125( 5517): Setup new sync=wmsSync-VRI[]@a984125#84
02-12 21:48:53.123 I/VRI[]@a984125( 5517): Creating new active sync group VRI[]@a984125#85
02-12 21:48:53.123 D/VRI[]@a984125( 5517): Start draw after previous draw not visible
02-12 21:48:53.124 D/VRI[]@a984125( 5517): registerCallbacksForSync syncBuffer=false
02-12 21:48:53.125 D/VRI[]@a984125( 5517): Received frameDrawingCallback syncResult=0 frameNum=1.
02-12 21:48:53.125 I/VRI[]@a984125( 5517): mWNT: t=0xb4000070d8162580 mBlastBufferQueue=0xb40000712cf27000 fn= 1 HdrRenderState mRenderHdrSdrRatio=1.0 caller= android.view.ViewRootImpl$12.onFrameDraw:15441 android.view.ThreadedRenderer$1.onFrameDraw:718 <bottom of call stack> 
02-12 21:48:53.125 I/VRI[]@a984125( 5517): Setting up sync and frameCommitCallback
02-12 21:48:53.129 I/BLASTBufferQueue( 5517): [VRI[]@a984125#242](f:0,a:0,s:0) onFrameAvailable the first frame is available
02-12 21:48:53.130 I/SurfaceComposerClient( 5517): apply transaction with the first frame. layerId: 31321, bufferData(ID: 23695334573000, frameNumber: 1)
02-12 21:48:53.132 I/SurfaceFlinger( 2224): [$_5517#31321] setTransactionState with the first frame. bufferData(ID: 23695334573000, frameNumber: 1)
02-12 21:48:53.133 I/VRI[]@a984125( 5517): Received frameCommittedCallback lastAttemptedDrawFrameNum=1 didProduceBuffer=true
02-12 21:48:53.133 D/VRI[]@a984125( 5517): reportDrawFinished seqId=0
02-12 21:48:53.134 D/WindowManager( 2494): finishDrawingWindow: Window{f9ce0b7 u0 ch.heuscher.safe_home_button} mDrawState=DRAW_PENDING seqId=0
02-12 21:48:53.135 D/SurfaceComposerClient( 2494): setCornerRadius ## e5c1805 ch.threema.app/ch.threema.app.activities.ComposeMessageActivity#29705 cornerRadius=0.000000
02-12 21:48:53.136 V/WindowManager( 2494): performShowLocked: mDrawState=HAS_DRAWN in Window{f9ce0b7 u0 ch.heuscher.safe_home_button}
02-12 21:48:53.136 D/SurfaceComposerClient( 2494): setCornerRadius ## e5c1805 ch.threema.app/ch.threema.app.activities.ComposeMessageActivity#29705 cornerRadius=0.000000
02-12 21:48:53.159 I/SurfaceFlinger( 2224): RequestedLayer [$_5517#31321] hidden!! flag  from(1) --> to(0)
02-12 21:48:53.163 D/SurfaceFlinger( 2224): Display 4630947118961383299 HWC layers:
02-12 21:48:53.163 D/SurfaceFlinger( 2224):        DEVICE |           43473658970296 | 00002102 | RGBA_8888    |    0.0    0.0 1080.0 2340.0 |    0    0 1080 2340 | ch.threema.app/ch.threema.app.activities.ComposeMessageActivity$_10122#30362 (5830)
02-12 21:48:53.163 D/SurfaceFlinger( 2224):        DEVICE |           31318901523327 | 00002100 | RGBA_8888    |    0.0    0.0 1080.0 2266.0 |    0   74 1080 2340 | InputMethod$_7292#30364 (295)
02-12 21:48:53.163 D/SurfaceFlinger( 2224):        DEVICE |           23695334573000 | 00002100 | RGBA_8888    |    0.0    0.0 1080.0 2131.0 |    0   74 1080 2205 | $_5517#31321 (1)
02-12 21:48:53.163 D/SurfaceFlinger( 2224):        DEVICE |           23695334572042 | 00002100 | RGBA_8888    |    0.0    0.0  135.0  135.0 |  814 1008  949 1143 | $_5517#31081 (481)
02-12 21:48:53.163 D/SurfaceFlinger( 2224):        DEVICE |           19954418073729 | 00002100 | RGBA_8888    |    0.0    0.0 1080.0   74.0 |    0    0 1080   74 | StatusBar$_4646#107 (42128)
02-12 21:48:53.163 D/SurfaceFlinger( 2224):        DEVICE |           19954418073725 | 00002100 | RGBA_8888    |    0.0    0.0 1080.0  135.0 |    0 2205 1080 2340 | NavigationBar0$_4646#103 (6896)
02-12 21:48:53.163 D/SurfaceFlinger( 2224): 
02-12 21:48:53.187 D/KeyboardManager( 5517): adjustPositionForKeyboard: screenHeight=2340, keyboardHeight=995, buttonSize=135, margin=202
02-12 21:48:53.189 D/KeyboardManager( 5517): adjustPositionForKeyboard: keyboardTop=1345, safeZoneY=1008, statusBarHeight=74, minY=74
02-12 21:48:53.189 D/KeyboardManager( 5517): adjustPositionForKeyboard: FINAL - currentY=1008, safeZoneY=1008, newY=1008, willMove=false
02-12 21:48:53.205 D/WifiStaIfaceHidlImpl( 2494): getCachedScanData is not implemented by HIDL
02-12 21:48:53.209 D/SemWifiUsabilityStatsMonitor( 2494): onWifiUsabilityStats - seqNum 15809, isSameBssidAndFreq true
02-12 21:48:53.210 I/SemWifiLinkQualityMonitor( 2494): Link stat: 2567 / 87 / 1.39 (143) / 234 / -64.0 || 100.0 : 234.00 / 0.5 : 0.72 / 0.55 : 0.03 / G (G) || 312052275180: 0.109 / 73.588 / N || N N / 0 0 / N 2.0 / N X 0 / 228503416 0 || 2026-02-12 21:48:52  / 0: 0 0 0 0 0 0 / 0: 0 0 0 0 0 0 / 0: 0 0 0 0 0 0
02-12 21:48:53.311 D/KeyboardManager( 5517): adjustPositionForKeyboard: screenHeight=2340, keyboardHeight=995, buttonSize=135, margin=202
02-12 21:48:53.313 D/KeyboardManager( 5517): adjustPositionForKeyboard: keyboardTop=1345, safeZoneY=1008, statusBarHeight=74, minY=74
02-12 21:48:53.313 D/KeyboardManager( 5517): adjustPositionForKeyboard: FINAL - currentY=1008, safeZoneY=1008, newY=1008, willMove=false
02-12 21:48:53.379 W/adbd    (19743): timed out while waiting for FUNCTIONFS_BIND, trying again
02-12 21:48:53.379 I/adbd    (19743): UsbFfs: connection terminated: monitor thread finished
02-12 21:48:53.412 D/KeyboardManager( 5517): adjustPositionForKeyboard: screenHeight=2340, keyboardHeight=995, buttonSize=135, margin=202
02-12 21:48:53.413 I/adbd    (19743): opening control endpoint /dev/usb-ffs/adb/ep0
02-12 21:48:53.414 D/KeyboardManager( 5517): adjustPositionForKeyboard: keyboardTop=1345, safeZoneY=1008, statusBarHeight=74, minY=74
02-12 21:48:53.414 D/KeyboardManager( 5517): adjustPositionForKeyboard: FINAL - currentY=1008, safeZoneY=1008, newY=1008, willMove=false
02-12 21:48:53.468 D/io_stats( 1151): !@   8,0 r 63265314 775507922 w 12514237 171113744 d 1388107 268519036 f 405158 1595073 iot 17661652 0 th 0 0 0 pt 0 inp 0 0 228503.674
02-12 21:48:53.468 D/io_stats( 1151): !@ Read_top(KB): ndroid.systemui(4646) 76 f2fs_ckpt-254:6(1385) 8
02-12 21:48:53.468 D/io_stats( 1151): !@ Write_top(KB): kworker/u16:2(10753) 1840 f2fs_ckpt-254:6(1385) 84 init(1) 28
02-12 21:48:53.513 D/KeyboardManager( 5517): adjustPositionForKeyboard: screenHeight=2340, keyboardHeight=995, buttonSize=135, margin=202
02-12 21:48:53.515 D/KeyboardManager( 5517): adjustPositionForKeyboard: keyboardTop=1345, safeZoneY=1008, statusBarHeight=74, minY=74
02-12 21:48:53.515 D/KeyboardManager( 5517): adjustPositionForKeyboard: FINAL - currentY=1008, safeZoneY=1008, newY=1008, willMove=false
02-12 21:48:53.591 D/KeyboardManager( 5517): adjustPositionForKeyboard: screenHeight=2340, keyboardHeight=995, buttonSize=135, margin=202
02-12 21:48:53.592 D/KeyboardManager( 5517): adjustPositionForKeyboard: keyboardTop=1345, safeZoneY=1008, statusBarHeight=74, minY=74
02-12 21:48:53.592 D/KeyboardManager( 5517): adjustPositionForKeyboard: FINAL - currentY=1008, safeZoneY=1008, newY=1008, willMove=false
02-12 21:48:53.624 W/AccessibilityManagerService( 2494):  wait for adding window timeout: 2441
02-12 21:48:53.718 D/KeyboardManager( 5517): adjustPositionForKeyboard: screenHeight=2340, keyboardHeight=995, buttonSize=135, margin=202
02-12 21:48:53.720 D/KeyboardManager( 5517): adjustPositionForKeyboard: keyboardTop=1345, safeZoneY=1008, statusBarHeight=74, minY=74
02-12 21:48:53.720 D/KeyboardManager( 5517): adjustPositionForKeyboard: FINAL - currentY=1008, safeZoneY=1008, newY=1008, willMove=false
02-12 21:48:53.728 D/BackHomeAccessibilityService( 5517): Window state changed: class=android.view.View, package=ch.heuscher.safe_home_button, isKeyboard=false
02-12 21:48:53.841 D/KeyboardManager( 5517): adjustPositionForKeyboard: screenHeight=2340, keyboardHeight=995, buttonSize=135, margin=202
02-12 21:48:53.844 D/KeyboardManager( 5517): adjustPositionForKeyboard: keyboardTop=1345, safeZoneY=1008, statusBarHeight=74, minY=74
02-12 21:48:53.844 D/KeyboardManager( 5517): adjustPositionForKeyboard: FINAL - currentY=1008, safeZoneY=1008, newY=1008, willMove=false
02-12 21:48:53.884 D/SemWifiSwitchForIndividualAppsService( 2494): isSkipNetworkCondition - result:2
02-12 21:48:53.891 I/wpa_supplicant(19306): Heartbeat 219
02-12 21:48:53.892 D/KeyboardManager( 5517): adjustPositionForKeyboard: screenHeight=2340, keyboardHeight=995, buttonSize=135, margin=202
02-12 21:48:53.894 D/KeyboardManager( 5517): adjustPositionForKeyboard: keyboardTop=1345, safeZoneY=1008, statusBarHeight=74, minY=74
02-12 21:48:53.894 D/KeyboardManager( 5517): adjustPositionForKeyboard: FINAL - currentY=1008, safeZoneY=1008, newY=1008, willMove=false
02-12 21:48:53.919 E/HeatmapThread( 2212): ECT Thread time in milliseconds: 1770929333
02-12 21:48:53.922 D/HeatmapThread( 2212): !@ batteryplugType : 0
02-12 21:48:53.922 D/HeatmapThread( 2212): !@ batteryLevel : 36  batteryTemperature : 253 
02-12 21:48:53.922 D/HeatmapThread( 2212): !@ Heatmap currtime: 29515488
02-12 21:48:53.922 D/HeatmapThread( 2212): !@ Heatmap prevtime: 29515464
02-12 21:48:53.922 D/HeatmapThread( 2212): !@ Heatmap plugstarttime: 35791394
02-12 21:48:53.922 D/HeatmapThread( 2212): !@ Heatmap prevv_dsoh_update_time: 29514604
02-12 21:48:53.922 E/HeatmapThread( 2212): !@ CAM New BSOH: 100
02-12 21:48:53.944 D/NetdEventListenerService( 2494): DNS Requested by 222, 10244(com.android.chrome), 4(FAIL), isBlocked=true, 0ms
02-12 21:48:53.955 D/NetdEventListenerService( 2494): DNS Requested by 222, 10244(com.android.chrome), 4(FAIL), isBlocked=true, 0ms
02-12 21:48:53.956 W/chromium(26895): [WARNING:components/sync/engine/syncer_proto_util.cc:430] Error posting from syncer: Response Code (bogus on error): -1 Content-Length (bogus on error): -1 Server Status: CONNECTION_UNAVAILABLE
02-12 21:48:53.957 E/chromium(26895): [ERROR:components/sync/engine/get_updates_processor.cc:270] PostClientToServerMessage() failed during GetUpdates with error Network error (ERR_NAME_NOT_RESOLVED)
02-12 21:48:54.005 D/KeyboardManager( 5517): adjustPositionForKeyboard: screenHeight=2340, keyboardHeight=995, buttonSize=135, margin=202
02-12 21:48:54.007 D/KeyboardManager( 5517): adjustPositionForKeyboard: keyboardTop=1345, safeZoneY=1008, statusBarHeight=74, minY=74
02-12 21:48:54.007 D/KeyboardManager( 5517): adjustPositionForKeyboard: FINAL - currentY=1008, safeZoneY=1008, newY=1008, willMove=false
02-12 21:48:54.113 D/KeyboardManager( 5517): adjustPositionForKeyboard: screenHeight=2340, keyboardHeight=995, buttonSize=135, margin=202
02-12 21:48:54.115 D/KeyboardManager( 5517): adjustPositionForKeyboard: keyboardTop=1345, safeZoneY=1008, statusBarHeight=74, minY=74
02-12 21:48:54.115 D/KeyboardManager( 5517): adjustPositionForKeyboard: FINAL - currentY=1008, safeZoneY=1008, newY=1008, willMove=false
02-12 21:48:54.211 D/KeyboardManager( 5517): adjustPositionForKeyboard: screenHeight=2340, keyboardHeight=995, buttonSize=135, margin=202
02-12 21:48:54.213 D/KeyboardManager( 5517): adjustPositionForKeyboard: keyboardTop=1345, safeZoneY=1008, statusBarHeight=74, minY=74
02-12 21:48:54.213 D/KeyboardManager( 5517): adjustPositionForKeyboard: FINAL - currentY=1008, safeZoneY=1008, newY=1008, willMove=false
02-12 21:48:54.294 D/KeyboardManager( 5517): adjustPositionForKeyboard: screenHeight=2340, keyboardHeight=995, buttonSize=135, margin=202
02-12 21:48:54.295 D/KeyboardManager( 5517): adjustPositionForKeyboard: keyboardTop=1345, safeZoneY=1008, statusBarHeight=74, minY=74
02-12 21:48:54.295 D/KeyboardManager( 5517): adjustPositionForKeyboard: FINAL - currentY=1008, safeZoneY=1008, newY=1008, willMove=false
02-12 21:48:54.371 I/sensors-hal( 2042): handle_sns_std_sensor_event:436, [SSC_LIGHT] P: 29(29),m:13,c:2,b:33,c0:1632,l:29,f(r):83,u(bl):100,j:26
02-12 21:48:54.405 D/KeyboardManager( 5517): adjustPositionForKeyboard: screenHeight=2340, keyboardHeight=995, buttonSize=135, margin=202
02-12 21:48:54.407 D/KeyboardManager( 5517): adjustPositionForKeyboard: keyboardTop=1345, safeZoneY=1008, statusBarHeight=74, minY=74
02-12 21:48:54.407 D/KeyboardManager( 5517): adjustPositionForKeyboard: FINAL - currentY=1008, safeZoneY=1008, newY=1008, willMove=false
02-12 21:48:54.417 W/adbd    (19743): timed out while waiting for FUNCTIONFS_BIND, trying again
02-12 21:48:54.417 I/adbd    (19743): UsbFfs: connection terminated: monitor thread finished
02-12 21:48:54.454 I/adbd    (19743): opening control endpoint /dev/usb-ffs/adb/ep0
02-12 21:48:54.521 D/KeyboardManager( 5517): adjustPositionForKeyboard: screenHeight=2340, keyboardHeight=995, buttonSize=135, margin=202
02-12 21:48:54.523 D/KeyboardManager( 5517): adjustPositionForKeyboard: keyboardTop=1345, safeZoneY=1008, statusBarHeight=74, minY=74
02-12 21:48:54.523 D/KeyboardManager( 5517): adjustPositionForKeyboard: FINAL - currentY=1008, safeZoneY=1008, newY=1008, willMove=false
02-12 21:48:54.621 D/KeyboardManager( 5517): adjustPositionForKeyboard: screenHeight=2340, keyboardHeight=995, buttonSize=135, margin=202
02-12 21:48:54.623 D/KeyboardManager( 5517): adjustPositionForKeyboard: keyboardTop=1345, safeZoneY=1008, statusBarHeight=74, minY=74
02-12 21:48:54.623 D/KeyboardManager( 5517): adjustPositionForKeyboard: FINAL - currentY=1008, safeZoneY=1008, newY=1008, willMove=false
02-12 21:48:54.714 D/KeyboardManager( 5517): adjustPositionForKeyboard: screenHeight=2340, keyboardHeight=995, buttonSize=135, margin=202
02-12 21:48:54.716 D/KeyboardManager( 5517): adjustPositionForKeyboard: keyboardTop=1345, safeZoneY=1008, statusBarHeight=74, minY=74
02-12 21:48:54.716 D/KeyboardManager( 5517): adjustPositionForKeyboard: FINAL - currentY=1008, safeZoneY=1008, newY=1008, willMove=false
02-12 21:48:54.816 D/KeyboardManager( 5517): adjustPositionForKeyboard: screenHeight=2340, keyboardHeight=995, buttonSize=135, margin=202
02-12 21:48:54.827 D/KeyboardManager( 5517): adjustPositionForKeyboard: keyboardTop=1345, safeZoneY=1008, statusBarHeight=74, minY=74
02-12 21:48:54.827 D/KeyboardManager( 5517): adjustPositionForKeyboard: FINAL - currentY=1008, safeZoneY=1008, newY=1008, willMove=false
02-12 21:48:54.908 D/SemWifiSwitchForIndividualAppsService( 2494): isSkipNetworkCondition - result:2
02-12 21:48:54.911 D/KeyboardManager( 5517): adjustPositionForKeyboard: screenHeight=2340, keyboardHeight=995, buttonSize=135, margin=202
02-12 21:48:54.913 D/KeyboardManager( 5517): adjustPositionForKeyboard: keyboardTop=1345, safeZoneY=1008, statusBarHeight=74, minY=74
02-12 21:48:54.913 D/KeyboardManager( 5517): adjustPositionForKeyboard: FINAL - currentY=1008, safeZoneY=1008, newY=1008, willMove=false
02-12 21:48:54.919 E/HeatmapThread( 2212): ECT Thread time in milliseconds: 1770929334
02-12 21:48:54.920 D/HeatmapThread( 2212): !@ batteryplugType : 0
02-12 21:48:54.921 D/HeatmapThread( 2212): !@ batteryLevel : 36  batteryTemperature : 253 
02-12 21:48:54.921 D/HeatmapThread( 2212): !@ Heatmap currtime: 29515488
02-12 21:48:54.921 D/HeatmapThread( 2212): !@ Heatmap prevtime: 29515464
02-12 21:48:54.921 D/HeatmapThread( 2212): !@ Heatmap plugstarttime: 35791394
02-12 21:48:54.921 D/HeatmapThread( 2212): !@ Heatmap prevv_dsoh_update_time: 29514604
02-12 21:48:54.921 E/HeatmapThread( 2212): !@ CAM New BSOH: 100
02-12 21:48:54.950 I/system_server( 2494): Background concurrent mark compact GC freed 48MB AllocSpace bytes, 106(2676KB) LOS objects, 24% free, 144MB/192MB, paused 1.693ms,7.731ms total 430.402ms
02-12 21:48:54.974 I/NSLocationMonitor( 2494): getGPSUsingApps() called
02-12 21:48:54.975 I/NSLocationManager_FLP( 5262): getGPSUsingApps, No change
02-12 21:48:54.979 W/Binder  ( 2494): Outgoing transactions from this process must be FLAG_ONEWAY
02-12 21:48:54.979 W/Binder  ( 2494): java.lang.Throwable
02-12 21:48:54.979 W/Binder  ( 2494): 	at android.os.BinderProxy.transact(BinderProxy.java:566)
02-12 21:48:54.979 W/Binder  ( 2494): 	at android.bluetooth.IBluetoothGatt$Stub$Proxy.getAdvertisingSetUids(IBluetoothGatt.java:1678)
02-12 21:48:54.979 W/Binder  ( 2494): 	at android.bluetooth.BluetoothAdapter.getAdvertisingSetUids(BluetoothAdapter.java:8476)
02-12 21:48:54.979 W/Binder  ( 2494): 	at android.bluetooth.BluetoothAdapter.getHWUsingApps(BluetoothAdapter.java:1342)
02-12 21:48:54.979 W/Binder  ( 2494): 	at com.android.server.am.mars.filter.filter.BlueToothConnectedFilter.updateBTUsingPackages(qb/105193582 5e487efc8cb4b3937d6f2abd5bf50c3d6cb4f0ae89abff276ceca0bd626164e0:22)
02-12 21:48:54.979 W/Binder  ( 2494): 	at com.android.server.am.FreecessController.freeze(qb/105193582 5e487efc8cb4b3937d6f2abd5bf50c3d6cb4f0ae89abff276ceca0bd626164e0:117)
02-12 21:48:54.979 W/Binder  ( 2494): 	at com.android.server.am.FreecessHandler$MainHandler.handleLcdOnFreeze(qb/105193582 5e487efc8cb4b3937d6f2abd5bf50c3d6cb4f0ae89abff276ceca0bd626164e0:55)
02-12 21:48:54.979 W/Binder  ( 2494): 	at com.android.server.am.FreecessHandler$MainHandler.handleMessage(qb/105193582 5e487efc8cb4b3937d6f2abd5bf50c3d6cb4f0ae89abff276ceca0bd626164e0:793)
02-12 21:48:54.979 W/Binder  ( 2494): 	at android.os.Handler.dispatchMessage(Handler.java:110)
02-12 21:48:54.979 W/Binder  ( 2494): 	at android.os.Looper.loopOnce(Looper.java:273)
02-12 21:48:54.979 W/Binder  ( 2494): 	at android.os.Looper.loop(Looper.java:363)
02-12 21:48:54.979 W/Binder  ( 2494): 	at android.os.HandlerThread.run(HandlerThread.java:85)
02-12 21:48:54.981 W/Binder  ( 2494): Outgoing transactions from this process must be FLAG_ONEWAY
02-12 21:48:54.981 W/Binder  ( 2494): java.lang.Throwable
02-12 21:48:54.981 W/Binder  ( 2494): 	at android.os.BinderProxy.transact(BinderProxy.java:566)
02-12 21:48:54.981 W/Binder  ( 2494): 	at android.bluetooth.IBluetoothScan$Stub$Proxy.getScannerUids(IBluetoothScan.java:666)
02-12 21:48:54.981 W/Binder  ( 2494): 	at android.bluetooth.BluetoothAdapter.getScannerUids(BluetoothAdapter.java:8522)
02-12 21:48:54.981 W/Binder  ( 2494): 	at android.bluetooth.BluetoothAdapter.getHWUsingApps(BluetoothAdapter.java:1349)
02-12 21:48:54.981 W/Binder  ( 2494): 	at com.android.server.am.mars.filter.filter.BlueToothConnectedFilter.updateBTUsingPackages(qb/105193582 5e487efc8cb4b3937d6f2abd5bf50c3d6cb4f0ae89abff276ceca0bd626164e0:22)
02-12 21:48:54.981 W/Binder  ( 2494): 	at com.android.server.am.FreecessController.freeze(qb/105193582 5e487efc8cb4b3937d6f2abd5bf50c3d6cb4f0ae89abff276ceca0bd626164e0:117)
02-12 21:48:54.981 W/Binder  ( 2494): 	at com.android.server.am.FreecessHandler$MainHandler.handleLcdOnFreeze(qb/105193582 5e487efc8cb4b3937d6f2abd5bf50c3d6cb4f0ae89abff276ceca0bd626164e0:55)
02-12 21:48:54.981 W/Binder  ( 2494): 	at com.android.server.am.FreecessHandler$MainHandler.handleMessage(qb/105193582 5e487efc8cb4b3937d6f2abd5bf50c3d6cb4f0ae89abff276ceca0bd626164e0:793)
02-12 21:48:54.981 W/Binder  ( 2494): 	at android.os.Handler.dispatchMessage(Handler.java:110)
02-12 21:48:54.981 W/Binder  ( 2494): 	at android.os.Looper.loopOnce(Looper.java:273)
02-12 21:48:54.981 W/Binder  ( 2494): 	at android.os.Looper.loop(Looper.java:363)
02-12 21:48:54.981 W/Binder  ( 2494): 	at android.os.HandlerThread.run(HandlerThread.java:85)
02-12 21:48:54.985 D/FreecessHandler( 2494): freeze jp.pokemon.pokemontcgp(10555) result : 2
02-12 21:48:55.011 D/KeyboardManager( 5517): adjustPositionForKeyboard: screenHeight=2340, keyboardHeight=995, buttonSize=135, margin=202
02-12 21:48:55.013 D/KeyboardManager( 5517): adjustPositionForKeyboard: keyboardTop=1345, safeZoneY=1008, statusBarHeight=74, minY=74
02-12 21:48:55.013 D/KeyboardManager( 5517): adjustPositionForKeyboard: FINAL - currentY=1008, safeZoneY=1008, newY=1008, willMove=false
02-12 21:48:55.015 D/OverlayService( 5517): Watchdog: Drift detected! Dist=752.0, Threshold=67.5. Snapping back to anchor.
02-12 21:48:55.031 I/WindowManager( 2494): Relayout Window{f9ce0b7 u0 ch.heuscher.safe_home_button}: viewVisibility=8 req=1080x2131 ty=2038 d0
02-12 21:48:55.032 E/WindowManager( 2494): win=Window{f9ce0b7 u0 ch.heuscher.safe_home_button} destroySurfaces: appStopped=true cleanupOnResume=false win.mWindowRemovalAllowed=false win.mRemoveOnExit=false win.mViewVisibility=8 caller=com.android.server.wm.WindowManagerService.tryStartExitingAnimation:134 com.android.server.wm.WindowManagerService.relayoutWindow:1138 com.android.server.wm.Session.relayout:27 android.view.IWindowSession$Stub.onTransact:829 com.android.server.wm.Session.onTransact:1 android.os.Binder.execTransactInternal:1457 android.os.Binder.execTransact:1401 
02-12 21:48:55.033 D/SurfaceComposerClient( 2494): setCornerRadius ## e5c1805 ch.threema.app/ch.threema.app.activities.ComposeMessageActivity#29705 cornerRadius=0.000000
02-12 21:48:55.033 D/SurfaceComposerClient( 2494): setCornerRadius ## e5c1805 ch.threema.app/ch.threema.app.activities.ComposeMessageActivity#29705 cornerRadius=0.000000
02-12 21:48:55.034 I/WindowManager( 2494): Relayout hash=f9ce0b7, pid=5517, syncId=-1: mAttrs={(0,0)(fillxfill) gr=TOP LEFT CENTER sim={adjust=pan} ty=APPLICATION_OVERLAY fmt=TRANSLUCENT alpha=0.8
02-12 21:48:55.034 I/WindowManager( 2494):   fl=1000318
02-12 21:48:55.034 I/WindowManager( 2494):   bhv=1
02-12 21:48:55.034 I/WindowManager( 2494):   fitTypes=206
02-12 21:48:55.034 I/WindowManager( 2494):   frameRateBoostOnTouch=true
02-12 21:48:55.034 I/WindowManager( 2494):   dvrrWindowFrameRateHint=true naviIconColor=0}
02-12 21:48:55.038 I/VRI[]@a984125( 5517): Relayout returned: old=(0,74,1080,2205) new=(0,74,1080,2205) relayoutAsync=false req=(1080,2131)8 dur=5 res=0x2 s={false 0x0} ch=true seqId=0
02-12 21:48:55.039 D/VRI[]@a984125( 5517): Not drawing due to not visible. Reason=View.GONE
02-12 21:48:55.040 I/WindowManager( 2494): Relayout Window{bc2c387 u0 ch.heuscher.safe_home_button}: viewVisibility=0 req=135x135 ty=2038 d0
02-12 21:48:55.040 I/BLASTBufferQueue_Java( 5517): update, w= 135 h= 135 mName = VRI[]@3601014 mNativeObject= 0xb40000712cf5c000 sc.mNativeObject= 0xb4000071775a9800 format= -3 caller= android.view.ViewRootImpl.updateBlastSurfaceIfNeeded:3574 android.view.ViewRootImpl.relayoutWindow:11685 android.view.ViewRootImpl.performTraversals:4804 android.view.ViewRootImpl.doTraversal:3924 android.view.ViewRootImpl$TraversalRunnable.run:12903 android.view.Choreographer$CallbackRecord.run:1901 
02-12 21:48:55.041 D/SurfaceComposerClient( 2494): setCornerRadius ## e5c1805 ch.threema.app/ch.threema.app.activities.ComposeMessageActivity#29705 cornerRadius=0.000000
02-12 21:48:55.041 I/VRI[]@3601014( 5517): Relayout returned: old=(814,1008,949,1143) new=(814,1760,949,1895) relayoutAsync=true req=(135,135)0 dur=0 res=0x0 s={true 0xb4000071357dfc00} ch=false seqId=0
02-12 21:48:55.041 D/SurfaceComposerClient( 2494): setCornerRadius ## e5c1805 ch.threema.app/ch.threema.app.activities.ComposeMessageActivity#29705 cornerRadius=0.000000
02-12 21:48:55.042 I/VRI[]@3601014( 5517): registerCallbackForPendingTransactions
02-12 21:48:55.043 I/WindowManager( 2494): Relayout hash=bc2c387, pid=0, syncId=-1: mAttrs={(814,1760)(135x135) gr=TOP LEFT CENTER sim={adjust=pan} layoutInDisplayCutoutMode=shortEdges ty=APPLICATION_OVERLAY fmt=TRANSLUCENT
02-12 21:48:55.043 I/WindowManager( 2494):   fl=1040228
02-12 21:48:55.043 I/WindowManager( 2494):   pfl=10000000
02-12 21:48:55.043 I/WindowManager( 2494):   bhv=1
02-12 21:48:55.043 I/WindowManager( 2494):   frameRateBoostOnTouch=true
02-12 21:48:55.043 I/WindowManager( 2494):   dvrrWindowFrameRateHint=true naviIconColor=0}
02-12 21:48:55.044 I/VRI[]@3601014( 5517): mWNT: t=0xb4000070d8160d80 mBlastBufferQueue=0xb40000712cf5c000 fn= 482 HdrRenderState mRenderHdrSdrRatio=1.0 caller= android.view.ViewRootImpl$10.onFrameDraw:6536 android.view.ViewRootImpl$4.onFrameDraw:2489 android.view.ThreadedRenderer$1.onFrameDraw:718 
02-12 21:48:55.046 I/SurfaceFlinger( 2224): [LayerHierarchy{RequestedLayerState{$_5517#31321} no children}] reparent to OffscreenRoot
02-12 21:48:55.046 I/SurfaceFlinger( 2224): [LayerHierarchy{RequestedLayerState{$_5517#31321} no children}] RelativeParent to null
02-12 21:48:55.051 I/SurfaceFlinger( 2224): id=31321 Removed $_5517#31321 (278)
02-12 21:48:55.052 I/RefreshRateSelector( 2224): Can't find idle refresh rate by policy with the same mode group as the current mode {id=2, hwcId=2, resolution=1080x2340, vsyncRate=60.00 Hz, dpi=391.89x393.61, group=1080, vrrConfig=N/A, supportedHdrTypes=INVALID} (idle : 24 fps)
02-12 21:48:55.059 D/SurfaceFlinger( 2224): Display 4630947118961383299 HWC layers:
02-12 21:48:55.059 D/SurfaceFlinger( 2224):        DEVICE |           43473658970296 | 00002102 | RGBA_8888    |    0.0    0.0 1080.0 2340.0 |    0    0 1080 2340 | ch.threema.app/ch.threema.app.activities.ComposeMessageActivity$_10122#30362 (5834)
02-12 21:48:55.059 D/SurfaceFlinger( 2224):        DEVICE |           31318901523327 | 00002100 | RGBA_8888    |    0.0    0.0 1080.0 2266.0 |    0   74 1080 2340 | InputMethod$_7292#30364 (295)
02-12 21:48:55.059 D/SurfaceFlinger( 2224):        DEVICE |           23695334572042 | 00002100 | RGBA_8888    |    0.0    0.0  135.0  135.0 |  814 1008  949 1143 | $_5517#31081 (481)
02-12 21:48:55.059 D/SurfaceFlinger( 2224):        DEVICE |           19954418073729 | 00002100 | RGBA_8888    |    0.0    0.0 1080.0   74.0 |    0    0 1080   74 | StatusBar$_4646#107 (42128)
02-12 21:48:55.059 D/SurfaceFlinger( 2224):        DEVICE |           19954418073725 | 00002100 | RGBA_8888    |    0.0    0.0 1080.0  135.0 |    0 2205 1080 2340 | NavigationBar0$_4646#103 (6896)
02-12 21:48:55.059 D/SurfaceFlinger( 2224): 
02-12 21:48:55.062 I/SurfaceFlinger( 2224): destroyed $_5517#31321 form LifecycleManager
02-12 21:48:55.062 I/SurfaceFlinger( 2224): id=31321 onLayerDestroyed from LayerHierarchyBuilder(RequestedLayerState{$_5517#31321 !handle})
02-12 21:48:55.064 I/Layer   ( 2224): id=31321 Destroyed $_5517#31321
02-12 21:48:55.118 D/KeyboardManager( 5517): adjustPositionForKeyboard: screenHeight=2340, keyboardHeight=995, buttonSize=135, margin=202
02-12 21:48:55.120 D/KeyboardManager( 5517): adjustPositionForKeyboard: keyboardTop=1345, safeZoneY=1008, statusBarHeight=74, minY=74
02-12 21:48:55.120 D/KeyboardManager( 5517): adjustPositionForKeyboard: FINAL - currentY=1760, safeZoneY=1008, newY=1008, willMove=true
02-12 21:48:55.120 I/KeyboardManager( 5517): POSITION_CHANGE: reason=KEYBOARD_SHOW, pre_position=(814, 1760), post_position=(814, 1008)
02-12 21:48:55.131 I/WindowManager( 2494): Relayout Window{bc2c387 u0 ch.heuscher.safe_home_button}: viewVisibility=0 req=135x135 ty=2038 d0
02-12 21:48:55.131 I/BLASTBufferQueue_Java( 5517): update, w= 135 h= 135 mName = VRI[]@3601014 mNativeObject= 0xb40000712cf5c000 sc.mNativeObject= 0xb4000071775a9800 format= -3 caller= android.view.ViewRootImpl.updateBlastSurfaceIfNeeded:3574 android.view.ViewRootImpl.relayoutWindow:11685 android.view.ViewRootImpl.performTraversals:4804 android.view.ViewRootImpl.doTraversal:3924 android.view.ViewRootImpl$TraversalRunnable.run:12903 android.view.Choreographer$CallbackRecord.run:1901 
02-12 21:48:55.132 D/SurfaceComposerClient( 2494): setCornerRadius ## e5c1805 ch.threema.app/ch.threema.app.activities.ComposeMessageActivity#29705 cornerRadius=0.000000
02-12 21:48:55.132 I/VRI[]@3601014( 5517): Relayout returned: old=(814,1760,949,1895) new=(814,1008,949,1143) relayoutAsync=true req=(135,135)0 dur=1 res=0x0 s={true 0xb4000071357dfc00} ch=false seqId=0
02-12 21:48:55.133 D/SurfaceComposerClient( 2494): setCornerRadius ## e5c1805 ch.threema.app/ch.threema.app.activities.ComposeMessageActivity#29705 cornerRadius=0.000000
02-12 21:48:55.135 I/VRI[]@3601014( 5517): registerCallbackForPendingTransactions
02-12 21:48:55.136 I/WindowManager( 2494): Relayout hash=bc2c387, pid=0, syncId=-1: mAttrs={(814,1008)(135x135) gr=TOP LEFT CENTER sim={adjust=pan} layoutInDisplayCutoutMode=shortEdges ty=APPLICATION_OVERLAY fmt=TRANSLUCENT
02-12 21:48:55.136 I/WindowManager( 2494):   fl=1040228
02-12 21:48:55.136 I/WindowManager( 2494):   pfl=10000000
02-12 21:48:55.136 I/WindowManager( 2494):   bhv=1
02-12 21:48:55.136 I/WindowManager( 2494):   frameRateBoostOnTouch=true
02-12 21:48:55.136 I/WindowManager( 2494):   dvrrWindowFrameRateHint=true naviIconColor=0}
02-12 21:48:55.137 I/VRI[]@3601014( 5517): mWNT: t=0xb400007177537e00 mBlastBufferQueue=0xb40000712cf5c000 fn= 483 HdrRenderState mRenderHdrSdrRatio=1.0 caller= android.view.ViewRootImpl$10.onFrameDraw:6536 android.view.ViewRootImpl$4.onFrameDraw:2489 android.view.ThreadedRenderer$1.onFrameDraw:718 
02-12 21:48:55.138 I/WindowManager( 2494): Relayout Window{f9ce0b7 u0 ch.heuscher.safe_home_button}: viewVisibility=0 req=1080x2131 ty=2038 d0
02-12 21:48:55.138 I/SurfaceFlinger( 2224): id=31322 createSurf, flag=44004, $_5517#31322
02-12 21:48:55.139 D/WindowManager( 2494): makeSurface duration=0 name=$_5517
02-12 21:48:55.139 D/SurfaceComposerClient( 2494): setCornerRadius ## e5c1805 ch.threema.app/ch.threema.app.activities.ComposeMessageActivity#29705 cornerRadius=0.000000
02-12 21:48:55.140 D/SurfaceComposerClient( 2494): setCornerRadius ## e5c1805 ch.threema.app/ch.threema.app.activities.ComposeMessageActivity#29705 cornerRadius=0.000000
02-12 21:48:55.143 I/WindowManager( 2494): Relayout hash=f9ce0b7, pid=5517, syncId=-1: mAttrs={(0,0)(fillxfill) gr=TOP LEFT CENTER sim={adjust=pan} ty=APPLICATION_OVERLAY fmt=TRANSLUCENT alpha=0.8
02-12 21:48:55.143 I/WindowManager( 2494):   fl=1000318
02-12 21:48:55.143 I/WindowManager( 2494):   bhv=1
02-12 21:48:55.143 I/WindowManager( 2494):   fitTypes=206
02-12 21:48:55.143 I/WindowManager( 2494):   frameRateBoostOnTouch=true
02-12 21:48:55.143 I/WindowManager( 2494):   dvrrWindowFrameRateHint=true naviIconColor=0}
02-12 21:48:55.146 I/SurfaceFlinger( 2224): [$_5517#31322] attach to parent LayerHierarchy{RequestedLayerState{f9ce0b7 ch.heuscher.safe_home_button#31075 parentId=31074} 1 children}
02-12 21:48:55.146 W/libc    ( 5517): Access denied finding property "vendor.display.enable_optimal_refresh_rate"
02-12 21:48:55.146 I/BufferQueueProducer( 5517): [](id:158d000000f3,api:0,p:0,c:5517) setDequeueTimeout:2077252342
02-12 21:48:55.150 I/BLASTBufferQueue_Java( 5517): new BLASTBufferQueue, mName= VRI[]@a984125 mNativeObject= 0xb40000712cf27000 caller= android.view.ViewRootImpl.updateBlastSurfaceIfNeeded:3585 android.view.ViewRootImpl.relayoutWindow:11685 android.view.ViewRootImpl.performTraversals:4804 android.view.ViewRootImpl.doTraversal:3924 android.view.ViewRootImpl$TraversalRunnable.run:12903 android.view.Choreographer$CallbackRecord.run:1901 android.view.Choreographer$CallbackRecord.run:1910 android.view.Choreographer.doCallbacks:1367 android.view.Choreographer.doFrame:1292 android.view.Choreographer$FrameDisplayEventReceiver.run:1870 
02-12 21:48:55.151 I/BLASTBufferQueue_Java( 5517): update, w= 1080 h= 2131 mName = VRI[]@a984125 mNativeObject= 0xb40000712cf27000 sc.mNativeObject= 0xb40000713b4d99c0 format= -3 caller= android.view.ViewRootImpl.updateBlastSurfaceIfNeeded:3590 android.view.ViewRootImpl.relayoutWindow:11685 android.view.ViewRootImpl.performTraversals:4804 android.view.ViewRootImpl.doTraversal:3924 android.view.ViewRootImpl$TraversalRunnable.run:12903 android.view.Choreographer$CallbackRecord.run:1901 
02-12 21:48:55.152 W/libc    ( 5517): Access denied finding property "vendor.display.enable_optimal_refresh_rate"
02-12 21:48:55.154 I/VRI[]@a984125( 5517): Relayout returned: old=(0,74,1080,2205) new=(0,74,1080,2205) relayoutAsync=false req=(1080,2131)0 dur=9 res=0x3 s={true 0xb40000712cfba000} ch=true seqId=0
02-12 21:48:55.156 D/VRI[]@a984125( 5517): mThreadedRenderer.initialize() mSurface={isValid=true 0xb40000712cfba000} hwInitialized=true
02-12 21:48:55.157 D/VRI[]@a984125( 5517): reportNextDraw android.view.ViewRootImpl.performTraversals:5443 android.view.ViewRootImpl.doTraversal:3924 android.view.ViewRootImpl$TraversalRunnable.run:12903 android.view.Choreographer$CallbackRecord.run:1901 android.view.Choreographer$CallbackRecord.run:1910 
02-12 21:48:55.157 D/VRI[]@a984125( 5517): Setup new sync=wmsSync-VRI[]@a984125#86
02-12 21:48:55.157 I/VRI[]@a984125( 5517): Creating new active sync group VRI[]@a984125#87
02-12 21:48:55.158 D/VRI[]@a984125( 5517): Start draw after previous draw not visible
02-12 21:48:55.159 D/VRI[]@a984125( 5517): registerCallbacksForSync syncBuffer=false
02-12 21:48:55.159 D/VRI[]@a984125( 5517): Received frameDrawingCallback syncResult=0 frameNum=1.
02-12 21:48:55.160 I/VRI[]@a984125( 5517): mWNT: t=0xb40000717759fc00 mBlastBufferQueue=0xb40000712cf27000 fn= 1 HdrRenderState mRenderHdrSdrRatio=1.0 caller= android.view.ViewRootImpl$12.onFrameDraw:15441 android.view.ThreadedRenderer$1.onFrameDraw:718 <bottom of call stack> 
02-12 21:48:55.160 I/VRI[]@a984125( 5517): Setting up sync and frameCommitCallback
02-12 21:48:55.161 I/BLASTBufferQueue( 5517): [VRI[]@a984125#243](f:0,a:0,s:0) onFrameAvailable the first frame is available
02-12 21:48:55.161 I/SurfaceComposerClient( 5517): apply transaction with the first frame. layerId: 31322, bufferData(ID: 23695334573006, frameNumber: 1)
02-12 21:48:55.161 I/VRI[]@a984125( 5517): Received frameCommittedCallback lastAttemptedDrawFrameNum=1 didProduceBuffer=true
02-12 21:48:55.162 I/SurfaceFlinger( 2224): [$_5517#31322] setTransactionState with the first frame. bufferData(ID: 23695334573006, frameNumber: 1)
02-12 21:48:55.162 D/VRI[]@a984125( 5517): reportDrawFinished seqId=0
02-12 21:48:55.162 D/WindowManager( 2494): finishDrawingWindow: Window{f9ce0b7 u0 ch.heuscher.safe_home_button} mDrawState=DRAW_PENDING seqId=0
02-12 21:48:55.163 D/SurfaceComposerClient( 2494): setCornerRadius ## e5c1805 ch.threema.app/ch.threema.app.activities.ComposeMessageActivity#29705 cornerRadius=0.000000
02-12 21:48:55.164 V/WindowManager( 2494): performShowLocked: mDrawState=HAS_DRAWN in Window{f9ce0b7 u0 ch.heuscher.safe_home_button}
02-12 21:48:55.165 D/SurfaceComposerClient( 2494): setCornerRadius ## e5c1805 ch.threema.app/ch.threema.app.activities.ComposeMessageActivity#29705 cornerRadius=0.000000
02-12 21:48:55.195 D/KeyboardManager( 5517): adjustPositionForKeyboard: screenHeight=2340, keyboardHeight=995, buttonSize=135, margin=202
02-12 21:48:55.195 I/SurfaceFlinger( 2224): RequestedLayer [$_5517#31322] hidden!! flag  from(1) --> to(0)
02-12 21:48:55.197 D/KeyboardManager( 5517): adjustPositionForKeyboard: keyboardTop=1345, safeZoneY=1008, statusBarHeight=74, minY=74
02-12 21:48:55.197 D/KeyboardManager( 5517): adjustPositionForKeyboard: FINAL - currentY=1008, safeZoneY=1008, newY=1008, willMove=false
02-12 21:48:55.205 D/SurfaceFlinger( 2224): Display 4630947118961383299 HWC layers:
02-12 21:48:55.205 D/SurfaceFlinger( 2224):        DEVICE |           43473658970296 | 00002102 | RGBA_8888    |    0.0    0.0 1080.0 2340.0 |    0    0 1080 2340 | ch.threema.app/ch.threema.app.activities.ComposeMessageActivity$_10122#30362 (5834)
02-12 21:48:55.205 D/SurfaceFlinger( 2224):        DEVICE |           31318901523327 | 00002100 | RGBA_8888    |    0.0    0.0 1080.0 2266.0 |    0   74 1080 2340 | InputMethod$_7292#30364 (295)
02-12 21:48:55.205 D/SurfaceFlinger( 2224):        DEVICE |           23695334573006 | 00002100 | RGBA_8888    |    0.0    0.0 1080.0 2131.0 |    0   74 1080 2205 | $_5517#31322 (1)
02-12 21:48:55.205 D/SurfaceFlinger( 2224):        DEVICE |           23695334572041 | 00002100 | RGBA_8888    |    0.0    0.0  135.0  135.0 |  814 1008  949 1143 | $_5517#31081 (483)
02-12 21:48:55.205 D/SurfaceFlinger( 2224):        DEVICE |           19954418073729 | 00002100 | RGBA_8888    |    0.0    0.0 1080.0   74.0 |    0    0 1080   74 | StatusBar$_4646#107 (42128)
02-12 21:48:55.205 D/SurfaceFlinger( 2224):        DEVICE |           19954418073725 | 00002100 | RGBA_8888    |    0.0    0.0 1080.0  135.0 |    0 2205 1080 2340 | NavigationBar0$_4646#103 (6896)
02-12 21:48:55.205 D/SurfaceFlinger( 2224): 
02-12 21:48:55.327 D/KeyboardManager( 5517): adjustPositionForKeyboard: screenHeight=2340, keyboardHeight=995, buttonSize=135, margin=202
02-12 21:48:55.329 D/KeyboardManager( 5517): adjustPositionForKeyboard: keyboardTop=1345, safeZoneY=1008, statusBarHeight=74, minY=74
02-12 21:48:55.329 D/KeyboardManager( 5517): adjustPositionForKeyboard: FINAL - currentY=1008, safeZoneY=1008, newY=1008, willMove=false
02-12 21:48:55.401 D/KeyboardManager( 5517): adjustPositionForKeyboard: screenHeight=2340, keyboardHeight=995, buttonSize=135, margin=202
02-12 21:48:55.403 D/KeyboardManager( 5517): adjustPositionForKeyboard: keyboardTop=1345, safeZoneY=1008, statusBarHeight=74, minY=74
02-12 21:48:55.403 D/KeyboardManager( 5517): adjustPositionForKeyboard: FINAL - currentY=1008, safeZoneY=1008, newY=1008, willMove=false
02-12 21:48:55.458 W/adbd    (19743): timed out while waiting for FUNCTIONFS_BIND, trying again
02-12 21:48:55.458 I/adbd    (19743): UsbFfs: connection terminated: monitor thread finished
02-12 21:48:55.482 I/adbd    (19743): opening control endpoint /dev/usb-ffs/adb/ep0
02-12 21:48:55.537 D/KeyboardManager( 5517): adjustPositionForKeyboard: screenHeight=2340, keyboardHeight=995, buttonSize=135, margin=202
02-12 21:48:55.539 D/KeyboardManager( 5517): adjustPositionForKeyboard: keyboardTop=1345, safeZoneY=1008, statusBarHeight=74, minY=74
02-12 21:48:55.539 D/KeyboardManager( 5517): adjustPositionForKeyboard: FINAL - currentY=1008, safeZoneY=1008, newY=1008, willMove=false
02-12 21:48:55.603 D/KeyboardManager( 5517): adjustPositionForKeyboard: screenHeight=2340, keyboardHeight=995, buttonSize=135, margin=202
02-12 21:48:55.604 D/KeyboardManager( 5517): adjustPositionForKeyboard: keyboardTop=1345, safeZoneY=1008, statusBarHeight=74, minY=74
02-12 21:48:55.605 D/KeyboardManager( 5517): adjustPositionForKeyboard: FINAL - currentY=1008, safeZoneY=1008, newY=1008, willMove=false
02-12 21:48:55.639 D/WBX_TEAMS(27295): [OpenFiles] OpenFileWatcher.kt::36 invokeSuspend:192 files are open
02-12 21:48:55.655 D/SatelliteController( 4895): isInCarrierRoamingNbIotNtn: satellite is disabled
02-12 21:48:55.659 W/AccessibilityManagerService( 2494):  wait for adding window timeout: 2441
02-12 21:48:55.659 I/EPDG -- SIM0 [SMARTCELLULAR]( 5493): onSignalStrengthsChanged: SignalStrength:{mCdma=Invalid,mGsm=Invalid,mWcdma=Invalid,mTdscdma=Invalid,mLte=CellSignalStrengthLte: rssi=-69 rsrp=-100 rsrq=-15 rssnr=-2 cqiTableIndex=2147483647 cqi=2147483647 ta=2147483647 level=3 parametersUseForLevel=0,mNr=Invalid,SignalBarInfo{ lteLevel=3 },rat=14,primary=CellSignalStrengthLte}
02-12 21:48:55.660 I/EPDG -- SIM0 [SMARTCELLULAR]( 5493): lastLteRSRP is -102 currentLteRSRP is -100 lastLteRSRQ is -14 currentLteRSRQ is -15 lastLteSNR is -2 currentLteSNR is -2
02-12 21:48:55.663 D/MobileSignalTransitionManager( 4646): updateSignalTransition
02-12 21:48:55.666 I/HoneySpace.StatusIconTracker( 5093): invokeEvent() called with: event = Mobile(bundle=Bundle[mParcelledData.dataSize=256])
02-12 21:48:55.704 D/KeyboardManager( 5517): adjustPositionForKeyboard: screenHeight=2340, keyboardHeight=995, buttonSize=135, margin=202
02-12 21:48:55.706 D/KeyboardManager( 5517): adjustPositionForKeyboard: keyboardTop=1345, safeZoneY=1008, statusBarHeight=74, minY=74
02-12 21:48:55.706 D/KeyboardManager( 5517): adjustPositionForKeyboard: FINAL - currentY=1008, safeZoneY=1008, newY=1008, willMove=false
02-12 21:48:55.761 D/BackHomeAccessibilityService( 5517): Window state changed: class=android.view.View, package=ch.heuscher.safe_home_button, isKeyboard=false
02-12 21:48:55.823 D/KeyboardManager( 5517): adjustPositionForKeyboard: screenHeight=2340, keyboardHeight=995, buttonSize=135, margin=202
02-12 21:48:55.825 D/KeyboardManager( 5517): adjustPositionForKeyboard: keyboardTop=1345, safeZoneY=1008, statusBarHeight=74, minY=74
02-12 21:48:55.825 D/KeyboardManager( 5517): adjustPositionForKeyboard: FINAL - currentY=1008, safeZoneY=1008, newY=1008, willMove=false
02-12 21:48:55.904 D/KeyboardManager( 5517): adjustPositionForKeyboard: screenHeight=2340, keyboardHeight=995, buttonSize=135, margin=202
02-12 21:48:55.905 D/KeyboardManager( 5517): adjustPositionForKeyboard: keyboardTop=1345, safeZoneY=1008, statusBarHeight=74, minY=74
02-12 21:48:55.905 D/KeyboardManager( 5517): adjustPositionForKeyboard: FINAL - currentY=1008, safeZoneY=1008, newY=1008, willMove=false
02-12 21:48:55.911 I/shsusrd ( 2571): shsusr_check_cpu_usage(): Output of /proc/2571/stat/ : 2571 (shsusrd0) S 1 2571 0 0 -1 1077936384 3248391 0 12639 0 11516 49974 0 0 20 0 11 0 2163 2500468736 563 18446744073709551615 418880909312 418881167768 549558082960 0 0 0 0 0 1073794810 0 0 0 17 3 0 0 0 0 0 418881190848 418881191784 419211120640 549558085709 549558085752 549558085752 549558091741 0
02-12 21:48:55.911 I/shsusrd ( 2571): 
02-12 21:48:55.912 I/shsusrd ( 2571): shsusr_check_cpu_usage(): utime 11516 stime 49974 cpu_time_last 61488
02-12 21:48:55.912 I/shsusrd ( 2571): shsusr_check_cpu_usage(): user time = 11516 | system time = 49974 | total = 61490 | cpu_time_delta = 2, clk_tck 100
02-12 21:48:55.912 I/shsusrd ( 2571): shsusr_check_cpu_usage(): time_cur 1770929335 time_last 1770929325
02-12 21:48:55.912 I/shsusrd ( 2571): shsusr_check_cpu_usage(): shsusrd is using 0 pct of CPU - time_delta 10
02-12 21:48:55.912 I/shsusrd ( 2571): shsusr_check_cpu_usage(): shsusrd usage 0
02-12 21:48:55.912 I/shsusrd ( 2571): shsusr_check_cpu_usage_combined(): time_delta for combined : 10 time_cur 1770929335 time_last_combined 1770929325
