02-12 21:49:11.891 D/KeyboardManager( 5517): adjustPositionForKeyboard: keyboardTop=1345, safeZoneY=1008, statusBarHeight=74, minY=74
02-12 21:49:11.891 D/KeyboardManager( 5517): adjustPositionForKeyboard: FINAL - currentY=1008, safeZoneY=1008, newY=1008, willMove=false
02-12 21:49:11.919 E/HeatmapThread( 2212): ECT Thread time in milliseconds: 1770929351
02-12 21:49:11.926 D/HeatmapThread( 2212): !@ batteryplugType : 0
02-12 21:49:11.926 D/HeatmapThread( 2212): !@ batteryLevel : 36  batteryTemperature : 253 
02-12 21:49:11.926 D/HeatmapThread( 2212): !@ Heatmap currtime: 29515489
02-12 21:49:11.926 D/HeatmapThread( 2212): !@ Heatmap prevtime: 29515464
02-12 21:49:11.926 D/HeatmapThread( 2212): !@ Heatmap plugstarttime: 35791394
02-12 21:49:11.926 D/HeatmapThread( 2212): !@ Heatmap prevv_dsoh_update_time: 29514604
02-12 21:49:11.926 E/HeatmapThread( 2212): !@ CAM New BSOH: 100
02-12 21:49:11.965 D/KeyboardManager( 5517): adjustPositionForKeyboard: screenHeight=2340, keyboardHeight=995, buttonSize=135, margin=202
02-12 21:49:11.966 D/KeyboardManager( 5517): adjustPositionForKeyboard: keyboardTop=1345, safeZoneY=1008, statusBarHeight=74, minY=74
02-12 21:49:11.966 D/KeyboardManager( 5517): adjustPositionForKeyboard: FINAL - currentY=1008, safeZoneY=1008, newY=1008, willMove=false
02-12 21:49:12.035 W/adbd    (19743): timed out while waiting for FUNCTIONFS_BIND, trying again
02-12 21:49:12.035 I/adbd    (19743): UsbFfs: connection terminated: monitor thread finished
02-12 21:49:12.070 I/adbd    (19743): opening control endpoint /dev/usb-ffs/adb/ep0
02-12 21:49:12.090 D/KeyboardManager( 5517): adjustPositionForKeyboard: screenHeight=2340, keyboardHeight=995, buttonSize=135, margin=202
02-12 21:49:12.092 D/KeyboardManager( 5517): adjustPositionForKeyboard: keyboardTop=1345, safeZoneY=1008, statusBarHeight=74, minY=74
02-12 21:49:12.092 D/KeyboardManager( 5517): adjustPositionForKeyboard: FINAL - currentY=1008, safeZoneY=1008, newY=1008, willMove=false
02-12 21:49:12.194 D/KeyboardManager( 5517): adjustPositionForKeyboard: screenHeight=2340, keyboardHeight=995, buttonSize=135, margin=202
02-12 21:49:12.196 D/KeyboardManager( 5517): adjustPositionForKeyboard: keyboardTop=1345, safeZoneY=1008, statusBarHeight=74, minY=74
02-12 21:49:12.196 D/KeyboardManager( 5517): adjustPositionForKeyboard: FINAL - currentY=1008, safeZoneY=1008, newY=1008, willMove=false
02-12 21:49:12.198 D/SemWifiSwitchForIndividualAppsService( 2494): isSkipNetworkCondition - result:2
02-12 21:49:12.266 D/KeyboardManager( 5517): adjustPositionForKeyboard: screenHeight=2340, keyboardHeight=995, buttonSize=135, margin=202
02-12 21:49:12.267 D/KeyboardManager( 5517): adjustPositionForKeyboard: keyboardTop=1345, safeZoneY=1008, statusBarHeight=74, minY=74
02-12 21:49:12.268 D/KeyboardManager( 5517): adjustPositionForKeyboard: FINAL - currentY=1008, safeZoneY=1008, newY=1008, willMove=false
02-12 21:49:12.396 D/KeyboardManager( 5517): adjustPositionForKeyboard: screenHeight=2340, keyboardHeight=995, buttonSize=135, margin=202
02-12 21:49:12.398 D/KeyboardManager( 5517): adjustPositionForKeyboard: keyboardTop=1345, safeZoneY=1008, statusBarHeight=74, minY=74
02-12 21:49:12.398 D/KeyboardManager( 5517): adjustPositionForKeyboard: FINAL - currentY=1008, safeZoneY=1008, newY=1008, willMove=false
02-12 21:49:12.412 I/adbd    (19743): New TLS connection [fd=32]
02-12 21:49:12.413 I/adbd    (19743): host-32: read thread spawning
02-12 21:49:12.413 I/adbd    (19743): host-32: read failed: Success
02-12 21:49:12.413 I/adbd    (19743): host-32: connection terminated: read failed
02-12 21:49:12.414 I/adbd    (19743): BlockingConnectionAdapter(host-32): stopping
02-12 21:49:12.414 I/adbd    (19743): host-32: write thread spawning
02-12 21:49:12.415 I/adbd    (19743): BlockingConnectionAdapter(host-32): stopped
02-12 21:49:12.416 I/adbd    (19743): BlockingConnectionAdapter(host-32): destructing
02-12 21:49:12.416 I/adbd    (19743): BlockingConnectionAdapter(host-32): already stopped
02-12 21:49:12.424 I/adbd    (19743): New TLS connection [fd=32]
02-12 21:49:12.425 I/adbd    (19743): host-32: read thread spawning
02-12 21:49:12.425 I/adbd    (19743): host-32: read failed: Success
02-12 21:49:12.425 I/adbd    (19743): host-32: connection terminated: read failed
02-12 21:49:12.426 I/adbd    (19743): host-32: write thread spawning
02-12 21:49:12.426 I/adbd    (19743): BlockingConnectionAdapter(host-32): stopping
02-12 21:49:12.428 I/adbd    (19743): BlockingConnectionAdapter(host-32): stopped
02-12 21:49:12.428 I/adbd    (19743): BlockingConnectionAdapter(host-32): destructing
02-12 21:49:12.428 I/adbd    (19743): BlockingConnectionAdapter(host-32): already stopped
02-12 21:49:12.430 I/adbd    (19743): host-30: Received STLS packet. Stopping read thread.
02-12 21:49:12.430 I/adbd    (19743): New TLS connection [fd=32]
02-12 21:49:12.431 I/adbd    (19743): host-32: read thread spawning
02-12 21:49:12.432 I/adbd    (19743): host-32: read failed: Success
02-12 21:49:12.432 I/adbd    (19743): host-32: connection terminated: read failed
02-12 21:49:12.432 I/adbd    (19743): BlockingConnectionAdapter(host-32): stopping
02-12 21:49:12.432 I/adbd    (19743): host-32: write thread spawning
02-12 21:49:12.433 I/adbd    (19743): BlockingConnectionAdapter(host-32): stopped
02-12 21:49:12.433 I/adbd    (19743): BlockingConnectionAdapter(host-32): destructing
02-12 21:49:12.433 I/adbd    (19743): BlockingConnectionAdapter(host-32): already stopped
02-12 21:49:12.447 I/adbd    (19743): [server]: Initializing adbwifi TlsConnection
02-12 21:49:12.450 I/adbd    (19743): adbd_auth: loading keys from /data/misc/adb/adb_keys
02-12 21:49:12.451 I/adbd    (19743): fingerprint=[09A9380533350D41EFA1A5D0F9F47BFCF0ACF957B0649105A0983873FBF759AF]
02-12 21:49:12.451 E/adbd    (19743): Invalid base64 key 
02-12 21:49:12.451 I/adbd    (19743): [server]: Starting adbwifi tls handshake
02-12 21:49:12.489 I/adbd    (19743): adbd_auth: loading keys from /data/misc/adb/adb_keys
02-12 21:49:12.489 D/KeyboardManager( 5517): adjustPositionForKeyboard: screenHeight=2340, keyboardHeight=995, buttonSize=135, margin=202
02-12 21:49:12.490 I/adbd    (19743): [server]: Handshake succeeded.
02-12 21:49:12.491 D/KeyboardManager( 5517): adjustPositionForKeyboard: keyboardTop=1345, safeZoneY=1008, statusBarHeight=74, minY=74
02-12 21:49:12.491 D/KeyboardManager( 5517): adjustPositionForKeyboard: FINAL - currentY=1008, safeZoneY=1008, newY=1008, willMove=false
02-12 21:49:12.491 I/adbd    (19743): adbd_wifi_secure_connect: connected host-30
02-12 21:49:12.491 I/adbd    (19743): host-30: read thread spawning
02-12 21:49:12.491 I/adbd    (19743): adbd_auth: marking framework writable
02-12 21:49:12.493 D/AdbDebuggingManager( 2494): Received WIFI TLS connected key message: QAAAAAM4WsNVzbv+6p4HOXeCSpgcc3tkv8L+pyqkm0/nKlUb9mlZwruUH5zBhkdZki87NbdTTM/zOyi+EfU3XjoxMMAmISk+QqDWUfY2mgd3joteb+HDOH6UsTfMdEFAgEgTKd7vcNRBUNt8PPrlrsFKV/5O8Nzv4NLywfcv1Woq0Uvga8EB07yulOgZ5e4rMpSKUTBQ/oMBeyWkmbZaiyd2LmhS5cYyrDxYtIIkDWzpKvGjDD6nQ4iWGoqaji10BLBCoK4y2xEEqXUypee7saKnkeRDawIO1QUM9fHQUj+NPRJB8F8Jrwz1OsY/pmusuHdbz3oIPkA71k9N95Rky/x+jltxiMSjyZ2tsJGwZxEUL3icezwLXFtlGauXiNhKldqP8xvoRQpbrh+rFIu/LKHblsWpczVJiJdbYXX0M7ehVL668cVT0a7LW7lA7US48bIqWqVs7Mvwd4+A17ezkby3blWmTWyDMJUKKD+7SID11lucx1fPXInqxQIuAwgdi7avsssJZmrGLht6uGhJBTH/VzGbecoV77bHSA9QH6Zxd8rvXGs9v0Ks2hEjuM/b/VW0jZ0UM83bSsvj6wTqdh+ePYWqtbztYcI4jXAmJpexlFOXS4jxpmLmZ2jIg0byUgfhgCk4cCw6IdVyZAuNz6y4NYgaQtz5mPkJjWzppy8ct6SVuFMWjQEAAQA= steph@S
02-12 21:49:12.497 I/NotificationManager( 2494): android: notify(62, null, Notification(channel=DEVELOPER_IMPORTANT shortcut=null contentView=null vibrate=null sound=null tick defaults=0 flags=ONGOING_EVENT color=0xff888fa2 vis=PUBLIC semFlags=0x0 semPriority=0 semMissedCount=0)) as user
02-12 21:49:12.504 W/PermissionService( 2494): getPermissionFlags: Unknown user -1
02-12 21:49:12.504 W/PermissionService( 2494): getPermissionFlags: Unknown user -1
02-12 21:49:12.590 D/KeyboardManager( 5517): adjustPositionForKeyboard: screenHeight=2340, keyboardHeight=995, buttonSize=135, margin=202
02-12 21:49:12.592 D/KeyboardManager( 5517): adjustPositionForKeyboard: keyboardTop=1345, safeZoneY=1008, statusBarHeight=74, minY=74
02-12 21:49:12.592 D/KeyboardManager( 5517): adjustPositionForKeyboard: FINAL - currentY=1008, safeZoneY=1008, newY=1008, willMove=false
02-12 21:49:12.677 D/KeyboardManager( 5517): adjustPositionForKeyboard: screenHeight=2340, keyboardHeight=995, buttonSize=135, margin=202
02-12 21:49:12.677 D/KeyboardManager( 5517): adjustPositionForKeyboard: keyboardTop=1345, safeZoneY=1008, statusBarHeight=74, minY=74
02-12 21:49:12.677 D/KeyboardManager( 5517): adjustPositionForKeyboard: FINAL - currentY=1008, safeZoneY=1008, newY=1008, willMove=false
